Jul 16 05:56:52 ubuntu systemd[1]: unattended-upgrades.service: Deactivated successfully.
Jul 16 05:56:52 ubuntu systemd[1]: Stopped Unattended Upgrades Shutdown.
Jul 16 05:56:52 ubuntu systemd[1]: Stopping Session 1 of User root...
Jul 16 05:56:52 ubuntu systemd[1]: Removed slice Slice /system/modprobe.
Jul 16 05:56:52 ubuntu systemd[1]: Stopped target Cloud-init target.
Jul 16 05:56:52 ubuntu systemd[1]: Stopped target Graphical Interface.
Jul 16 05:56:52 ubuntu systemd[1]: Stopped target Host and Network Name Lookups.
Jul 16 05:56:52 ubuntu systemd[1]: Stopped target Timer Units.
Jul 16 05:56:52 ubuntu systemd[1]: apt-daily-upgrade.timer: Deactivated successfully.
Jul 16 05:56:52 ubuntu systemd[1]: Stopped Daily apt upgrade and clean activities.
Jul 16 05:56:52 ubuntu systemd[1]: apt-daily.timer: Deactivated successfully.
Jul 16 05:56:52 ubuntu systemd[1]: Stopped Daily apt download activities.
Jul 16 05:56:52 ubuntu systemd[1]: dpkg-db-backup.timer: Deactivated successfully.
Jul 16 05:56:52 ubuntu systemd[1]: Stopped Daily dpkg database backup timer.
Jul 16 05:56:52 ubuntu systemd[1]: e2scrub_all.timer: Deactivated successfully.
Jul 16 05:56:52 ubuntu systemd[1]: Stopped Periodic ext4 Online Metadata Check for All Filesystems.
Jul 16 05:56:52 ubuntu systemd[1]: fstrim.timer: Deactivated successfully.
Jul 16 05:56:52 ubuntu systemd[1]: Stopped Discard unused blocks once a week.
Jul 16 05:56:52 ubuntu systemd[1]: logrotate.timer: Deactivated successfully.
Jul 16 05:56:52 ubuntu systemd[1]: Stopped Daily rotation of log files.
Jul 16 05:56:52 ubuntu systemd[1]: man-db.timer: Deactivated successfully.
Jul 16 05:56:52 ubuntu systemd[1]: Stopped Daily man-db regeneration.
Jul 16 05:56:52 ubuntu systemd[1]: motd-news.timer: Deactivated successfully.
Jul 16 05:56:52 ubuntu systemd[1]: Stopped Message of the Day.
Jul 16 05:56:52 ubuntu systemd[1]: systemd-tmpfiles-clean.timer: Deactivated successfully.
Jul 16 05:56:52 ubuntu systemd[1]: Stopped Daily Cleanup of Temporary Directories.
Jul 16 05:56:52 ubuntu systemd[1]: update-notifier-download.timer: Deactivated successfully.
Jul 16 05:56:52 ubuntu systemd[1]: Stopped Download data for packages that failed at package install time.
Jul 16 05:56:52 ubuntu systemd[1]: update-notifier-motd.timer: Deactivated successfully.
Jul 16 05:56:52 ubuntu systemd[1]: Stopped Check to see whether there is a new version of Ubuntu available.
Jul 16 05:56:52 ubuntu systemd[1]: lvm2-lvmpolld.socket: Deactivated successfully.
Jul 16 05:56:52 ubuntu systemd[1]: Closed LVM2 poll daemon socket.
Jul 16 05:56:52 ubuntu systemd[1]: systemd-rfkill.socket: Deactivated successfully.
Jul 16 05:56:52 ubuntu systemd[1]: Closed Load/Save RF Kill Switch Status /dev/rfkill Watch.
Jul 16 05:56:52 ubuntu systemd[1]: Stopping Availability of block devices...
Jul 16 05:56:52 ubuntu systemd[1]: cloud-final.service: Deactivated successfully.
Jul 16 05:56:52 ubuntu systemd[1]: Stopped Execute cloud user/final scripts.
Jul 16 05:56:52 ubuntu systemd[1]: Stopped target Multi-User System.
Jul 16 05:56:52 ubuntu systemd[1]: Stopped target Login Prompts.
Jul 16 05:56:52 ubuntu systemd[1]: Stopping LSB: automatic crash report generation...
Jul 16 05:56:52 ubuntu systemd[1]: cloud-config.service: Deactivated successfully.
Jul 16 05:56:52 ubuntu systemd[1]: Stopped Apply the settings specified in cloud-config.
Jul 16 05:56:52 ubuntu systemd[1]: cloud-config.service: Consumed 2.130s CPU time.
Jul 16 05:56:52 ubuntu systemd[1]: Stopped target Cloud-config availability.
Jul 16 05:56:52 ubuntu systemd[1]: Stopped target Network is Online.
Jul 16 05:56:52 ubuntu systemd[1]: Stopping Regular background program processing daemon...
Jul 16 05:56:52 ubuntu blkdeactivate[39155]: Deactivating block devices:
Jul 16 05:56:52 ubuntu systemd[1]: Stopping Create final runtime dir for shutdown pivot root...
Jul 16 05:56:52 ubuntu systemd[1]: Stopping Getty on tty1...
Jul 16 05:56:52 ubuntu systemd[1]: Stopping Dispatcher daemon for systemd-networkd...
Jul 16 05:56:52 ubuntu systemd[1]: Stopping PackageKit Daemon...
Jul 16 05:56:52 ubuntu systemd[1]: plymouth-quit.service: Deactivated successfully.
Jul 16 05:56:52 ubuntu systemd[1]: Stopped Terminate Plymouth Boot Screen.
Jul 16 05:56:52 ubuntu systemd[1]: Stopping Authorization Manager...
Aug  1 20:03:25 test-cx22-pool-small-static-worker1 systemd[1]: Mounted POSIX Message Queue File System.
Aug  1 20:03:25 test-cx22-pool-small-static-worker1 kernel: [    0.000000] Linux version 5.15.0-116-generic (buildd@lcy02-amd64-015) (gcc (Ubuntu 11.4.0-1ubuntu1~22.04) 11.4.0, GNU ld (GNU Binutils for Ubuntu) 2.38) #126-Ubuntu SMP Mon Jul 1 10:14:24 UTC 2024 (Ubuntu 5.15.0-116.126-generic 5.15.158)
Aug  1 20:03:25 test-cx22-pool-small-static-worker1 systemd[1]: Mounted Kernel Debug File System.
Aug  1 20:03:25 test-cx22-pool-small-static-worker1 systemd[1]: Mounted Kernel Trace File System.
Aug  1 20:03:25 test-cx22-pool-small-static-worker1 systemd[1]: Finished Create List of Static Device Nodes.
Aug  1 20:03:25 test-cx22-pool-small-static-worker1 systemd[1]: Finished Monitoring of LVM2 mirrors, snapshots etc. using dmeventd or progress polling.
Aug  1 20:03:25 test-cx22-pool-small-static-worker1 systemd[1]: modprobe@configfs.service: Deactivated successfully.
Aug  1 20:03:25 test-cx22-pool-small-static-worker1 systemd[1]: Finished Load Kernel Module configfs.
Aug  1 20:03:25 test-cx22-pool-small-static-worker1 systemd[1]: modprobe@drm.service: Deactivated successfully.
Aug  1 20:03:25 test-cx22-pool-small-static-worker1 systemd[1]: Finished Load Kernel Module drm.
Aug  1 20:03:25 test-cx22-pool-small-static-worker1 systemd[1]: modprobe@efi_pstore.service: Deactivated successfully.
Aug  1 20:03:25 test-cx22-pool-small-static-worker1 systemd[1]: Finished Load Kernel Module efi_pstore.
Aug  1 20:03:25 test-cx22-pool-small-static-worker1 systemd[1]: modprobe@fuse.service: Deactivated successfully.
Aug  1 20:03:25 test-cx22-pool-small-static-worker1 systemd[1]: Finished Load Kernel Module fuse.
Aug  1 20:03:25 test-cx22-pool-small-static-worker1 systemd[1]: Finished Load Kernel Modules.
Aug  1 20:03:25 test-cx22-pool-small-static-worker1 systemd[1]: Finished Remount Root and Kernel File Systems.
Aug  1 20:03:25 test-cx22-pool-small-static-worker1 systemd[1]: Mounting FUSE Control File System...
Aug  1 20:03:25 test-cx22-pool-small-static-worker1 systemd[1]: Mounting Kernel Configuration File System...
Aug  1 20:03:25 test-cx22-pool-small-static-worker1 systemd[1]: Starting Device-Mapper Multipath Device Controller...
Aug  1 20:03:25 test-cx22-pool-small-static-worker1 systemd[1]: Starting Flush Journal to Persistent Storage...
Aug  1 20:03:25 test-cx22-pool-small-static-worker1 systemd[1]: Condition check resulted in Platform Persistent Storage Archival being skipped.
Aug  1 20:03:25 test-cx22-pool-small-static-worker1 systemd[1]: Starting Load/Save Random Seed...
Aug  1 20:03:25 test-cx22-pool-small-static-worker1 systemd[1]: Starting Apply Kernel Variables...
Aug  1 20:03:25 test-cx22-pool-small-static-worker1 systemd[1]: Starting Create System Users...
Aug  1 20:03:25 test-cx22-pool-small-static-worker1 systemd[1]: Finished Set the console keyboard layout.
Aug  1 20:03:25 test-cx22-pool-small-static-worker1 systemd[1]: Mounted FUSE Control File System.
Aug  1 20:03:25 test-cx22-pool-small-static-worker1 systemd[1]: Mounted Kernel Configuration File System.
Aug  1 20:03:25 test-cx22-pool-small-static-worker1 systemd[1]: Finished Flush Journal to Persistent Storage.
Aug  1 20:03:25 test-cx22-pool-small-static-worker1 systemd[1]: Finished Load/Save Random Seed.
Aug  1 20:03:25 test-cx22-pool-small-static-worker1 systemd[1]: Finished Apply Kernel Variables.
Aug  1 20:03:25 test-cx22-pool-small-static-worker1 systemd[1]: Finished Create System Users.
Aug  1 20:03:25 test-cx22-pool-small-static-worker1 systemd[1]: Condition check resulted in First Boot Complete being skipped.
Aug  1 20:03:25 test-cx22-pool-small-static-worker1 systemd[1]: Starting Create Static Device Nodes in /dev...
Aug  1 20:03:25 test-cx22-pool-small-static-worker1 systemd[1]: Finished Create Static Device Nodes in /dev.
Aug  1 20:03:25 test-cx22-pool-small-static-worker1 systemd[1]: Starting Rule-based Manager for Device Events and Files...
Aug  1 20:03:25 test-cx22-pool-small-static-worker1 multipathd[435]: --------start up--------
Aug  1 20:03:25 test-cx22-pool-small-static-worker1 multipathd[435]: read /etc/multipath.conf
Aug  1 20:03:25 test-cx22-pool-small-static-worker1 multipathd[435]: path checkers start up
Aug  1 20:03:25 test-cx22-pool-small-static-worker1 systemd[1]: Started Device-Mapper Multipath Device Controller.
Aug  1 20:03:25 test-cx22-pool-small-static-worker1 systemd[1]: Reached target Preparation for Local File Systems.
Aug  1 20:03:25 test-cx22-pool-small-static-worker1 systemd[1]: Finished Coldplug All udev Devices.
Aug  1 20:03:25 test-cx22-pool-small-static-worker1 systemd[1]: Started Rule-based Manager for Device Events and Files.
Aug  1 20:03:25 test-cx22-pool-small-static-worker1 systemd[1]: Condition check resulted in Show Plymouth Boot Screen being skipped.
Aug  1 20:03:25 test-cx22-pool-small-static-worker1 systemd[1]: Started Dispatch Password Requests to Console Directory Watch.
Aug  1 20:03:25 test-cx22-pool-small-static-worker1 systemd[1]: Condition check resulted in Forward Password Requests to Plymouth Directory Watch being skipped.
Aug  1 20:03:25 test-cx22-pool-small-static-worker1 systemd[1]: Reached target Local Encrypted Volumes.
Aug  1 20:03:25 test-cx22-pool-small-static-worker1 systemd-udevd[459]: Using default interface naming scheme 'v249'.
Aug  1 20:03:25 test-cx22-pool-small-static-worker1 systemd[1]: Starting Load Kernel Module efi_pstore...
Aug  1 20:03:25 test-cx22-pool-small-static-worker1 systemd[1]: Condition check resulted in OpenVSwitch configuration for cleanup being skipped.
Aug  1 20:03:25 test-cx22-pool-small-static-worker1 systemd[1]: Condition check resulted in Show Plymouth Boot Screen being skipped.
Aug  1 20:03:25 test-cx22-pool-small-static-worker1 systemd[1]: Condition check resulted in Forward Password Requests to Plymouth Directory Watch being skipped.
Aug  1 20:03:25 test-cx22-pool-small-static-worker1 systemd[1]: Condition check resulted in File System Check on Root Device being skipped.
Aug  1 20:03:25 test-cx22-pool-small-static-worker1 systemd[1]: modprobe@efi_pstore.service: Deactivated successfully.
Aug  1 20:03:25 test-cx22-pool-small-static-worker1 systemd[1]: Finished Load Kernel Module efi_pstore.
Aug  1 20:03:25 test-cx22-pool-small-static-worker1 systemd[1]: Condition check resulted in Platform Persistent Storage Archival being skipped.
Aug  1 20:03:25 test-cx22-pool-small-static-worker1 systemd-udevd[454]: Using default interface naming scheme 'v249'.
Aug  1 20:03:25 test-cx22-pool-small-static-worker1 systemd[1]: Created slice Slice /system/hc-net-ifup.
Aug  1 20:03:25 test-cx22-pool-small-static-worker1 systemd[1]: Starting Load Kernel Module efi_pstore...
Aug  1 20:03:25 test-cx22-pool-small-static-worker1 systemd[1]: Condition check resulted in OpenVSwitch configuration for cleanup being skipped.
Aug  1 20:03:25 test-cx22-pool-small-static-worker1 systemd[1]: Condition check resulted in Show Plymouth Boot Screen being skipped.
Aug  1 20:03:25 test-cx22-pool-small-static-worker1 systemd[1]: Condition check resulted in Forward Password Requests to Plymouth Directory Watch being skipped.
Aug  1 20:03:25 test-cx22-pool-small-static-worker1 systemd[1]: Condition check resulted in File System Check on Root Device being skipped.
Aug  1 20:03:25 test-cx22-pool-small-static-worker1 systemd[1]: modprobe@efi_pstore.service: Deactivated successfully.
Aug  1 20:03:25 test-cx22-pool-small-static-worker1 systemd[1]: Finished Load Kernel Module efi_pstore.
Aug  1 20:03:25 test-cx22-pool-small-static-worker1 kernel: [    0.000000] Command line: BOOT_IMAGE=/boot/vmlinuz-5.15.0-116-generic root=UUID=77a90bab-9a6f-4cf0-8493-7db518b9214a ro consoleblank=0 systemd.show_status=true console=tty1 console=ttyS0
Aug  1 20:03:25 test-cx22-pool-small-static-worker1 kernel: [    0.000000] KERNEL supported cpus:
Aug  1 20:03:25 test-cx22-pool-small-static-worker1 kernel: [    0.000000]   Intel GenuineIntel
Aug  1 20:03:25 test-cx22-pool-small-static-worker1 kernel: [    0.000000]   AMD AuthenticAMD
Aug  1 20:03:25 test-cx22-pool-small-static-worker1 systemd[1]: Condition check resulted in Platform Persistent Storage Archival being skipped.
Aug  1 20:03:25 test-cx22-pool-small-static-worker1 kernel: [    0.000000]   Hygon HygonGenuine
Aug  1 20:03:25 test-cx22-pool-small-static-worker1 kernel: [    0.000000]   Centaur CentaurHauls
Aug  1 20:03:25 test-cx22-pool-small-static-worker1 kernel: [    0.000000]   zhaoxin   Shanghai  
Aug  1 20:03:25 test-cx22-pool-small-static-worker1 kernel: [    0.000000] BIOS-provided physical RAM map:
Aug  1 20:03:25 test-cx22-pool-small-static-worker1 kernel: [    0.000000] BIOS-e820: [mem 0x0000000000000000-0x000000000009fbff] usable
Aug  1 20:03:25 test-cx22-pool-small-static-worker1 kernel: [    0.000000] BIOS-e820: [mem 0x000000000009fc00-0x000000000009ffff] reserved
Aug  1 20:03:25 test-cx22-pool-small-static-worker1 kernel: [    0.000000] BIOS-e820: [mem 0x00000000000f0000-0x00000000000fffff] reserved
Aug  1 20:03:25 test-cx22-pool-small-static-worker1 kernel: [    0.000000] BIOS-e820: [mem 0x0000000000100000-0x000000007ffdbfff] usable
Aug  1 20:03:25 test-cx22-pool-small-static-worker1 kernel: [    0.000000] BIOS-e820: [mem 0x000000007ffdc000-0x000000007fffffff] reserved
Aug  1 20:03:25 test-cx22-pool-small-static-worker1 systemd[1]: Found device /dev/ttyS0.
Aug  1 20:03:25 test-cx22-pool-small-static-worker1 kernel: [    0.000000] BIOS-e820: [mem 0x00000000b0000000-0x00000000bfffffff] reserved
Aug  1 20:03:25 test-cx22-pool-small-static-worker1 kernel: [    0.000000] BIOS-e820: [mem 0x00000000fed1c000-0x00000000fed1ffff] reserved
Aug  1 20:03:25 test-cx22-pool-small-static-worker1 kernel: [    0.000000] BIOS-e820: [mem 0x00000000feffc000-0x00000000feffffff] reserved
Aug  1 20:03:25 test-cx22-pool-small-static-worker1 kernel: [    0.000000] BIOS-e820: [mem 0x00000000fffc0000-0x00000000ffffffff] reserved
Aug  1 20:03:25 test-cx22-pool-small-static-worker1 kernel: [    0.000000] BIOS-e820: [mem 0x0000000100000000-0x0000000179ffffff] usable
Aug  1 20:03:25 test-cx22-pool-small-static-worker1 systemd[1]: Listening on Load/Save RF Kill Switch Status /dev/rfkill Watch.
Aug  1 20:03:25 test-cx22-pool-small-static-worker1 kernel: [    0.000000] NX (Execute Disable) protection: active
Aug  1 20:03:25 test-cx22-pool-small-static-worker1 kernel: [    0.000000] SMBIOS 2.8 present.
Aug  1 20:03:25 test-cx22-pool-small-static-worker1 kernel: [    0.000000] DMI: Hetzner vServer/Standard PC (Q35 + ICH9, 2009), BIOS 20171111 11/11/2017
Aug  1 20:03:25 test-cx22-pool-small-static-worker1 kernel: [    0.000000] Hypervisor detected: KVM
Aug  1 20:03:25 test-cx22-pool-small-static-worker1 kernel: [    0.000000] kvm-clock: Using msrs 4b564d01 and 4b564d00
Aug  1 20:03:25 test-cx22-pool-small-static-worker1 kernel: [    0.000000] kvm-clock: cpu 0, msr 172601001, primary cpu clock
Aug  1 20:03:25 test-cx22-pool-small-static-worker1 systemd-udevd[460]: sda: Process '/usr/bin/unshare -m /usr/bin/snap auto-import --mount=/dev/sda' failed with exit code 1.
Aug  1 20:03:25 test-cx22-pool-small-static-worker1 kernel: [    0.000003] kvm-clock: using sched offset of 1828211327 cycles
Aug  1 20:03:25 test-cx22-pool-small-static-worker1 kernel: [    0.000006] clocksource: kvm-clock: mask: 0xffffffffffffffff max_cycles: 0x1cd42e4dffb, max_idle_ns: 881590591483 ns
Aug  1 20:03:25 test-cx22-pool-small-static-worker1 kernel: [    0.000010] tsc: Detected 2294.608 MHz processor
Aug  1 20:03:25 test-cx22-pool-small-static-worker1 kernel: [    0.001274] e820: update [mem 0x00000000-0x00000fff] usable ==> reserved
Aug  1 20:03:25 test-cx22-pool-small-static-worker1 kernel: [    0.001278] e820: remove [mem 0x000a0000-0x000fffff] usable
Aug  1 20:03:25 test-cx22-pool-small-static-worker1 systemd-udevd[446]: sr0: Process '/usr/bin/unshare -m /usr/bin/snap auto-import --mount=/dev/sr0' failed with exit code 1.
Aug  1 20:03:25 test-cx22-pool-small-static-worker1 kernel: [    0.001285] last_pfn = 0x17a000 max_arch_pfn = 0x400000000
Aug  1 20:03:25 test-cx22-pool-small-static-worker1 kernel: [    0.001344] x86/PAT: Configuration [0-7]: WB  WC  UC- UC  WB  WP  UC- WT  
Aug  1 20:03:25 test-cx22-pool-small-static-worker1 kernel: [    0.001357] last_pfn = 0x7ffdc max_arch_pfn = 0x400000000
Aug  1 20:03:25 test-cx22-pool-small-static-worker1 kernel: [    0.013619] found SMP MP-table at [mem 0x000f53f0-0x000f53ff]
Aug  1 20:03:25 test-cx22-pool-small-static-worker1 kernel: [    0.013676] Using GB pages for direct mapping
Aug  1 20:03:25 test-cx22-pool-small-static-worker1 kernel: [    0.014031] RAMDISK: [mem 0x34339000-0x36193fff]
Aug  1 20:03:25 test-cx22-pool-small-static-worker1 kernel: [    0.014036] ACPI: Early table checksum verification disabled
Aug  1 20:03:25 test-cx22-pool-small-static-worker1 kernel: [    0.014043] ACPI: RSDP 0x00000000000F51D0 000014 (v00 BOCHS )
Aug  1 20:03:25 test-cx22-pool-small-static-worker1 kernel: [    0.014050] ACPI: RSDT 0x000000007FFE2593 000038 (v01 BOCHS  BXPC     00000001 BXPC 00000001)
Aug  1 20:03:25 test-cx22-pool-small-static-worker1 systemd-udevd[459]: sda1: Process '/usr/bin/unshare -m /usr/bin/snap auto-import --mount=/dev/sda1' failed with exit code 1.
Aug  1 20:03:25 test-cx22-pool-small-static-worker1 kernel: [    0.014059] ACPI: FACP 0x000000007FFE2383 0000F4 (v03 BOCHS  BXPC     00000001 BXPC 00000001)
Aug  1 20:03:25 test-cx22-pool-small-static-worker1 kernel: [    0.014067] ACPI: DSDT 0x000000007FFE0040 002343 (v01 BOCHS  BXPC     00000001 BXPC 00000001)
Aug  1 20:03:25 test-cx22-pool-small-static-worker1 kernel: [    0.014074] ACPI: FACS 0x000000007FFE0000 000040
Aug  1 20:03:25 test-cx22-pool-small-static-worker1 kernel: [    0.014079] ACPI: APIC 0x000000007FFE2477 000080 (v01 BOCHS  BXPC     00000001 BXPC 00000001)
Aug  1 20:03:25 test-cx22-pool-small-static-worker1 kernel: [    0.014085] ACPI: HPET 0x000000007FFE24F7 000038 (v01 BOCHS  BXPC     00000001 BXPC 00000001)
Aug  1 20:03:25 test-cx22-pool-small-static-worker1 kernel: [    0.014090] ACPI: MCFG 0x000000007FFE252F 00003C (v01 BOCHS  BXPC     00000001 BXPC 00000001)
Aug  1 20:03:25 test-cx22-pool-small-static-worker1 systemd-udevd[461]: sda14: Process '/usr/bin/unshare -m /usr/bin/snap auto-import --mount=/dev/sda14' failed with exit code 1.
Aug  1 20:03:25 test-cx22-pool-small-static-worker1 kernel: [    0.014096] ACPI: WAET 0x000000007FFE256B 000028 (v01 BOCHS  BXPC     00000001 BXPC 00000001)
Aug  1 20:03:25 test-cx22-pool-small-static-worker1 kernel: [    0.014100] ACPI: Reserving FACP table memory at [mem 0x7ffe2383-0x7ffe2476]
Aug  1 20:03:25 test-cx22-pool-small-static-worker1 kernel: [    0.014102] ACPI: Reserving DSDT table memory at [mem 0x7ffe0040-0x7ffe2382]
Aug  1 20:03:25 test-cx22-pool-small-static-worker1 kernel: [    0.014104] ACPI: Reserving FACS table memory at [mem 0x7ffe0000-0x7ffe003f]
Aug  1 20:03:25 test-cx22-pool-small-static-worker1 kernel: [    0.014105] ACPI: Reserving APIC table memory at [mem 0x7ffe2477-0x7ffe24f6]
Aug  1 20:03:25 test-cx22-pool-small-static-worker1 kernel: [    0.014106] ACPI: Reserving HPET table memory at [mem 0x7ffe24f7-0x7ffe252e]
Aug  1 20:03:25 test-cx22-pool-small-static-worker1 kernel: [    0.014108] ACPI: Reserving MCFG table memory at [mem 0x7ffe252f-0x7ffe256a]
Aug  1 20:03:25 test-cx22-pool-small-static-worker1 kernel: [    0.014109] ACPI: Reserving WAET table memory at [mem 0x7ffe256b-0x7ffe2592]
Aug  1 20:03:25 test-cx22-pool-small-static-worker1 kernel: [    0.014752] No NUMA configuration found
Aug  1 20:03:25 test-cx22-pool-small-static-worker1 systemd-udevd[452]: sda15: Process '/usr/bin/unshare -m /usr/bin/snap auto-import --mount=/dev/sda15' failed with exit code 1.
Aug  1 20:03:25 test-cx22-pool-small-static-worker1 kernel: [    0.014754] Faking a node at [mem 0x0000000000000000-0x0000000179ffffff]
Aug  1 20:03:25 test-cx22-pool-small-static-worker1 kernel: [    0.014766] NODE_DATA(0) allocated [mem 0x179fd6000-0x179ffffff]
Aug  1 20:03:25 test-cx22-pool-small-static-worker1 kernel: [    0.015703] Zone ranges:
Aug  1 20:03:25 test-cx22-pool-small-static-worker1 kernel: [    0.015705]   DMA      [mem 0x0000000000001000-0x0000000000ffffff]
Aug  1 20:03:25 test-cx22-pool-small-static-worker1 kernel: [    0.015709]   DMA32    [mem 0x0000000001000000-0x00000000ffffffff]
Aug  1 20:03:25 test-cx22-pool-small-static-worker1 kernel: [    0.015711]   Normal   [mem 0x0000000100000000-0x0000000179ffffff]
Aug  1 20:03:25 test-cx22-pool-small-static-worker1 kernel: [    0.015713]   Device   empty
Aug  1 20:03:25 test-cx22-pool-small-static-worker1 kernel: [    0.015714] Movable zone start for each node
Aug  1 20:03:25 test-cx22-pool-small-static-worker1 kernel: [    0.015717] Early memory node ranges
Aug  1 20:03:25 test-cx22-pool-small-static-worker1 kernel: [    0.015718]   node   0: [mem 0x0000000000001000-0x000000000009efff]
Aug  1 20:03:25 test-cx22-pool-small-static-worker1 systemd[1]: Found device QEMU_HARDDISK 15.
Aug  1 20:03:25 test-cx22-pool-small-static-worker1 kernel: [    0.015720]   node   0: [mem 0x0000000000100000-0x000000007ffdbfff]
Aug  1 20:03:25 test-cx22-pool-small-static-worker1 kernel: [    0.015722]   node   0: [mem 0x0000000100000000-0x0000000179ffffff]
Aug  1 20:03:25 test-cx22-pool-small-static-worker1 kernel: [    0.015724] Initmem setup node 0 [mem 0x0000000000001000-0x0000000179ffffff]
Aug  1 20:03:25 test-cx22-pool-small-static-worker1 kernel: [    0.016241] On node 0, zone DMA: 1 pages in unavailable ranges
Aug  1 20:03:25 test-cx22-pool-small-static-worker1 kernel: [    0.016276] On node 0, zone DMA: 97 pages in unavailable ranges
Aug  1 20:03:25 test-cx22-pool-small-static-worker1 systemd[1]: Starting File System Check on /dev/disk/by-uuid/88C6-A9EA...
Aug  1 20:03:25 test-cx22-pool-small-static-worker1 kernel: [    0.044678] On node 0, zone Normal: 36 pages in unavailable ranges
Aug  1 20:03:25 test-cx22-pool-small-static-worker1 kernel: [    0.045110] On node 0, zone Normal: 24576 pages in unavailable ranges
Aug  1 20:03:25 test-cx22-pool-small-static-worker1 kernel: [    0.046508] ACPI: PM-Timer IO Port: 0x608
Aug  1 20:03:25 test-cx22-pool-small-static-worker1 kernel: [    0.046533] ACPI: LAPIC_NMI (acpi_id[0xff] dfl dfl lint[0x1])
Aug  1 20:03:25 test-cx22-pool-small-static-worker1 kernel: [    0.046573] IOAPIC[0]: apic_id 0, version 17, address 0xfec00000, GSI 0-23
Aug  1 20:03:25 test-cx22-pool-small-static-worker1 systemd[1]: Started File System Check Daemon to report status.
Aug  1 20:03:25 test-cx22-pool-small-static-worker1 kernel: [    0.046578] ACPI: INT_SRC_OVR (bus 0 bus_irq 0 global_irq 2 dfl dfl)
Aug  1 20:03:25 test-cx22-pool-small-static-worker1 kernel: [    0.046581] ACPI: INT_SRC_OVR (bus 0 bus_irq 5 global_irq 5 high level)
Aug  1 20:03:25 test-cx22-pool-small-static-worker1 kernel: [    0.046583] ACPI: INT_SRC_OVR (bus 0 bus_irq 9 global_irq 9 high level)
Aug  1 20:03:25 test-cx22-pool-small-static-worker1 kernel: [    0.046585] ACPI: INT_SRC_OVR (bus 0 bus_irq 10 global_irq 10 high level)
Aug  1 20:03:25 test-cx22-pool-small-static-worker1 kernel: [    0.046586] ACPI: INT_SRC_OVR (bus 0 bus_irq 11 global_irq 11 high level)
Aug  1 20:03:25 test-cx22-pool-small-static-worker1 kernel: [    0.046592] ACPI: Using ACPI (MADT) for SMP configuration information
Aug  1 20:03:25 test-cx22-pool-small-static-worker1 kernel: [    0.046595] ACPI: HPET id: 0x8086a201 base: 0xfed00000
Aug  1 20:03:25 test-cx22-pool-small-static-worker1 kernel: [    0.046601] TSC deadline timer available
Aug  1 20:03:25 test-cx22-pool-small-static-worker1 kernel: [    0.046603] smpboot: Allowing 2 CPUs, 0 hotplug CPUs
Aug  1 20:03:25 test-cx22-pool-small-static-worker1 kernel: [    0.046631] PM: hibernation: Registered nosave memory: [mem 0x00000000-0x00000fff]
Aug  1 20:03:25 test-cx22-pool-small-static-worker1 systemd-fsck[562]: fsck.fat 4.2 (2021-01-31)
Aug  1 20:03:25 test-cx22-pool-small-static-worker1 kernel: [    0.046634] PM: hibernation: Registered nosave memory: [mem 0x0009f000-0x0009ffff]
Aug  1 20:03:25 test-cx22-pool-small-static-worker1 kernel: [    0.046636] PM: hibernation: Registered nosave memory: [mem 0x000a0000-0x000effff]
Aug  1 20:03:25 test-cx22-pool-small-static-worker1 kernel: [    0.046637] PM: hibernation: Registered nosave memory: [mem 0x000f0000-0x000fffff]
Aug  1 20:03:25 test-cx22-pool-small-static-worker1 kernel: [    0.046639] PM: hibernation: Registered nosave memory: [mem 0x7ffdc000-0x7fffffff]
Aug  1 20:03:25 test-cx22-pool-small-static-worker1 kernel: [    0.046641] PM: hibernation: Registered nosave memory: [mem 0x80000000-0xafffffff]
Aug  1 20:03:25 test-cx22-pool-small-static-worker1 kernel: [    0.046642] PM: hibernation: Registered nosave memory: [mem 0xb0000000-0xbfffffff]
Aug  1 20:03:25 test-cx22-pool-small-static-worker1 kernel: [    0.046643] PM: hibernation: Registered nosave memory: [mem 0xc0000000-0xfed1bfff]
Aug  1 20:03:25 test-cx22-pool-small-static-worker1 kernel: [    0.046645] PM: hibernation: Registered nosave memory: [mem 0xfed1c000-0xfed1ffff]
Aug  1 20:03:25 test-cx22-pool-small-static-worker1 kernel: [    0.046646] PM: hibernation: Registered nosave memory: [mem 0xfed20000-0xfeffbfff]
Aug  1 20:03:25 test-cx22-pool-small-static-worker1 kernel: [    0.046647] PM: hibernation: Registered nosave memory: [mem 0xfeffc000-0xfeffffff]
Aug  1 20:03:25 test-cx22-pool-small-static-worker1 kernel: [    0.046649] PM: hibernation: Registered nosave memory: [mem 0xff000000-0xfffbffff]
Aug  1 20:03:25 test-cx22-pool-small-static-worker1 kernel: [    0.046650] PM: hibernation: Registered nosave memory: [mem 0xfffc0000-0xffffffff]
Aug  1 20:03:25 test-cx22-pool-small-static-worker1 kernel: [    0.046652] [mem 0xc0000000-0xfed1bfff] available for PCI devices
Aug  1 20:03:25 test-cx22-pool-small-static-worker1 kernel: [    0.046654] Booting paravirtualized kernel on KVM
Aug  1 20:03:25 test-cx22-pool-small-static-worker1 kernel: [    0.046657] clocksource: refined-jiffies: mask: 0xffffffff max_cycles: 0xffffffff, max_idle_ns: 7645519600211568 ns
Aug  1 20:03:25 test-cx22-pool-small-static-worker1 kernel: [    0.046666] setup_percpu: NR_CPUS:8192 nr_cpumask_bits:2 nr_cpu_ids:2 nr_node_ids:1
Aug  1 20:03:25 test-cx22-pool-small-static-worker1 kernel: [    0.047331] percpu: Embedded 62 pages/cpu s217088 r8192 d28672 u1048576
Aug  1 20:03:25 test-cx22-pool-small-static-worker1 systemd-fsck[562]: /dev/sda15: 3 files, 283/516174 clusters
Aug  1 20:03:25 test-cx22-pool-small-static-worker1 kernel: [    0.047338] pcpu-alloc: s217088 r8192 d28672 u1048576 alloc=1*2097152
Aug  1 20:03:25 test-cx22-pool-small-static-worker1 kernel: [    0.047341] pcpu-alloc: [0] 0 1 
Aug  1 20:03:25 test-cx22-pool-small-static-worker1 kernel: [    0.047370] kvm-guest: PV spinlocks disabled, no host support
Aug  1 20:03:25 test-cx22-pool-small-static-worker1 kernel: [    0.047376] Built 1 zonelists, mobility grouping on.  Total pages: 1007708
Aug  1 20:03:25 test-cx22-pool-small-static-worker1 kernel: [    0.047378] Policy zone: Normal
Aug  1 20:03:25 test-cx22-pool-small-static-worker1 systemd[1]: Finished File System Check on /dev/disk/by-uuid/88C6-A9EA.
Aug  1 20:03:25 test-cx22-pool-small-static-worker1 systemd[1]: Mounting /boot/efi...
Aug  1 20:03:25 test-cx22-pool-small-static-worker1 systemd[1]: Mounted /boot/efi.
Aug  1 20:03:25 test-cx22-pool-small-static-worker1 systemd[1]: Reached target Local File Systems.
Aug  1 20:03:25 test-cx22-pool-small-static-worker1 systemd[1]: Starting Load AppArmor profiles...
Aug  1 20:03:25 test-cx22-pool-small-static-worker1 systemd[1]: Starting Set console font and keymap...
Aug  1 20:03:25 test-cx22-pool-small-static-worker1 systemd[1]: Starting Create final runtime dir for shutdown pivot root...
Aug  1 20:03:25 test-cx22-pool-small-static-worker1 systemd[1]: Starting Tell Plymouth To Write Out Runtime Data...
Aug  1 20:03:25 test-cx22-pool-small-static-worker1 apparmor.systemd[576]: Restarting AppArmor
Aug  1 20:03:25 test-cx22-pool-small-static-worker1 apparmor.systemd[576]: Reloading AppArmor profiles
Aug  1 20:03:25 test-cx22-pool-small-static-worker1 systemd[1]: Starting Set Up Additional Binary Formats...
Aug  1 20:03:25 test-cx22-pool-small-static-worker1 systemd[1]: Condition check resulted in Store a System Token in an EFI Variable being skipped.
Aug  1 20:03:25 test-cx22-pool-small-static-worker1 kernel: [    0.047380] Kernel command line: BOOT_IMAGE=/boot/vmlinuz-5.15.0-116-generic root=UUID=77a90bab-9a6f-4cf0-8493-7db518b9214a ro consoleblank=0 systemd.show_status=true console=tty1 console=ttyS0
Aug  1 20:03:25 test-cx22-pool-small-static-worker1 systemd[1]: Starting Commit a transient machine-id on disk...
Aug  1 20:03:25 test-cx22-pool-small-static-worker1 kernel: [    0.047476] Unknown kernel command line parameters "BOOT_IMAGE=/boot/vmlinuz-5.15.0-116-generic", will be passed to user space.
Aug  1 20:03:25 test-cx22-pool-small-static-worker1 kernel: [    0.048669] Dentry cache hash table entries: 524288 (order: 10, 4194304 bytes, linear)
Aug  1 20:03:25 test-cx22-pool-small-static-worker1 kernel: [    0.049256] Inode-cache hash table entries: 262144 (order: 9, 2097152 bytes, linear)
Aug  1 20:03:25 test-cx22-pool-small-static-worker1 kernel: [    0.049333] mem auto-init: stack:off, heap alloc:on, heap free:off
Aug  1 20:03:25 test-cx22-pool-small-static-worker1 kernel: [    0.082588] Memory: 3867368K/4095464K available (16393K kernel code, 4396K rwdata, 10960K rodata, 3368K init, 18700K bss, 227836K reserved, 0K cma-reserved)
Aug  1 20:03:25 test-cx22-pool-small-static-worker1 systemd[1]: Starting Create Volatile Files and Directories...
Aug  1 20:03:25 test-cx22-pool-small-static-worker1 kernel: [    0.082905] SLUB: HWalign=64, Order=0-3, MinObjects=0, CPUs=2, Nodes=1
Aug  1 20:03:25 test-cx22-pool-small-static-worker1 kernel: [    0.082923] Kernel/User page tables isolation: enabled
Aug  1 20:03:25 test-cx22-pool-small-static-worker1 kernel: [    0.082958] ftrace: allocating 50748 entries in 199 pages
Aug  1 20:03:25 test-cx22-pool-small-static-worker1 kernel: [    0.112555] ftrace: allocated 199 pages with 5 groups
Aug  1 20:03:25 test-cx22-pool-small-static-worker1 kernel: [    0.113244] rcu: Hierarchical RCU implementation.
Aug  1 20:03:25 test-cx22-pool-small-static-worker1 kernel: [    0.113246] rcu: 	RCU restricting CPUs from NR_CPUS=8192 to nr_cpu_ids=2.
Aug  1 20:03:25 test-cx22-pool-small-static-worker1 systemd[1]: Starting Uncomplicated firewall...
Aug  1 20:03:25 test-cx22-pool-small-static-worker1 kernel: [    0.113249] 	Rude variant of Tasks RCU enabled.
Aug  1 20:03:25 test-cx22-pool-small-static-worker1 kernel: [    0.113250] 	Tracing variant of Tasks RCU enabled.
Aug  1 20:03:25 test-cx22-pool-small-static-worker1 kernel: [    0.113251] rcu: RCU calculated value of scheduler-enlistment delay is 25 jiffies.
Aug  1 20:03:25 test-cx22-pool-small-static-worker1 kernel: [    0.113252] rcu: Adjusting geometry for rcu_fanout_leaf=16, nr_cpu_ids=2
Aug  1 20:03:25 test-cx22-pool-small-static-worker1 kernel: [    0.117992] NR_IRQS: 524544, nr_irqs: 440, preallocated irqs: 16
Aug  1 20:03:25 test-cx22-pool-small-static-worker1 kernel: [    0.118206] random: crng init done
Aug  1 20:03:25 test-cx22-pool-small-static-worker1 systemd[1]: Finished Set console font and keymap.
Aug  1 20:03:25 test-cx22-pool-small-static-worker1 kernel: [    0.127302] Console: colour VGA+ 80x25
Aug  1 20:03:25 test-cx22-pool-small-static-worker1 kernel: [    0.163585] printk: console [tty1] enabled
Aug  1 20:03:25 test-cx22-pool-small-static-worker1 kernel: [    0.259293] printk: console [ttyS0] enabled
Aug  1 20:03:25 test-cx22-pool-small-static-worker1 kernel: [    0.260026] ACPI: Core revision 20210730
Aug  1 20:03:25 test-cx22-pool-small-static-worker1 kernel: [    0.260850] clocksource: hpet: mask: 0xffffffff max_cycles: 0xffffffff, max_idle_ns: 19112604467 ns
Aug  1 20:03:25 test-cx22-pool-small-static-worker1 kernel: [    0.262415] APIC: Switch to symmetric I/O mode setup
Aug  1 20:03:25 test-cx22-pool-small-static-worker1 systemd[1]: Finished Create final runtime dir for shutdown pivot root.
Aug  1 20:03:25 test-cx22-pool-small-static-worker1 kernel: [    0.263456] x2apic enabled
Aug  1 20:03:25 test-cx22-pool-small-static-worker1 kernel: [    0.264210] Switched APIC routing to physical x2apic.
Aug  1 20:03:25 test-cx22-pool-small-static-worker1 kernel: [    0.266099] ..TIMER: vector=0x30 apic1=0 pin1=2 apic2=-1 pin2=-1
Aug  1 20:03:25 test-cx22-pool-small-static-worker1 kernel: [    0.267193] clocksource: tsc-early: mask: 0xffffffffffffffff max_cycles: 0x21134f58f0d, max_idle_ns: 440795217993 ns
Aug  1 20:03:25 test-cx22-pool-small-static-worker1 kernel: [    0.268791] Calibrating delay loop (skipped) preset value.. 4589.21 BogoMIPS (lpj=9178432)
Aug  1 20:03:25 test-cx22-pool-small-static-worker1 kernel: [    0.270274] Last level iTLB entries: 4KB 0, 2MB 0, 4MB 0
Aug  1 20:03:25 test-cx22-pool-small-static-worker1 systemd[1]: Finished Tell Plymouth To Write Out Runtime Data.
Aug  1 20:03:25 test-cx22-pool-small-static-worker1 kernel: [    0.272791] Last level dTLB entries: 4KB 0, 2MB 0, 4MB 0, 1GB 0
Aug  1 20:03:25 test-cx22-pool-small-static-worker1 kernel: [    0.273709] Spectre V1 : Mitigation: usercopy/swapgs barriers and __user pointer sanitization
Aug  1 20:03:25 test-cx22-pool-small-static-worker1 kernel: [    0.275063] Spectre V2 : Spectre BHI mitigation: SW BHB clearing on vm exit
Aug  1 20:03:25 test-cx22-pool-small-static-worker1 kernel: [    0.276786] Spectre V2 : Spectre BHI mitigation: SW BHB clearing on syscall
Aug  1 20:03:25 test-cx22-pool-small-static-worker1 kernel: [    0.277839] Spectre V2 : Mitigation: IBRS
Aug  1 20:03:25 test-cx22-pool-small-static-worker1 kernel: [    0.278493] Spectre V2 : Spectre v2 / SpectreRSB mitigation: Filling RSB on context switch
Aug  1 20:03:25 test-cx22-pool-small-static-worker1 systemd[1]: Finished Uncomplicated firewall.
Aug  1 20:03:25 test-cx22-pool-small-static-worker1 kernel: [    0.279779] Spectre V2 : Spectre v2 / SpectreRSB : Filling RSB on VMEXIT
Aug  1 20:03:25 test-cx22-pool-small-static-worker1 kernel: [    0.280787] RETBleed: Mitigation: IBRS
Aug  1 20:03:25 test-cx22-pool-small-static-worker1 kernel: [    0.281414] Spectre V2 : mitigation: Enabling conditional Indirect Branch Prediction Barrier
Aug  1 20:03:25 test-cx22-pool-small-static-worker1 kernel: [    0.283221] Speculative Store Bypass: Mitigation: Speculative Store Bypass disabled via prctl and seccomp
Aug  1 20:03:25 test-cx22-pool-small-static-worker1 kernel: [    0.284798] MDS: Mitigation: Clear CPU buffers
Aug  1 20:03:25 test-cx22-pool-small-static-worker1 kernel: [    0.285910] MMIO Stale Data: Vulnerable: Clear CPU buffers attempted, no microcode
Aug  1 20:03:25 test-cx22-pool-small-static-worker1 systemd[1]: proc-sys-fs-binfmt_misc.automount: Got automount request for /proc/sys/fs/binfmt_misc, triggered by 586 (systemd-binfmt)
Aug  1 20:03:25 test-cx22-pool-small-static-worker1 kernel: [    0.287739] GDS: Unknown: Dependent on hypervisor status
Aug  1 20:03:25 test-cx22-pool-small-static-worker1 kernel: [    0.288895] x86/fpu: Supporting XSAVE feature 0x001: 'x87 floating point registers'
Aug  1 20:03:25 test-cx22-pool-small-static-worker1 kernel: [    0.292790] x86/fpu: Supporting XSAVE feature 0x002: 'SSE registers'
Aug  1 20:03:25 test-cx22-pool-small-static-worker1 kernel: [    0.293786] x86/fpu: Supporting XSAVE feature 0x004: 'AVX registers'
Aug  1 20:03:25 test-cx22-pool-small-static-worker1 kernel: [    0.294792] x86/fpu: Supporting XSAVE feature 0x020: 'AVX-512 opmask'
Aug  1 20:03:25 test-cx22-pool-small-static-worker1 kernel: [    0.295791] x86/fpu: Supporting XSAVE feature 0x040: 'AVX-512 Hi256'
Aug  1 20:03:25 test-cx22-pool-small-static-worker1 systemd[1]: Mounting Arbitrary Executable File Formats File System...
Aug  1 20:03:25 test-cx22-pool-small-static-worker1 kernel: [    0.296787] x86/fpu: Supporting XSAVE feature 0x080: 'AVX-512 ZMM_Hi256'
Aug  1 20:03:25 test-cx22-pool-small-static-worker1 kernel: [    0.297829] x86/fpu: Supporting XSAVE feature 0x200: 'Protection Keys User registers'
Aug  1 20:03:25 test-cx22-pool-small-static-worker1 kernel: [    0.299105] x86/fpu: xstate_offset[2]:  576, xstate_sizes[2]:  256
Aug  1 20:03:25 test-cx22-pool-small-static-worker1 kernel: [    0.300117] x86/fpu: xstate_offset[5]:  832, xstate_sizes[5]:   64
Aug  1 20:03:25 test-cx22-pool-small-static-worker1 kernel: [    0.300788] x86/fpu: xstate_offset[6]:  896, xstate_sizes[6]:  512
Aug  1 20:03:25 test-cx22-pool-small-static-worker1 kernel: [    0.301777] x86/fpu: xstate_offset[7]: 1408, xstate_sizes[7]: 1024
Aug  1 20:03:25 test-cx22-pool-small-static-worker1 systemd[1]: etc-machine\x2did.mount: Deactivated successfully.
Aug  1 20:03:25 test-cx22-pool-small-static-worker1 kernel: [    0.302774] x86/fpu: xstate_offset[9]: 2432, xstate_sizes[9]:    8
Aug  1 20:03:25 test-cx22-pool-small-static-worker1 kernel: [    0.303743] x86/fpu: Enabled xstate features 0x2e7, context size is 2440 bytes, using 'compacted' format.
Aug  1 20:03:25 test-cx22-pool-small-static-worker1 kernel: [    0.336197] Freeing SMP alternatives memory: 44K
Aug  1 20:03:25 test-cx22-pool-small-static-worker1 kernel: [    0.336793] pid_max: default: 32768 minimum: 301
Aug  1 20:03:25 test-cx22-pool-small-static-worker1 kernel: [    0.338000] LSM: Security Framework initializing
Aug  1 20:03:25 test-cx22-pool-small-static-worker1 systemd[1]: Finished Commit a transient machine-id on disk.
Aug  1 20:03:25 test-cx22-pool-small-static-worker1 kernel: [    0.339151] landlock: Up and running.
Aug  1 20:03:25 test-cx22-pool-small-static-worker1 kernel: [    0.340088] Yama: becoming mindful.
Aug  1 20:03:25 test-cx22-pool-small-static-worker1 kernel: [    0.341507] AppArmor: AppArmor initialized
Aug  1 20:03:25 test-cx22-pool-small-static-worker1 kernel: [    0.342625] Mount-cache hash table entries: 8192 (order: 4, 65536 bytes, linear)
Aug  1 20:03:25 test-cx22-pool-small-static-worker1 kernel: [    0.344804] Mountpoint-cache hash table entries: 8192 (order: 4, 65536 bytes, linear)
Aug  1 20:03:25 test-cx22-pool-small-static-worker1 kernel: [    0.346651] smpboot: CPU0: Intel Xeon Processor (Skylake, IBRS, no TSX) (family: 0x6, model: 0x55, stepping: 0x4)
Aug  1 20:03:25 test-cx22-pool-small-static-worker1 systemd[1]: Finished Create Volatile Files and Directories.
Aug  1 20:03:25 test-cx22-pool-small-static-worker1 kernel: [    0.348416] Performance Events: unsupported p6 CPU model 85 no PMU driver, software events only.
Aug  1 20:03:25 test-cx22-pool-small-static-worker1 kernel: [    0.348785] signal: max sigframe size: 3632
Aug  1 20:03:25 test-cx22-pool-small-static-worker1 kernel: [    0.348785] rcu: Hierarchical SRCU implementation.
Aug  1 20:03:25 test-cx22-pool-small-static-worker1 kernel: [    0.349283] NMI watchdog: Perf NMI watchdog permanently disabled
Aug  1 20:03:25 test-cx22-pool-small-static-worker1 kernel: [    0.350326] smp: Bringing up secondary CPUs ...
Aug  1 20:03:25 test-cx22-pool-small-static-worker1 kernel: [    0.351243] x86: Booting SMP configuration:
Aug  1 20:03:25 test-cx22-pool-small-static-worker1 systemd[1]: Starting Network Time Synchronization...
Aug  1 20:03:25 test-cx22-pool-small-static-worker1 kernel: [    0.351997] .... node  #0, CPUs:      #1
Aug  1 20:03:25 test-cx22-pool-small-static-worker1 kernel: [    0.150589] kvm-clock: cpu 1, msr 172601041, secondary cpu clock
Aug  1 20:03:25 test-cx22-pool-small-static-worker1 kernel: [    0.355255] smp: Brought up 1 node, 2 CPUs
Aug  1 20:03:25 test-cx22-pool-small-static-worker1 kernel: [    0.356792] smpboot: Max logical packages: 1
Aug  1 20:03:25 test-cx22-pool-small-static-worker1 kernel: [    0.357574] smpboot: Total of 2 processors activated (9178.43 BogoMIPS)
Aug  1 20:03:25 test-cx22-pool-small-static-worker1 kernel: [    0.358906] devtmpfs: initialized
Aug  1 20:03:25 test-cx22-pool-small-static-worker1 systemd[1]: Starting Record System Boot/Shutdown in UTMP...
Aug  1 20:03:25 test-cx22-pool-small-static-worker1 kernel: [    0.360811] x86/mm: Memory block size: 128MB
Aug  1 20:03:25 test-cx22-pool-small-static-worker1 kernel: [    0.361914] clocksource: jiffies: mask: 0xffffffff max_cycles: 0xffffffff, max_idle_ns: 7645041785100000 ns
Aug  1 20:03:25 test-cx22-pool-small-static-worker1 kernel: [    0.362428] futex hash table entries: 512 (order: 3, 32768 bytes, linear)
Aug  1 20:03:25 test-cx22-pool-small-static-worker1 kernel: [    0.363601] pinctrl core: initialized pinctrl subsystem
Aug  1 20:03:25 test-cx22-pool-small-static-worker1 kernel: [    0.364972] PM: RTC time: 20:03:09, date: 2024-08-01
Aug  1 20:03:25 test-cx22-pool-small-static-worker1 systemd[1]: Mounted Arbitrary Executable File Formats File System.
Aug  1 20:03:25 test-cx22-pool-small-static-worker1 kernel: [    0.366212] NET: Registered PF_NETLINK/PF_ROUTE protocol family
Aug  1 20:03:25 test-cx22-pool-small-static-worker1 systemd[1]: Finished Set Up Additional Binary Formats.
Aug  1 20:03:25 test-cx22-pool-small-static-worker1 kernel: [    0.367347] DMA: preallocated 512 KiB GFP_KERNEL pool for atomic allocations
Aug  1 20:03:25 test-cx22-pool-small-static-worker1 kernel: [    0.368559] DMA: preallocated 512 KiB GFP_KERNEL|GFP_DMA pool for atomic allocations
Aug  1 20:03:25 test-cx22-pool-small-static-worker1 systemd[1]: Finished Record System Boot/Shutdown in UTMP.
Aug  1 20:03:25 test-cx22-pool-small-static-worker1 kernel: [    0.368887] DMA: preallocated 512 KiB GFP_KERNEL|GFP_DMA32 pool for atomic allocations
Aug  1 20:03:25 test-cx22-pool-small-static-worker1 kernel: [    0.370178] audit: initializing netlink subsys (disabled)
Aug  1 20:03:25 test-cx22-pool-small-static-worker1 kernel: [    0.371162] audit: type=2000 audit(1722542589.907:1): state=initialized audit_enabled=0 res=1
Aug  1 20:03:25 test-cx22-pool-small-static-worker1 kernel: [    0.371162] thermal_sys: Registered thermal governor 'fair_share'
Aug  1 20:03:25 test-cx22-pool-small-static-worker1 kernel: [    0.372797] thermal_sys: Registered thermal governor 'bang_bang'
Aug  1 20:03:25 test-cx22-pool-small-static-worker1 kernel: [    0.374267] thermal_sys: Registered thermal governor 'step_wise'
Aug  1 20:03:25 test-cx22-pool-small-static-worker1 kernel: [    0.375672] thermal_sys: Registered thermal governor 'user_space'
Aug  1 20:03:25 test-cx22-pool-small-static-worker1 kernel: [    0.376794] thermal_sys: Registered thermal governor 'power_allocator'
Aug  1 20:03:25 test-cx22-pool-small-static-worker1 kernel: [    0.378272] EISA bus registered
Aug  1 20:03:25 test-cx22-pool-small-static-worker1 kernel: [    0.380679] cpuidle: using governor ladder
Aug  1 20:03:25 test-cx22-pool-small-static-worker1 apparmor.systemd[603]: Skipping profile in /etc/apparmor.d/disable: usr.sbin.rsyslogd
Aug  1 20:03:25 test-cx22-pool-small-static-worker1 kernel: [    0.380804] cpuidle: using governor menu
Aug  1 20:03:25 test-cx22-pool-small-static-worker1 kernel: [    0.381918] ACPI: bus type PCI registered
Aug  1 20:03:25 test-cx22-pool-small-static-worker1 systemd[1]: Finished Load AppArmor profiles.
Aug  1 20:03:25 test-cx22-pool-small-static-worker1 kernel: [    0.382948] acpiphp: ACPI Hot Plug PCI Controller Driver version: 0.5
Aug  1 20:03:25 test-cx22-pool-small-static-worker1 kernel: [    0.384677] PCI: MMCONFIG for domain 0000 [bus 00-ff] at [mem 0xb0000000-0xbfffffff] (base 0xb0000000)
Aug  1 20:03:25 test-cx22-pool-small-static-worker1 kernel: [    0.384801] PCI: MMCONFIG at [mem 0xb0000000-0xbfffffff] reserved in E820
Aug  1 20:03:25 test-cx22-pool-small-static-worker1 systemd[1]: Starting Load AppArmor profiles managed internally by snapd...
Aug  1 20:03:25 test-cx22-pool-small-static-worker1 kernel: [    0.385895] PCI: Using configuration type 1 for base access
Aug  1 20:03:25 test-cx22-pool-small-static-worker1 kernel: [    0.388227] kprobes: kprobe jump-optimization is enabled. All kprobes are optimized if possible.
Aug  1 20:03:25 test-cx22-pool-small-static-worker1 kernel: [    0.388874] HugeTLB registered 1.00 GiB page size, pre-allocated 0 pages
Aug  1 20:03:25 test-cx22-pool-small-static-worker1 kernel: [    0.389860] HugeTLB registered 2.00 MiB page size, pre-allocated 0 pages
Aug  1 20:03:25 test-cx22-pool-small-static-worker1 kernel: [    0.393343] ACPI: Added _OSI(Module Device)
Aug  1 20:03:25 test-cx22-pool-small-static-worker1 kernel: [    0.393630] ACPI: Added _OSI(Processor Device)
Aug  1 20:03:25 test-cx22-pool-small-static-worker1 systemd[1]: Condition check resulted in Authentication service for virtual machines hosted on VMware being skipped.
Aug  1 20:03:25 test-cx22-pool-small-static-worker1 kernel: [    0.394373] ACPI: Added _OSI(3.0 _SCP Extensions)
Aug  1 20:03:25 test-cx22-pool-small-static-worker1 kernel: [    0.396798] ACPI: Added _OSI(Processor Aggregator Device)
Aug  1 20:03:25 test-cx22-pool-small-static-worker1 kernel: [    0.397662] ACPI: Added _OSI(Linux-Dell-Video)
Aug  1 20:03:25 test-cx22-pool-small-static-worker1 systemd[1]: Condition check resulted in Service for virtual machines hosted on VMware being skipped.
Aug  1 20:03:25 test-cx22-pool-small-static-worker1 kernel: [    0.398391] ACPI: Added _OSI(Linux-Lenovo-NV-HDMI-Audio)
Aug  1 20:03:25 test-cx22-pool-small-static-worker1 systemd[1]: Starting Initial cloud-init job (pre-networking)...
Aug  1 20:03:25 test-cx22-pool-small-static-worker1 systemd[1]: Started Network Time Synchronization.
Aug  1 20:03:25 test-cx22-pool-small-static-worker1 systemd[1]: Reached target System Time Set.
Aug  1 20:03:25 test-cx22-pool-small-static-worker1 snapd-apparmor[604]: main.go:121: No profiles to load
Aug  1 20:03:25 test-cx22-pool-small-static-worker1 systemd[1]: Finished Load AppArmor profiles managed internally by snapd.
Aug  1 20:03:25 test-cx22-pool-small-static-worker1 cloud-init[615]: Cloud-init v. 24.1.3-0ubuntu1~22.04.5 running 'init-local' at Thu, 01 Aug 2024 20:03:16 +0000. Up 6.94 seconds.
Aug  1 20:03:25 test-cx22-pool-small-static-worker1 dhclient[618]: Internet Systems Consortium DHCP Client 4.4.1
Aug  1 20:03:25 test-cx22-pool-small-static-worker1 dhclient[618]: Copyright 2004-2018 Internet Systems Consortium.
Aug  1 20:03:25 test-cx22-pool-small-static-worker1 dhclient[618]: All rights reserved.
Aug  1 20:03:25 test-cx22-pool-small-static-worker1 dhclient[618]: For info, please visit https://www.isc.org/software/dhcp/
Aug  1 20:03:25 test-cx22-pool-small-static-worker1 dhclient[618]: 
Aug  1 20:03:25 test-cx22-pool-small-static-worker1 kernel: [    0.399294] ACPI: Added _OSI(Linux-HPI-Hybrid-Graphics)
Aug  1 20:03:25 test-cx22-pool-small-static-worker1 kernel: [    0.401840] ACPI: 1 ACPI AML tables successfully acquired and loaded
Aug  1 20:03:25 test-cx22-pool-small-static-worker1 dhclient[622]: execve (/bin/true, ...): Permission denied
Aug  1 20:03:25 test-cx22-pool-small-static-worker1 kernel: [    0.405022] ACPI: Interpreter enabled
Aug  1 20:03:25 test-cx22-pool-small-static-worker1 kernel: [    0.405687] ACPI: PM: (supports S0 S5)
Aug  1 20:03:25 test-cx22-pool-small-static-worker1 kernel: [    0.406331] ACPI: Using IOAPIC for interrupt routing
Aug  1 20:03:25 test-cx22-pool-small-static-worker1 kernel: [    0.407175] PCI: Using host bridge windows from ACPI; if necessary, use "pci=nocrs" and report a bug
Aug  1 20:03:25 test-cx22-pool-small-static-worker1 kernel: [    0.408661] PCI: Using E820 reservations for host bridge windows
Aug  1 20:03:25 test-cx22-pool-small-static-worker1 kernel: [    0.408921] ACPI: Enabled 2 GPEs in block 00 to 3F
Aug  1 20:03:25 test-cx22-pool-small-static-worker1 kernel: [    0.412008] ACPI: PCI Root Bridge [PCI0] (domain 0000 [bus 00-ff])
Aug  1 20:03:25 test-cx22-pool-small-static-worker1 kernel: [    0.412802] acpi PNP0A08:00: _OSC: OS supports [ExtendedConfig ASPM ClockPM Segments MSI EDR HPX-Type3]
Aug  1 20:03:25 test-cx22-pool-small-static-worker1 dhclient[618]: Listening on LPF/enp1s0/96:00:03:95:ef:7d
Aug  1 20:03:25 test-cx22-pool-small-static-worker1 kernel: [    0.414410] acpi PNP0A08:00: _OSC: platform does not support [PCIeHotplug LTR DPC]
Aug  1 20:03:25 test-cx22-pool-small-static-worker1 kernel: [    0.415787] acpi PNP0A08:00: _OSC: OS now controls [SHPCHotplug PME AER PCIeCapability]
Aug  1 20:03:25 test-cx22-pool-small-static-worker1 kernel: [    0.417157] PCI host bridge to bus 0000:00
Aug  1 20:03:25 test-cx22-pool-small-static-worker1 kernel: [    0.418031] pci_bus 0000:00: root bus resource [bus 00-ff]
Aug  1 20:03:25 test-cx22-pool-small-static-worker1 dhclient[618]: Sending on   LPF/enp1s0/96:00:03:95:ef:7d
Aug  1 20:03:25 test-cx22-pool-small-static-worker1 kernel: [    0.419309] pci_bus 0000:00: root bus resource [io  0x0000-0x0cf7 window]
Aug  1 20:03:25 test-cx22-pool-small-static-worker1 kernel: [    0.420794] pci_bus 0000:00: root bus resource [io  0x0d00-0xffff window]
Aug  1 20:03:25 test-cx22-pool-small-static-worker1 kernel: [    0.422395] pci_bus 0000:00: root bus resource [mem 0x000a0000-0x000bffff window]
Aug  1 20:03:25 test-cx22-pool-small-static-worker1 kernel: [    0.424183] pci_bus 0000:00: root bus resource [mem 0x80000000-0xafffffff window]
Aug  1 20:03:25 test-cx22-pool-small-static-worker1 kernel: [    0.424794] pci_bus 0000:00: root bus resource [mem 0xc0000000-0xfebfffff window]
Aug  1 20:03:25 test-cx22-pool-small-static-worker1 kernel: [    0.426600] pci_bus 0000:00: root bus resource [mem 0x180000000-0x97fffffff window]
Aug  1 20:03:25 test-cx22-pool-small-static-worker1 kernel: [    0.428453] pci 0000:00:00.0: [8086:29c0] type 00 class 0x060000
Aug  1 20:03:25 test-cx22-pool-small-static-worker1 kernel: [    0.429768] pci 0000:00:01.0: [1af4:1050] type 00 class 0x030000
Aug  1 20:03:25 test-cx22-pool-small-static-worker1 kernel: [    0.434837] pci 0000:00:01.0: reg 0x10: [mem 0xfb800000-0xfbffffff pref]
Aug  1 20:03:25 test-cx22-pool-small-static-worker1 kernel: [    0.442695] pci 0000:00:01.0: reg 0x18: [mem 0xfd200000-0xfd203fff 64bit pref]
Aug  1 20:03:25 test-cx22-pool-small-static-worker1 kernel: [    0.447090] pci 0000:00:01.0: reg 0x20: [mem 0xfea10000-0xfea10fff]
Aug  1 20:03:25 test-cx22-pool-small-static-worker1 kernel: [    0.454202] pci 0000:00:01.0: reg 0x30: [mem 0xfea00000-0xfea0ffff pref]
Aug  1 20:03:25 test-cx22-pool-small-static-worker1 dhclient[618]: Sending on   Socket/fallback
Aug  1 20:03:25 test-cx22-pool-small-static-worker1 kernel: [    0.455641] pci 0000:00:01.0: Video device with shadowed ROM at [mem 0x000c0000-0x000dffff]
Aug  1 20:03:25 test-cx22-pool-small-static-worker1 kernel: [    0.460310] pci 0000:00:02.0: [1b36:000c] type 01 class 0x060400
Aug  1 20:03:25 test-cx22-pool-small-static-worker1 kernel: [    0.464415] pci 0000:00:02.0: reg 0x10: [mem 0xfea11000-0xfea11fff]
Aug  1 20:03:25 test-cx22-pool-small-static-worker1 kernel: [    0.472190] pci 0000:00:02.1: [1b36:000c] type 01 class 0x060400
Aug  1 20:03:25 test-cx22-pool-small-static-worker1 kernel: [    0.476583] pci 0000:00:02.1: reg 0x10: [mem 0xfea12000-0xfea12fff]
Aug  1 20:03:25 test-cx22-pool-small-static-worker1 kernel: [    0.483167] pci 0000:00:02.2: [1b36:000c] type 01 class 0x060400
Aug  1 20:03:25 test-cx22-pool-small-static-worker1 dhclient[618]: DHCPDISCOVER on enp1s0 to 255.255.255.255 port 67 interval 3 (xid=0xf0c07e0f)
Aug  1 20:03:25 test-cx22-pool-small-static-worker1 kernel: [    0.488796] pci 0000:00:02.2: reg 0x10: [mem 0xfea13000-0xfea13fff]
Aug  1 20:03:25 test-cx22-pool-small-static-worker1 kernel: [    0.498005] pci 0000:00:02.3: [1b36:000c] type 01 class 0x060400
Aug  1 20:03:25 test-cx22-pool-small-static-worker1 kernel: [    0.503360] pci 0000:00:02.3: reg 0x10: [mem 0xfea14000-0xfea14fff]
Aug  1 20:03:25 test-cx22-pool-small-static-worker1 kernel: [    0.514017] pci 0000:00:02.4: [1b36:000c] type 01 class 0x060400
Aug  1 20:03:25 test-cx22-pool-small-static-worker1 kernel: [    0.520799] pci 0000:00:02.4: reg 0x10: [mem 0xfea15000-0xfea15fff]
Aug  1 20:03:25 test-cx22-pool-small-static-worker1 kernel: [    0.528042] pci 0000:00:02.5: [1b36:000c] type 01 class 0x060400
Aug  1 20:03:25 test-cx22-pool-small-static-worker1 dhclient[618]: DHCPOFFER of 116.203.218.186 from 172.31.1.1
Aug  1 20:03:25 test-cx22-pool-small-static-worker1 kernel: [    0.532810] pci 0000:00:02.5: reg 0x10: [mem 0xfea16000-0xfea16fff]
Aug  1 20:03:25 test-cx22-pool-small-static-worker1 kernel: [    0.548375] pci 0000:00:02.6: [1b36:000c] type 01 class 0x060400
Aug  1 20:03:25 test-cx22-pool-small-static-worker1 kernel: [    0.552803] pci 0000:00:02.6: reg 0x10: [mem 0xfea17000-0xfea17fff]
Aug  1 20:03:25 test-cx22-pool-small-static-worker1 dhclient[618]: DHCPREQUEST for 116.203.218.186 on enp1s0 to 255.255.255.255 port 67 (xid=0xf7ec0f0)
Aug  1 20:03:25 test-cx22-pool-small-static-worker1 kernel: [    0.561510] pci 0000:00:02.7: [1b36:000c] type 01 class 0x060400
Aug  1 20:03:25 test-cx22-pool-small-static-worker1 kernel: [    0.569852] pci 0000:00:02.7: reg 0x10: [mem 0xfea18000-0xfea18fff]
Aug  1 20:03:25 test-cx22-pool-small-static-worker1 kernel: [    0.577394] pci 0000:00:03.0: [1b36:000c] type 01 class 0x060400
Aug  1 20:03:25 test-cx22-pool-small-static-worker1 dhclient[618]: DHCPACK of 116.203.218.186 from 172.31.1.1 (xid=0xf0c07e0f)
Aug  1 20:03:25 test-cx22-pool-small-static-worker1 kernel: [    0.582889] pci 0000:00:03.0: reg 0x10: [mem 0xfea19000-0xfea19fff]
Aug  1 20:03:25 test-cx22-pool-small-static-worker1 kernel: [    0.603628] pci 0000:00:1f.0: [8086:2918] type 00 class 0x060100
Aug  1 20:03:25 test-cx22-pool-small-static-worker1 kernel: [    0.605410] pci 0000:00:1f.0: quirk: [io  0x0600-0x067f] claimed by ICH6 ACPI/GPIO/TCO
Aug  1 20:03:25 test-cx22-pool-small-static-worker1 kernel: [    0.607637] pci 0000:00:1f.2: [8086:2922] type 00 class 0x010601
Aug  1 20:03:25 test-cx22-pool-small-static-worker1 kernel: [    0.620221] pci 0000:00:1f.2: reg 0x20: [io  0xc040-0xc05f]
Aug  1 20:03:25 test-cx22-pool-small-static-worker1 kernel: [    0.624810] pci 0000:00:1f.2: reg 0x24: [mem 0xfea1a000-0xfea1afff]
Aug  1 20:03:25 test-cx22-pool-small-static-worker1 dhclient[623]: execve (/bin/true, ...): Permission denied
Aug  1 20:03:25 test-cx22-pool-small-static-worker1 kernel: [    0.629061] pci 0000:00:1f.3: [8086:2930] type 00 class 0x0c0500
Aug  1 20:03:25 test-cx22-pool-small-static-worker1 kernel: [    0.639225] pci 0000:00:1f.3: reg 0x20: [io  0x0700-0x073f]
Aug  1 20:03:25 test-cx22-pool-small-static-worker1 kernel: [    0.644514] pci 0000:01:00.0: [1af4:1041] type 00 class 0x020000
Aug  1 20:03:25 test-cx22-pool-small-static-worker1 kernel: [    0.648801] pci 0000:01:00.0: reg 0x14: [mem 0xfe880000-0xfe880fff]
Aug  1 20:03:25 test-cx22-pool-small-static-worker1 kernel: [    0.658004] pci 0000:01:00.0: reg 0x20: [mem 0xfd000000-0xfd003fff 64bit pref]
Aug  1 20:03:25 test-cx22-pool-small-static-worker1 kernel: [    0.660800] pci 0000:01:00.0: reg 0x30: [mem 0xfe800000-0xfe87ffff pref]
Aug  1 20:03:25 test-cx22-pool-small-static-worker1 dhclient[618]: bound to 116.203.218.186 -- renewal in 42538 seconds.
Aug  1 20:03:25 test-cx22-pool-small-static-worker1 kernel: [    0.677251] pci 0000:00:02.0: PCI bridge to [bus 01]
Aug  1 20:03:25 test-cx22-pool-small-static-worker1 kernel: [    0.678514] pci 0000:00:02.0:   bridge window [mem 0xfe800000-0xfe9fffff]
Aug  1 20:03:25 test-cx22-pool-small-static-worker1 kernel: [    0.680080] pci 0000:00:02.0:   bridge window [mem 0xfd000000-0xfd1fffff 64bit pref]
Aug  1 20:03:25 test-cx22-pool-small-static-worker1 kernel: [    0.682767] pci 0000:02:00.0: [1b36:000d] type 00 class 0x0c0330
Aug  1 20:03:25 test-cx22-pool-small-static-worker1 kernel: [    0.685500] pci 0000:02:00.0: reg 0x10: [mem 0xfe600000-0xfe603fff 64bit]
Aug  1 20:03:25 test-cx22-pool-small-static-worker1 kernel: [    0.705418] pci 0000:00:02.1: PCI bridge to [bus 02]
Aug  1 20:03:25 test-cx22-pool-small-static-worker1 cloud-init[615]: 2024-08-01 20:03:16,418 - schema.py[WARNING]: Invalid network-config provided: Please run 'sudo cloud-init schema --system' to see the schema errors.
Aug  1 20:03:25 test-cx22-pool-small-static-worker1 kernel: [    0.706551] pci 0000:00:02.1:   bridge window [mem 0xfe600000-0xfe7fffff]
Aug  1 20:03:25 test-cx22-pool-small-static-worker1 systemd-udevd[451]: Using default interface naming scheme 'v249'.
Aug  1 20:03:25 test-cx22-pool-small-static-worker1 kernel: [    0.708135] pci 0000:00:02.1:   bridge window [mem 0xfce00000-0xfcffffff 64bit pref]
Aug  1 20:03:25 test-cx22-pool-small-static-worker1 kernel: [    0.710209] pci 0000:03:00.0: [1af4:1043] type 00 class 0x078000
Aug  1 20:03:25 test-cx22-pool-small-static-worker1 kernel: [    0.714338] pci 0000:03:00.0: reg 0x14: [mem 0xfe400000-0xfe400fff]
Aug  1 20:03:25 test-cx22-pool-small-static-worker1 kernel: [    0.722778] pci 0000:03:00.0: reg 0x20: [mem 0xfcc00000-0xfcc03fff 64bit pref]
Aug  1 20:03:25 test-cx22-pool-small-static-worker1 systemd[1]: Condition check resulted in OpenVSwitch configuration for cleanup being skipped.
Aug  1 20:03:25 test-cx22-pool-small-static-worker1 kernel: [    0.739110] pci 0000:00:02.2: PCI bridge to [bus 03]
Aug  1 20:03:25 test-cx22-pool-small-static-worker1 kernel: [    0.740001] pci 0000:00:02.2:   bridge window [mem 0xfe400000-0xfe5fffff]
Aug  1 20:03:25 test-cx22-pool-small-static-worker1 kernel: [    0.740814] pci 0000:00:02.2:   bridge window [mem 0xfcc00000-0xfcdfffff 64bit pref]
Aug  1 20:03:25 test-cx22-pool-small-static-worker1 kernel: [    0.743591] pci 0000:04:00.0: [1af4:1045] type 00 class 0x00ff00
Aug  1 20:03:25 test-cx22-pool-small-static-worker1 kernel: [    0.748551] pci 0000:04:00.0: reg 0x20: [mem 0xfca00000-0xfca03fff 64bit pref]
Aug  1 20:03:25 test-cx22-pool-small-static-worker1 kernel: [    0.763612] pci 0000:00:02.3: PCI bridge to [bus 04]
Aug  1 20:03:25 test-cx22-pool-small-static-worker1 kernel: [    0.764520] pci 0000:00:02.3:   bridge window [mem 0xfe200000-0xfe3fffff]
Aug  1 20:03:25 test-cx22-pool-small-static-worker1 kernel: [    0.764817] pci 0000:00:02.3:   bridge window [mem 0xfca00000-0xfcbfffff 64bit pref]
Aug  1 20:03:25 test-cx22-pool-small-static-worker1 kernel: [    0.767544] pci 0000:05:00.0: [1af4:1044] type 00 class 0x00ff00
Aug  1 20:03:25 test-cx22-pool-small-static-worker1 kernel: [    0.774513] pci 0000:05:00.0: reg 0x20: [mem 0xfc800000-0xfc803fff 64bit pref]
Aug  1 20:03:25 test-cx22-pool-small-static-worker1 kernel: [    0.790082] pci 0000:00:02.4: PCI bridge to [bus 05]
Aug  1 20:03:25 test-cx22-pool-small-static-worker1 kernel: [    0.791186] pci 0000:00:02.4:   bridge window [mem 0xfe000000-0xfe1fffff]
Aug  1 20:03:25 test-cx22-pool-small-static-worker1 kernel: [    0.792593] pci 0000:00:02.4:   bridge window [mem 0xfc800000-0xfc9fffff 64bit pref]
Aug  1 20:03:25 test-cx22-pool-small-static-worker1 kernel: [    0.794629] pci 0000:06:00.0: [1af4:1048] type 00 class 0x010000
Aug  1 20:03:25 test-cx22-pool-small-static-worker1 kernel: [    0.804816] pci 0000:06:00.0: reg 0x14: [mem 0xfde00000-0xfde00fff]
Aug  1 20:03:25 test-cx22-pool-small-static-worker1 kernel: [    0.816804] pci 0000:06:00.0: reg 0x20: [mem 0xfc600000-0xfc603fff 64bit pref]
Aug  1 20:03:25 test-cx22-pool-small-static-worker1 kernel: [    0.836073] pci 0000:00:02.5: PCI bridge to [bus 06]
Aug  1 20:03:25 test-cx22-pool-small-static-worker1 kernel: [    0.836843] pci 0000:00:02.5:   bridge window [mem 0xfde00000-0xfdffffff]
Aug  1 20:03:25 test-cx22-pool-small-static-worker1 kernel: [    0.838450] pci 0000:00:02.5:   bridge window [mem 0xfc600000-0xfc7fffff 64bit pref]
Aug  1 20:03:25 test-cx22-pool-small-static-worker1 kernel: [    0.841943] acpiphp: Slot [0] registered
Aug  1 20:03:25 test-cx22-pool-small-static-worker1 kernel: [    0.843438] pci 0000:07:00.0: [1af4:1041] type 00 class 0x020000
Aug  1 20:03:25 test-cx22-pool-small-static-worker1 kernel: [    0.848803] pci 0000:07:00.0: reg 0x14: [mem 0xfdc80000-0xfdc80fff]
Aug  1 20:03:25 test-cx22-pool-small-static-worker1 kernel: [    0.858167] pci 0000:07:00.0: reg 0x20: [mem 0xfc400000-0xfc403fff 64bit pref]
Aug  1 20:03:25 test-cx22-pool-small-static-worker1 kernel: [    0.864045] pci 0000:07:00.0: reg 0x30: [mem 0xfdc00000-0xfdc7ffff pref]
Aug  1 20:03:25 test-cx22-pool-small-static-worker1 kernel: [    0.879539] pci 0000:00:02.6: PCI bridge to [bus 07]
Aug  1 20:03:25 test-cx22-pool-small-static-worker1 kernel: [    0.880665] pci 0000:00:02.6:   bridge window [mem 0xfdc00000-0xfddfffff]
Aug  1 20:03:25 test-cx22-pool-small-static-worker1 kernel: [    0.880828] pci 0000:00:02.6:   bridge window [mem 0xfc400000-0xfc5fffff 64bit pref]
Aug  1 20:03:25 test-cx22-pool-small-static-worker1 kernel: [    0.884347] acpiphp: Slot [0-2] registered
Aug  1 20:03:25 test-cx22-pool-small-static-worker1 kernel: [    0.897515] pci 0000:00:02.7: PCI bridge to [bus 08]
Aug  1 20:03:25 test-cx22-pool-small-static-worker1 kernel: [    0.898833] pci 0000:00:02.7:   bridge window [mem 0xfda00000-0xfdbfffff]
Aug  1 20:03:25 test-cx22-pool-small-static-worker1 systemd[1]: message repeated 2 times: [ Condition check resulted in OpenVSwitch configuration for cleanup being skipped.]
Aug  1 20:03:25 test-cx22-pool-small-static-worker1 systemd[1]: Finished Initial cloud-init job (pre-networking).
Aug  1 20:03:25 test-cx22-pool-small-static-worker1 kernel: [    0.900435] pci 0000:00:02.7:   bridge window [mem 0xfc200000-0xfc3fffff 64bit pref]
Aug  1 20:03:25 test-cx22-pool-small-static-worker1 kernel: [    0.902735] acpiphp: Slot [0-3] registered
Aug  1 20:03:25 test-cx22-pool-small-static-worker1 kernel: [    0.917482] pci 0000:00:03.0: PCI bridge to [bus 09]
Aug  1 20:03:25 test-cx22-pool-small-static-worker1 kernel: [    0.918758] pci 0000:00:03.0:   bridge window [mem 0xfd800000-0xfd9fffff]
Aug  1 20:03:25 test-cx22-pool-small-static-worker1 kernel: [    0.920332] pci 0000:00:03.0:   bridge window [mem 0xfc000000-0xfc1fffff 64bit pref]
Aug  1 20:03:25 test-cx22-pool-small-static-worker1 kernel: [    0.935687] ACPI: PCI: Interrupt link LNKA configured for IRQ 10
Aug  1 20:03:25 test-cx22-pool-small-static-worker1 systemd[1]: Reached target Preparation for Network.
Aug  1 20:03:25 test-cx22-pool-small-static-worker1 kernel: [    0.937002] ACPI: PCI: Interrupt link LNKB configured for IRQ 10
Aug  1 20:03:25 test-cx22-pool-small-static-worker1 kernel: [    0.938384] ACPI: PCI: Interrupt link LNKC configured for IRQ 11
Aug  1 20:03:25 test-cx22-pool-small-static-worker1 kernel: [    0.939773] ACPI: PCI: Interrupt link LNKD configured for IRQ 11
Aug  1 20:03:25 test-cx22-pool-small-static-worker1 kernel: [    0.940952] ACPI: PCI: Interrupt link LNKE configured for IRQ 10
Aug  1 20:03:25 test-cx22-pool-small-static-worker1 systemd[1]: Starting Network Configuration...
Aug  1 20:03:25 test-cx22-pool-small-static-worker1 kernel: [    0.944415] ACPI: PCI: Interrupt link LNKF configured for IRQ 10
Aug  1 20:03:25 test-cx22-pool-small-static-worker1 systemd-networkd[651]: lo: Link UP
Aug  1 20:03:25 test-cx22-pool-small-static-worker1 systemd-networkd[651]: lo: Gained carrier
Aug  1 20:03:25 test-cx22-pool-small-static-worker1 systemd-networkd[651]: Enumeration completed
Aug  1 20:03:25 test-cx22-pool-small-static-worker1 systemd-networkd[651]: eth0: Link UP
Aug  1 20:03:25 test-cx22-pool-small-static-worker1 systemd-networkd[651]: eth0: Gained carrier
Aug  1 20:03:25 test-cx22-pool-small-static-worker1 systemd[1]: Started Network Configuration.
Aug  1 20:03:25 test-cx22-pool-small-static-worker1 systemd-timesyncd[597]: Network configuration changed, trying to establish connection.
Aug  1 20:03:25 test-cx22-pool-small-static-worker1 systemd-networkd[651]: eth0: Link DOWN
Aug  1 20:03:25 test-cx22-pool-small-static-worker1 systemd-networkd[651]: eth0: Lost carrier
Aug  1 20:03:25 test-cx22-pool-small-static-worker1 systemd-networkd[651]: eth0: Link UP
Aug  1 20:03:25 test-cx22-pool-small-static-worker1 systemd[1]: Starting Wait for Network to be Configured...
Aug  1 20:03:25 test-cx22-pool-small-static-worker1 kernel: [    0.944956] ACPI: PCI: Interrupt link LNKG configured for IRQ 11
Aug  1 20:03:25 test-cx22-pool-small-static-worker1 systemd[1]: Starting Network Name Resolution...
Aug  1 20:03:25 test-cx22-pool-small-static-worker1 kernel: [    0.946287] ACPI: PCI: Interrupt link LNKH configured for IRQ 11
Aug  1 20:03:25 test-cx22-pool-small-static-worker1 kernel: [    0.947656] ACPI: PCI: Interrupt link GSIA configured for IRQ 16
Aug  1 20:03:25 test-cx22-pool-small-static-worker1 kernel: [    0.948819] ACPI: PCI: Interrupt link GSIB configured for IRQ 17
Aug  1 20:03:25 test-cx22-pool-small-static-worker1 kernel: [    0.950144] ACPI: PCI: Interrupt link GSIC configured for IRQ 18
Aug  1 20:03:25 test-cx22-pool-small-static-worker1 kernel: [    0.951489] ACPI: PCI: Interrupt link GSID configured for IRQ 19
Aug  1 20:03:25 test-cx22-pool-small-static-worker1 kernel: [    0.952799] ACPI: PCI: Interrupt link GSIE configured for IRQ 20
Aug  1 20:03:25 test-cx22-pool-small-static-worker1 kernel: [    0.954070] ACPI: PCI: Interrupt link GSIF configured for IRQ 21
Aug  1 20:03:25 test-cx22-pool-small-static-worker1 systemd-networkd[651]: eth0: Gained carrier
Aug  1 20:03:25 test-cx22-pool-small-static-worker1 kernel: [    0.955352] ACPI: PCI: Interrupt link GSIG configured for IRQ 22
Aug  1 20:03:25 test-cx22-pool-small-static-worker1 kernel: [    0.956625] ACPI: PCI: Interrupt link GSIH configured for IRQ 23
Aug  1 20:03:25 test-cx22-pool-small-static-worker1 kernel: [    0.957433] iommu: Default domain type: Translated 
Aug  1 20:03:25 test-cx22-pool-small-static-worker1 kernel: [    0.957654] iommu: DMA domain TLB invalidation policy: lazy mode 
Aug  1 20:03:25 test-cx22-pool-small-static-worker1 kernel: [    0.957654] SCSI subsystem initialized
Aug  1 20:03:25 test-cx22-pool-small-static-worker1 systemd-resolved[653]: Positive Trust Anchors:
Aug  1 20:03:25 test-cx22-pool-small-static-worker1 kernel: [    0.960823] libata version 3.00 loaded.
Aug  1 20:03:25 test-cx22-pool-small-static-worker1 kernel: [    0.961401] pci 0000:00:01.0: vgaarb: setting as boot VGA device
Aug  1 20:03:25 test-cx22-pool-small-static-worker1 kernel: [    0.962171] pci 0000:00:01.0: vgaarb: VGA device added: decodes=io+mem,owns=io+mem,locks=none
Aug  1 20:03:25 test-cx22-pool-small-static-worker1 kernel: [    0.963955] pci 0000:00:01.0: vgaarb: bridge control possible
Aug  1 20:03:25 test-cx22-pool-small-static-worker1 kernel: [    0.964796] vgaarb: loaded
Aug  1 20:03:25 test-cx22-pool-small-static-worker1 systemd-resolved[653]: . IN DS 20326 8 2 e06d44b80b8f1d39a95c0b0d7c65d08458e880409bbc683457104237c7f8ec8d
Aug  1 20:03:25 test-cx22-pool-small-static-worker1 kernel: [    0.965539] ACPI: bus type USB registered
Aug  1 20:03:25 test-cx22-pool-small-static-worker1 kernel: [    0.966510] usbcore: registered new interface driver usbfs
Aug  1 20:03:25 test-cx22-pool-small-static-worker1 kernel: [    0.967744] usbcore: registered new interface driver hub
Aug  1 20:03:25 test-cx22-pool-small-static-worker1 kernel: [    0.968815] usbcore: registered new device driver usb
Aug  1 20:03:25 test-cx22-pool-small-static-worker1 kernel: [    0.969907] pps_core: LinuxPPS API ver. 1 registered
Aug  1 20:03:25 test-cx22-pool-small-static-worker1 kernel: [    0.970962] pps_core: Software ver. 5.3.6 - Copyright 2005-2007 Rodolfo Giometti <giometti@linux.it>
Aug  1 20:03:25 test-cx22-pool-small-static-worker1 kernel: [    0.972811] PTP clock support registered
Aug  1 20:03:25 test-cx22-pool-small-static-worker1 systemd-resolved[653]: Negative trust anchors: home.arpa 10.in-addr.arpa 16.172.in-addr.arpa 17.172.in-addr.arpa 18.172.in-addr.arpa 19.172.in-addr.arpa 20.172.in-addr.arpa 21.172.in-addr.arpa 22.172.in-addr.arpa 23.172.in-addr.arpa 24.172.in-addr.arpa 25.172.in-addr.arpa 26.172.in-addr.arpa 27.172.in-addr.arpa 28.172.in-addr.arpa 29.172.in-addr.arpa 30.172.in-addr.arpa 31.172.in-addr.arpa 168.192.in-addr.arpa d.f.ip6.arpa corp home internal intranet lan local private test
Aug  1 20:03:25 test-cx22-pool-small-static-worker1 kernel: [    0.973748] EDAC MC: Ver: 3.0.0
Aug  1 20:03:25 test-cx22-pool-small-static-worker1 kernel: [    0.973748] NetLabel: Initializing
Aug  1 20:03:25 test-cx22-pool-small-static-worker1 kernel: [    0.975353] NetLabel:  domain hash size = 128
Aug  1 20:03:25 test-cx22-pool-small-static-worker1 systemd-resolved[653]: Using system hostname 'test-cx22-pool-small-static-worker1'.
Aug  1 20:03:25 test-cx22-pool-small-static-worker1 kernel: [    0.980801] NetLabel:  protocols = UNLABELED CIPSOv4 CALIPSO
Aug  1 20:03:25 test-cx22-pool-small-static-worker1 kernel: [    0.983906] NetLabel:  unlabeled traffic allowed by default
Aug  1 20:03:25 test-cx22-pool-small-static-worker1 kernel: [    0.984879] PCI: Using ACPI for IRQ routing
Aug  1 20:03:25 test-cx22-pool-small-static-worker1 systemd[1]: Started Network Name Resolution.
Aug  1 20:03:25 test-cx22-pool-small-static-worker1 kernel: [    1.140686] PCI: pci_cache_line_size set to 64 bytes
Aug  1 20:03:25 test-cx22-pool-small-static-worker1 systemd-networkd[651]: eth0: DHCPv4 address 116.203.218.186/32 via 172.31.1.1
Aug  1 20:03:25 test-cx22-pool-small-static-worker1 kernel: [    1.141147] e820: reserve RAM buffer [mem 0x0009fc00-0x0009ffff]
Aug  1 20:03:25 test-cx22-pool-small-static-worker1 kernel: [    1.141153] e820: reserve RAM buffer [mem 0x7ffdc000-0x7fffffff]
Aug  1 20:03:25 test-cx22-pool-small-static-worker1 kernel: [    1.141156] e820: reserve RAM buffer [mem 0x17a000000-0x17bffffff]
Aug  1 20:03:25 test-cx22-pool-small-static-worker1 kernel: [    1.141965] hpet0: at MMIO 0xfed00000, IRQs 2, 8, 0
Aug  1 20:03:25 test-cx22-pool-small-static-worker1 kernel: [    1.144799] hpet0: 3 comparators, 64-bit 100.000000 MHz counter
Aug  1 20:03:25 test-cx22-pool-small-static-worker1 systemd[1]: Reached target Network.
Aug  1 20:03:25 test-cx22-pool-small-static-worker1 kernel: [    1.149015] clocksource: Switched to clocksource kvm-clock
Aug  1 20:03:25 test-cx22-pool-small-static-worker1 kernel: [    1.172781] VFS: Disk quotas dquot_6.6.0
Aug  1 20:03:25 test-cx22-pool-small-static-worker1 kernel: [    1.173642] VFS: Dquot-cache hash table entries: 512 (order 0, 4096 bytes)
Aug  1 20:03:25 test-cx22-pool-small-static-worker1 kernel: [    1.175138] AppArmor: AppArmor Filesystem Enabled
Aug  1 20:03:25 test-cx22-pool-small-static-worker1 kernel: [    1.176149] pnp: PnP ACPI init
Aug  1 20:03:25 test-cx22-pool-small-static-worker1 kernel: [    1.177019] system 00:04: [mem 0xb0000000-0xbfffffff window] has been reserved
Aug  1 20:03:25 test-cx22-pool-small-static-worker1 systemd[1]: Reached target Host and Network Name Lookups.
Aug  1 20:03:25 test-cx22-pool-small-static-worker1 kernel: [    1.178438] pnp: PnP ACPI: found 5 devices
Aug  1 20:03:25 test-cx22-pool-small-static-worker1 kernel: [    1.185131] clocksource: acpi_pm: mask: 0xffffff max_cycles: 0xffffff, max_idle_ns: 2085701024 ns
Aug  1 20:03:25 test-cx22-pool-small-static-worker1 kernel: [    1.186729] NET: Registered PF_INET protocol family
Aug  1 20:03:25 test-cx22-pool-small-static-worker1 kernel: [    1.187709] IP idents hash table entries: 65536 (order: 7, 524288 bytes, linear)
Aug  1 20:03:25 test-cx22-pool-small-static-worker1 systemd-timesyncd[597]: Network configuration changed, trying to establish connection.
Aug  1 20:03:25 test-cx22-pool-small-static-worker1 kernel: [    1.190366] tcp_listen_portaddr_hash hash table entries: 2048 (order: 3, 32768 bytes, linear)
Aug  1 20:03:25 test-cx22-pool-small-static-worker1 kernel: [    1.192266] Table-perturb hash table entries: 65536 (order: 6, 262144 bytes, linear)
Aug  1 20:03:25 test-cx22-pool-small-static-worker1 systemd-networkd[651]: eth0: Gained IPv6LL
Aug  1 20:03:25 test-cx22-pool-small-static-worker1 kernel: [    1.193514] TCP established hash table entries: 32768 (order: 6, 262144 bytes, linear)
Aug  1 20:03:25 test-cx22-pool-small-static-worker1 kernel: [    1.194998] TCP bind hash table entries: 32768 (order: 7, 524288 bytes, linear)
Aug  1 20:03:25 test-cx22-pool-small-static-worker1 kernel: [    1.196206] TCP: Hash tables configured (established 32768 bind 32768)
Aug  1 20:03:25 test-cx22-pool-small-static-worker1 kernel: [    1.197348] MPTCP token hash table entries: 4096 (order: 4, 98304 bytes, linear)
Aug  1 20:03:25 test-cx22-pool-small-static-worker1 kernel: [    1.198557] UDP hash table entries: 2048 (order: 4, 65536 bytes, linear)
Aug  1 20:03:25 test-cx22-pool-small-static-worker1 systemd-timesyncd[597]: Network configuration changed, trying to establish connection.
Aug  1 20:03:25 test-cx22-pool-small-static-worker1 kernel: [    1.199616] UDP-Lite hash table entries: 2048 (order: 4, 65536 bytes, linear)
Aug  1 20:03:25 test-cx22-pool-small-static-worker1 kernel: [    1.200800] NET: Registered PF_UNIX/PF_LOCAL protocol family
Aug  1 20:03:25 test-cx22-pool-small-static-worker1 kernel: [    1.201716] NET: Registered PF_XDP protocol family
Aug  1 20:03:25 test-cx22-pool-small-static-worker1 kernel: [    1.202511] pci 0000:00:02.6: bridge window [io  0x1000-0x0fff] to [bus 07] add_size 1000
Aug  1 20:03:25 test-cx22-pool-small-static-worker1 kernel: [    1.203896] pci 0000:00:02.7: bridge window [io  0x1000-0x0fff] to [bus 08] add_size 1000
Aug  1 20:03:25 test-cx22-pool-small-static-worker1 kernel: [    1.205203] pci 0000:00:03.0: bridge window [io  0x1000-0x0fff] to [bus 09] add_size 1000
Aug  1 20:03:25 test-cx22-pool-small-static-worker1 kernel: [    1.206506] pci 0000:00:02.6: BAR 13: assigned [io  0x1000-0x1fff]
Aug  1 20:03:25 test-cx22-pool-small-static-worker1 systemd-timesyncd[597]: Network configuration changed, trying to establish connection.
Aug  1 20:03:25 test-cx22-pool-small-static-worker1 systemd[1]: Finished Wait for Network to be Configured.
Aug  1 20:03:25 test-cx22-pool-small-static-worker1 kernel: [    1.207758] pci 0000:00:02.7: BAR 13: assigned [io  0x2000-0x2fff]
Aug  1 20:03:25 test-cx22-pool-small-static-worker1 kernel: [    1.209194] pci 0000:00:03.0: BAR 13: assigned [io  0x3000-0x3fff]
Aug  1 20:03:25 test-cx22-pool-small-static-worker1 kernel: [    1.210696] pci 0000:00:02.0: PCI bridge to [bus 01]
Aug  1 20:03:25 test-cx22-pool-small-static-worker1 kernel: [    1.215095] pci 0000:00:02.0:   bridge window [mem 0xfe800000-0xfe9fffff]
Aug  1 20:03:25 test-cx22-pool-small-static-worker1 kernel: [    1.217636] pci 0000:00:02.0:   bridge window [mem 0xfd000000-0xfd1fffff 64bit pref]
Aug  1 20:03:25 test-cx22-pool-small-static-worker1 kernel: [    1.221617] pci 0000:00:02.1: PCI bridge to [bus 02]
Aug  1 20:03:25 test-cx22-pool-small-static-worker1 kernel: [    1.224941] pci 0000:00:02.1:   bridge window [mem 0xfe600000-0xfe7fffff]
Aug  1 20:03:25 test-cx22-pool-small-static-worker1 kernel: [    1.227536] pci 0000:00:02.1:   bridge window [mem 0xfce00000-0xfcffffff 64bit pref]
Aug  1 20:03:25 test-cx22-pool-small-static-worker1 kernel: [    1.231668] pci 0000:00:02.2: PCI bridge to [bus 03]
Aug  1 20:03:25 test-cx22-pool-small-static-worker1 systemd[1]: Starting Initial cloud-init job (metadata service crawler)...
Aug  1 20:03:25 test-cx22-pool-small-static-worker1 kernel: [    1.235358] pci 0000:00:02.2:   bridge window [mem 0xfe400000-0xfe5fffff]
Aug  1 20:03:25 test-cx22-pool-small-static-worker1 kernel: [    1.237375] pci 0000:00:02.2:   bridge window [mem 0xfcc00000-0xfcdfffff 64bit pref]
Aug  1 20:03:25 test-cx22-pool-small-static-worker1 cloud-init[658]: Cloud-init v. 24.1.3-0ubuntu1~22.04.5 running 'init' at Thu, 01 Aug 2024 20:03:20 +0000. Up 10.93 seconds.
Aug  1 20:03:25 test-cx22-pool-small-static-worker1 kernel: [    1.240523] pci 0000:00:02.3: PCI bridge to [bus 04]
Aug  1 20:03:25 test-cx22-pool-small-static-worker1 kernel: [    1.242681] pci 0000:00:02.3:   bridge window [mem 0xfe200000-0xfe3fffff]
Aug  1 20:03:25 test-cx22-pool-small-static-worker1 kernel: [    1.244908] pci 0000:00:02.3:   bridge window [mem 0xfca00000-0xfcbfffff 64bit pref]
Aug  1 20:03:25 test-cx22-pool-small-static-worker1 kernel: [    1.249452] pci 0000:00:02.4: PCI bridge to [bus 05]
Aug  1 20:03:25 test-cx22-pool-small-static-worker1 kernel: [    1.251545] pci 0000:00:02.4:   bridge window [mem 0xfe000000-0xfe1fffff]
Aug  1 20:03:25 test-cx22-pool-small-static-worker1 kernel: [    1.253450] pci 0000:00:02.4:   bridge window [mem 0xfc800000-0xfc9fffff 64bit pref]
Aug  1 20:03:25 test-cx22-pool-small-static-worker1 cloud-init[658]: ci-info: ++++++++++++++++++++++++++++++++++++++++Net device info++++++++++++++++++++++++++++++++++++++++
Aug  1 20:03:25 test-cx22-pool-small-static-worker1 kernel: [    1.256430] pci 0000:00:02.5: PCI bridge to [bus 06]
Aug  1 20:03:25 test-cx22-pool-small-static-worker1 kernel: [    1.260369] pci 0000:00:02.5:   bridge window [mem 0xfde00000-0xfdffffff]
Aug  1 20:03:25 test-cx22-pool-small-static-worker1 kernel: [    1.262226] pci 0000:00:02.5:   bridge window [mem 0xfc600000-0xfc7fffff 64bit pref]
Aug  1 20:03:25 test-cx22-pool-small-static-worker1 kernel: [    1.265075] pci 0000:00:02.6: PCI bridge to [bus 07]
Aug  1 20:03:25 test-cx22-pool-small-static-worker1 kernel: [    1.265953] pci 0000:00:02.6:   bridge window [io  0x1000-0x1fff]
Aug  1 20:03:25 test-cx22-pool-small-static-worker1 kernel: [    1.268199] pci 0000:00:02.6:   bridge window [mem 0xfdc00000-0xfddfffff]
Aug  1 20:03:25 test-cx22-pool-small-static-worker1 kernel: [    1.272429] pci 0000:00:02.6:   bridge window [mem 0xfc400000-0xfc5fffff 64bit pref]
Aug  1 20:03:25 test-cx22-pool-small-static-worker1 kernel: [    1.275410] pci 0000:00:02.7: PCI bridge to [bus 08]
Aug  1 20:03:25 test-cx22-pool-small-static-worker1 kernel: [    1.276299] pci 0000:00:02.7:   bridge window [io  0x2000-0x2fff]
Aug  1 20:03:25 test-cx22-pool-small-static-worker1 kernel: [    1.278502] pci 0000:00:02.7:   bridge window [mem 0xfda00000-0xfdbfffff]
Aug  1 20:03:25 test-cx22-pool-small-static-worker1 kernel: [    1.280429] pci 0000:00:02.7:   bridge window [mem 0xfc200000-0xfc3fffff 64bit pref]
Aug  1 20:03:25 test-cx22-pool-small-static-worker1 kernel: [    1.285633] pci 0000:00:03.0: PCI bridge to [bus 09]
Aug  1 20:03:25 test-cx22-pool-small-static-worker1 kernel: [    1.286450] pci 0000:00:03.0:   bridge window [io  0x3000-0x3fff]
Aug  1 20:03:25 test-cx22-pool-small-static-worker1 kernel: [    1.288666] pci 0000:00:03.0:   bridge window [mem 0xfd800000-0xfd9fffff]
Aug  1 20:03:25 test-cx22-pool-small-static-worker1 kernel: [    1.290560] pci 0000:00:03.0:   bridge window [mem 0xfc000000-0xfc1fffff 64bit pref]
Aug  1 20:03:25 test-cx22-pool-small-static-worker1 kernel: [    1.293402] pci_bus 0000:00: resource 4 [io  0x0000-0x0cf7 window]
Aug  1 20:03:25 test-cx22-pool-small-static-worker1 kernel: [    1.296763] pci_bus 0000:00: resource 5 [io  0x0d00-0xffff window]
Aug  1 20:03:25 test-cx22-pool-small-static-worker1 kernel: [    1.298117] pci_bus 0000:00: resource 6 [mem 0x000a0000-0x000bffff window]
Aug  1 20:03:25 test-cx22-pool-small-static-worker1 kernel: [    1.299222] pci_bus 0000:00: resource 7 [mem 0x80000000-0xafffffff window]
Aug  1 20:03:25 test-cx22-pool-small-static-worker1 kernel: [    1.300277] pci_bus 0000:00: resource 8 [mem 0xc0000000-0xfebfffff window]
Aug  1 20:03:25 test-cx22-pool-small-static-worker1 kernel: [    1.301324] pci_bus 0000:00: resource 9 [mem 0x180000000-0x97fffffff window]
Aug  1 20:03:25 test-cx22-pool-small-static-worker1 kernel: [    1.302397] pci_bus 0000:01: resource 1 [mem 0xfe800000-0xfe9fffff]
Aug  1 20:03:25 test-cx22-pool-small-static-worker1 kernel: [    1.303400] pci_bus 0000:01: resource 2 [mem 0xfd000000-0xfd1fffff 64bit pref]
Aug  1 20:03:25 test-cx22-pool-small-static-worker1 kernel: [    1.304606] pci_bus 0000:02: resource 1 [mem 0xfe600000-0xfe7fffff]
Aug  1 20:03:25 test-cx22-pool-small-static-worker1 kernel: [    1.305592] pci_bus 0000:02: resource 2 [mem 0xfce00000-0xfcffffff 64bit pref]
Aug  1 20:03:25 test-cx22-pool-small-static-worker1 kernel: [    1.306763] pci_bus 0000:03: resource 1 [mem 0xfe400000-0xfe5fffff]
Aug  1 20:03:25 test-cx22-pool-small-static-worker1 kernel: [    1.307750] pci_bus 0000:03: resource 2 [mem 0xfcc00000-0xfcdfffff 64bit pref]
Aug  1 20:03:25 test-cx22-pool-small-static-worker1 kernel: [    1.308948] pci_bus 0000:04: resource 1 [mem 0xfe200000-0xfe3fffff]
Aug  1 20:03:25 test-cx22-pool-small-static-worker1 kernel: [    1.309939] pci_bus 0000:04: resource 2 [mem 0xfca00000-0xfcbfffff 64bit pref]
Aug  1 20:03:25 test-cx22-pool-small-static-worker1 kernel: [    1.311118] pci_bus 0000:05: resource 1 [mem 0xfe000000-0xfe1fffff]
Aug  1 20:03:25 test-cx22-pool-small-static-worker1 kernel: [    1.312138] pci_bus 0000:05: resource 2 [mem 0xfc800000-0xfc9fffff 64bit pref]
Aug  1 20:03:25 test-cx22-pool-small-static-worker1 kernel: [    1.313304] pci_bus 0000:06: resource 1 [mem 0xfde00000-0xfdffffff]
Aug  1 20:03:25 test-cx22-pool-small-static-worker1 kernel: [    1.314296] pci_bus 0000:06: resource 2 [mem 0xfc600000-0xfc7fffff 64bit pref]
Aug  1 20:03:25 test-cx22-pool-small-static-worker1 kernel: [    1.315461] pci_bus 0000:07: resource 0 [io  0x1000-0x1fff]
Aug  1 20:03:25 test-cx22-pool-small-static-worker1 kernel: [    1.316350] pci_bus 0000:07: resource 1 [mem 0xfdc00000-0xfddfffff]
Aug  1 20:03:25 test-cx22-pool-small-static-worker1 kernel: [    1.317392] pci_bus 0000:07: resource 2 [mem 0xfc400000-0xfc5fffff 64bit pref]
Aug  1 20:03:25 test-cx22-pool-small-static-worker1 kernel: [    1.318533] pci_bus 0000:08: resource 0 [io  0x2000-0x2fff]
Aug  1 20:03:25 test-cx22-pool-small-static-worker1 kernel: [    1.319420] pci_bus 0000:08: resource 1 [mem 0xfda00000-0xfdbfffff]
Aug  1 20:03:25 test-cx22-pool-small-static-worker1 kernel: [    1.320406] pci_bus 0000:08: resource 2 [mem 0xfc200000-0xfc3fffff 64bit pref]
Aug  1 20:03:25 test-cx22-pool-small-static-worker1 kernel: [    1.321552] pci_bus 0000:09: resource 0 [io  0x3000-0x3fff]
Aug  1 20:03:25 test-cx22-pool-small-static-worker1 kernel: [    1.322455] pci_bus 0000:09: resource 1 [mem 0xfd800000-0xfd9fffff]
Aug  1 20:03:25 test-cx22-pool-small-static-worker1 kernel: [    1.323430] pci_bus 0000:09: resource 2 [mem 0xfc000000-0xfc1fffff 64bit pref]
Aug  1 20:03:25 test-cx22-pool-small-static-worker1 kernel: [    1.325455] ACPI: \_SB_.GSIG: Enabled at IRQ 22
Aug  1 20:03:25 test-cx22-pool-small-static-worker1 kernel: [    1.331333] PCI: CLS 0 bytes, default 64
Aug  1 20:03:25 test-cx22-pool-small-static-worker1 kernel: [    1.342982] PCI-DMA: Using software bounce buffering for IO (SWIOTLB)
Aug  1 20:03:25 test-cx22-pool-small-static-worker1 kernel: [    1.343101] Trying to unpack rootfs image as initramfs...
Aug  1 20:03:25 test-cx22-pool-small-static-worker1 kernel: [    1.344342] software IO TLB: mapped [mem 0x000000007bfdc000-0x000000007ffdc000] (64MB)
Aug  1 20:03:25 test-cx22-pool-small-static-worker1 kernel: [    1.348943] clocksource: tsc: mask: 0xffffffffffffffff max_cycles: 0x21134f58f0d, max_idle_ns: 440795217993 ns
Aug  1 20:03:25 test-cx22-pool-small-static-worker1 kernel: [    1.351658] Initialise system trusted keyrings
Aug  1 20:03:25 test-cx22-pool-small-static-worker1 kernel: [    1.352695] Key type blacklist registered
Aug  1 20:03:25 test-cx22-pool-small-static-worker1 kernel: [    1.353746] workingset: timestamp_bits=36 max_order=20 bucket_order=0
Aug  1 20:03:25 test-cx22-pool-small-static-worker1 kernel: [    1.356883] zbud: loaded
Aug  1 20:03:25 test-cx22-pool-small-static-worker1 kernel: [    1.357916] squashfs: version 4.0 (2009/01/31) Phillip Lougher
Aug  1 20:03:25 test-cx22-pool-small-static-worker1 kernel: [    1.359471] fuse: init (API version 7.34)
Aug  1 20:03:25 test-cx22-pool-small-static-worker1 kernel: [    1.360648] integrity: Platform Keyring initialized
Aug  1 20:03:25 test-cx22-pool-small-static-worker1 kernel: [    1.369845] Key type asymmetric registered
Aug  1 20:03:25 test-cx22-pool-small-static-worker1 kernel: [    1.370835] Asymmetric key parser 'x509' registered
Aug  1 20:03:25 test-cx22-pool-small-static-worker1 kernel: [    1.371944] Block layer SCSI generic (bsg) driver version 0.4 loaded (major 243)
Aug  1 20:03:25 test-cx22-pool-small-static-worker1 kernel: [    1.373640] io scheduler mq-deadline registered
Aug  1 20:03:25 test-cx22-pool-small-static-worker1 kernel: [    1.379633] pcieport 0000:00:02.0: PME: Signaling with IRQ 24
Aug  1 20:03:25 test-cx22-pool-small-static-worker1 kernel: [    1.381310] pcieport 0000:00:02.0: AER: enabled with IRQ 24
Aug  1 20:03:25 test-cx22-pool-small-static-worker1 kernel: [    1.384740] pcieport 0000:00:02.1: PME: Signaling with IRQ 25
Aug  1 20:03:25 test-cx22-pool-small-static-worker1 kernel: [    1.386326] pcieport 0000:00:02.1: AER: enabled with IRQ 25
Aug  1 20:03:25 test-cx22-pool-small-static-worker1 kernel: [    1.391857] pcieport 0000:00:02.2: PME: Signaling with IRQ 26
Aug  1 20:03:25 test-cx22-pool-small-static-worker1 kernel: [    1.393431] pcieport 0000:00:02.2: AER: enabled with IRQ 26
Aug  1 20:03:25 test-cx22-pool-small-static-worker1 kernel: [    1.399784] pcieport 0000:00:02.3: PME: Signaling with IRQ 27
Aug  1 20:03:25 test-cx22-pool-small-static-worker1 kernel: [    1.401343] pcieport 0000:00:02.3: AER: enabled with IRQ 27
Aug  1 20:03:25 test-cx22-pool-small-static-worker1 kernel: [    1.405664] pcieport 0000:00:02.4: PME: Signaling with IRQ 28
Aug  1 20:03:25 test-cx22-pool-small-static-worker1 kernel: [    1.407193] pcieport 0000:00:02.4: AER: enabled with IRQ 28
Aug  1 20:03:25 test-cx22-pool-small-static-worker1 kernel: [    1.411889] pcieport 0000:00:02.5: PME: Signaling with IRQ 29
Aug  1 20:03:25 test-cx22-pool-small-static-worker1 kernel: [    1.414624] pcieport 0000:00:02.5: AER: enabled with IRQ 29
Aug  1 20:03:25 test-cx22-pool-small-static-worker1 kernel: [    1.427444] pcieport 0000:00:02.6: PME: Signaling with IRQ 30
Aug  1 20:03:25 test-cx22-pool-small-static-worker1 kernel: [    1.431306] pcieport 0000:00:02.6: AER: enabled with IRQ 30
Aug  1 20:03:25 test-cx22-pool-small-static-worker1 kernel: [    1.440017] pcieport 0000:00:02.7: PME: Signaling with IRQ 31
Aug  1 20:03:25 test-cx22-pool-small-static-worker1 kernel: [    1.442262] pcieport 0000:00:02.7: AER: enabled with IRQ 31
Aug  1 20:03:25 test-cx22-pool-small-static-worker1 kernel: [    1.444376] ACPI: \_SB_.GSIH: Enabled at IRQ 23
Aug  1 20:03:25 test-cx22-pool-small-static-worker1 kernel: [    1.448017] pcieport 0000:00:03.0: PME: Signaling with IRQ 32
Aug  1 20:03:25 test-cx22-pool-small-static-worker1 kernel: [    1.449463] pcieport 0000:00:03.0: AER: enabled with IRQ 32
Aug  1 20:03:25 test-cx22-pool-small-static-worker1 kernel: [    1.450926] shpchp: Standard Hot Plug PCI Controller Driver version: 0.4
Aug  1 20:03:25 test-cx22-pool-small-static-worker1 kernel: [    1.452143] input: Power Button as /devices/LNXSYSTM:00/LNXPWRBN:00/input/input0
Aug  1 20:03:25 test-cx22-pool-small-static-worker1 kernel: [    1.453385] ACPI: button: Power Button [PWRF]
Aug  1 20:03:25 test-cx22-pool-small-static-worker1 kernel: [    1.454676] ACPI: \_SB_.GSIF: Enabled at IRQ 21
Aug  1 20:03:25 test-cx22-pool-small-static-worker1 kernel: [    1.471546] Serial: 8250/16550 driver, 32 ports, IRQ sharing enabled
Aug  1 20:03:25 test-cx22-pool-small-static-worker1 kernel: [    1.499449] 00:00: ttyS0 at I/O 0x3f8 (irq = 4, base_baud = 115200) is a 16550A
Aug  1 20:03:25 test-cx22-pool-small-static-worker1 kernel: [    1.552215] Linux agpgart interface v0.103
Aug  1 20:03:25 test-cx22-pool-small-static-worker1 kernel: [    1.558150] loop: module loaded
Aug  1 20:03:25 test-cx22-pool-small-static-worker1 kernel: [    1.559449] tun: Universal TUN/TAP device driver, 1.6
Aug  1 20:03:25 test-cx22-pool-small-static-worker1 kernel: [    1.560420] PPP generic driver version 2.4.2
Aug  1 20:03:25 test-cx22-pool-small-static-worker1 kernel: [    1.561175] VFIO - User Level meta-driver version: 0.3
Aug  1 20:03:25 test-cx22-pool-small-static-worker1 kernel: [    1.562240] ehci_hcd: USB 2.0 'Enhanced' Host Controller (EHCI) Driver
Aug  1 20:03:25 test-cx22-pool-small-static-worker1 kernel: [    1.563355] ehci-pci: EHCI PCI platform driver
Aug  1 20:03:25 test-cx22-pool-small-static-worker1 kernel: [    1.564165] ehci-platform: EHCI generic platform driver
Aug  1 20:03:25 test-cx22-pool-small-static-worker1 kernel: [    1.565193] ohci_hcd: USB 1.1 'Open' Host Controller (OHCI) Driver
Aug  1 20:03:25 test-cx22-pool-small-static-worker1 kernel: [    1.566556] ohci-pci: OHCI PCI platform driver
Aug  1 20:03:25 test-cx22-pool-small-static-worker1 kernel: [    1.567676] ohci-platform: OHCI generic platform driver
Aug  1 20:03:25 test-cx22-pool-small-static-worker1 kernel: [    1.568939] uhci_hcd: USB Universal Host Controller Interface driver
Aug  1 20:03:25 test-cx22-pool-small-static-worker1 kernel: [    1.570846] i8042: PNP: PS/2 Controller [PNP0303:KBD,PNP0f13:MOU] at 0x60,0x64 irq 1,12
Aug  1 20:03:25 test-cx22-pool-small-static-worker1 kernel: [    1.574072] serio: i8042 KBD port at 0x60,0x64 irq 1
Aug  1 20:03:25 test-cx22-pool-small-static-worker1 kernel: [    1.574913] serio: i8042 AUX port at 0x60,0x64 irq 12
Aug  1 20:03:25 test-cx22-pool-small-static-worker1 kernel: [    1.575911] mousedev: PS/2 mouse device common for all mice
Aug  1 20:03:25 test-cx22-pool-small-static-worker1 kernel: [    1.577123] input: AT Translated Set 2 keyboard as /devices/platform/i8042/serio0/input/input1
Aug  1 20:03:25 test-cx22-pool-small-static-worker1 kernel: [    1.578602] rtc_cmos 00:03: RTC can wake from S4
Aug  1 20:03:25 test-cx22-pool-small-static-worker1 kernel: [    1.580026] rtc_cmos 00:03: registered as rtc0
Aug  1 20:03:25 test-cx22-pool-small-static-worker1 kernel: [    1.580904] rtc_cmos 00:03: setting system clock to 2024-08-01T20:03:10 UTC (1722542590)
Aug  1 20:03:25 test-cx22-pool-small-static-worker1 kernel: [    1.582356] rtc_cmos 00:03: alarms up to one day, y3k, 242 bytes nvram
Aug  1 20:03:25 test-cx22-pool-small-static-worker1 kernel: [    1.583418] i2c_dev: i2c /dev entries driver
Aug  1 20:03:25 test-cx22-pool-small-static-worker1 kernel: [    1.584177] device-mapper: core: CONFIG_IMA_DISABLE_HTABLE is disabled. Duplicate IMA measurements will not be recorded in the IMA log.
Aug  1 20:03:25 test-cx22-pool-small-static-worker1 kernel: [    1.586046] device-mapper: uevent: version 1.0.3
Aug  1 20:03:25 test-cx22-pool-small-static-worker1 kernel: [    1.586907] device-mapper: ioctl: 4.45.0-ioctl (2021-03-22) initialised: dm-devel@redhat.com
Aug  1 20:03:25 test-cx22-pool-small-static-worker1 kernel: [    1.588282] platform eisa.0: Probing EISA bus 0
Aug  1 20:03:25 test-cx22-pool-small-static-worker1 kernel: [    1.589025] platform eisa.0: EISA: Cannot allocate resource for mainboard
Aug  1 20:03:25 test-cx22-pool-small-static-worker1 kernel: [    1.590082] platform eisa.0: Cannot allocate resource for EISA slot 1
Aug  1 20:03:25 test-cx22-pool-small-static-worker1 kernel: [    1.591107] platform eisa.0: Cannot allocate resource for EISA slot 2
Aug  1 20:03:25 test-cx22-pool-small-static-worker1 kernel: [    1.592117] platform eisa.0: Cannot allocate resource for EISA slot 3
Aug  1 20:03:25 test-cx22-pool-small-static-worker1 kernel: [    1.593202] platform eisa.0: Cannot allocate resource for EISA slot 4
Aug  1 20:03:25 test-cx22-pool-small-static-worker1 kernel: [    1.594284] platform eisa.0: Cannot allocate resource for EISA slot 5
Aug  1 20:03:25 test-cx22-pool-small-static-worker1 kernel: [    1.595292] platform eisa.0: Cannot allocate resource for EISA slot 6
Aug  1 20:03:25 test-cx22-pool-small-static-worker1 kernel: [    1.596301] platform eisa.0: Cannot allocate resource for EISA slot 7
Aug  1 20:03:25 test-cx22-pool-small-static-worker1 kernel: [    1.597363] platform eisa.0: Cannot allocate resource for EISA slot 8
Aug  1 20:03:25 test-cx22-pool-small-static-worker1 kernel: [    1.598492] platform eisa.0: EISA: Detected 0 cards
Aug  1 20:03:25 test-cx22-pool-small-static-worker1 kernel: [    1.599294] intel_pstate: CPU model not supported
Aug  1 20:03:25 test-cx22-pool-small-static-worker1 kernel: [    1.600307] ledtrig-cpu: registered to indicate activity on CPUs
Aug  1 20:03:25 test-cx22-pool-small-static-worker1 kernel: [    1.601418] drop_monitor: Initializing network drop monitor service
Aug  1 20:03:25 test-cx22-pool-small-static-worker1 kernel: [    1.602535] NET: Registered PF_INET6 protocol family
Aug  1 20:03:25 test-cx22-pool-small-static-worker1 kernel: [    1.660081] Freeing initrd memory: 31084K
Aug  1 20:03:25 test-cx22-pool-small-static-worker1 kernel: [    1.678744] Segment Routing with IPv6
Aug  1 20:03:25 test-cx22-pool-small-static-worker1 kernel: [    1.679738] In-situ OAM (IOAM) with IPv6
Aug  1 20:03:25 test-cx22-pool-small-static-worker1 kernel: [    1.680715] NET: Registered PF_PACKET protocol family
Aug  1 20:03:25 test-cx22-pool-small-static-worker1 kernel: [    1.681989] Key type dns_resolver registered
Aug  1 20:03:25 test-cx22-pool-small-static-worker1 kernel: [    1.684434] No MBM correction factor available
Aug  1 20:03:25 test-cx22-pool-small-static-worker1 kernel: [    1.686243] IPI shorthand broadcast: enabled
Aug  1 20:03:25 test-cx22-pool-small-static-worker1 kernel: [    1.687870] sched_clock: Marking stable (1541188317, 146589045)->(1792089447, -104312085)
Aug  1 20:03:25 test-cx22-pool-small-static-worker1 kernel: [    1.691204] registered taskstats version 1
Aug  1 20:03:25 test-cx22-pool-small-static-worker1 kernel: [    1.693291] Loading compiled-in X.509 certificates
Aug  1 20:03:25 test-cx22-pool-small-static-worker1 kernel: [    1.696291] Loaded X.509 cert 'Build time autogenerated kernel key: 264a14896862d2befc86a06b1bbc23c22f2bdaaa'
Aug  1 20:03:25 test-cx22-pool-small-static-worker1 kernel: [    1.699718] Loaded X.509 cert 'Canonical Ltd. Live Patch Signing: 14df34d1a87cf37625abec039ef2bf521249b969'
Aug  1 20:03:25 test-cx22-pool-small-static-worker1 kernel: [    1.702572] Loaded X.509 cert 'Canonical Ltd. Kernel Module Signing: 88f752e560a1e0737e31163a466ad7b70a850c19'
Aug  1 20:03:25 test-cx22-pool-small-static-worker1 kernel: [    1.704573] blacklist: Loading compiled-in revocation X.509 certificates
Aug  1 20:03:25 test-cx22-pool-small-static-worker1 kernel: [    1.705627] Loaded X.509 cert 'Canonical Ltd. Secure Boot Signing: 61482aa2830d0ab2ad5af10b7250da9033ddcef0'
Aug  1 20:03:25 test-cx22-pool-small-static-worker1 kernel: [    1.707166] Loaded X.509 cert 'Canonical Ltd. Secure Boot Signing (2017): 242ade75ac4a15e50d50c84b0d45ff3eae707a03'
Aug  1 20:03:25 test-cx22-pool-small-static-worker1 kernel: [    1.708786] Loaded X.509 cert 'Canonical Ltd. Secure Boot Signing (ESM 2018): 365188c1d374d6b07c3c8f240f8ef722433d6a8b'
Aug  1 20:03:25 test-cx22-pool-small-static-worker1 kernel: [    1.710431] Loaded X.509 cert 'Canonical Ltd. Secure Boot Signing (2019): c0746fd6c5da3ae827864651ad66ae47fe24b3e8'
Aug  1 20:03:25 test-cx22-pool-small-static-worker1 kernel: [    1.712574] Loaded X.509 cert 'Canonical Ltd. Secure Boot Signing (2021 v1): a8d54bbb3825cfb94fa13c9f8a594a195c107b8d'
Aug  1 20:03:25 test-cx22-pool-small-static-worker1 kernel: [    1.714213] Loaded X.509 cert 'Canonical Ltd. Secure Boot Signing (2021 v2): 4cf046892d6fd3c9a5b03f98d845f90851dc6a8c'
Aug  1 20:03:25 test-cx22-pool-small-static-worker1 kernel: [    1.715855] Loaded X.509 cert 'Canonical Ltd. Secure Boot Signing (2021 v3): 100437bb6de6e469b581e61cd66bce3ef4ed53af'
Aug  1 20:03:25 test-cx22-pool-small-static-worker1 kernel: [    1.717516] Loaded X.509 cert 'Canonical Ltd. Secure Boot Signing (Ubuntu Core 2019): c1d57b8f6b743f23ee41f4f7ee292f06eecadfb9'
Aug  1 20:03:25 test-cx22-pool-small-static-worker1 kernel: [    1.719501] zswap: loaded using pool lzo/zbud
Aug  1 20:03:25 test-cx22-pool-small-static-worker1 kernel: [    1.720861] Key type .fscrypt registered
Aug  1 20:03:25 test-cx22-pool-small-static-worker1 kernel: [    1.721527] Key type fscrypt-provisioning registered
Aug  1 20:03:25 test-cx22-pool-small-static-worker1 kernel: [    1.726582] Key type encrypted registered
Aug  1 20:03:25 test-cx22-pool-small-static-worker1 kernel: [    1.728591] AppArmor: AppArmor sha1 policy hashing enabled
Aug  1 20:03:25 test-cx22-pool-small-static-worker1 kernel: [    1.731239] ima: No TPM chip found, activating TPM-bypass!
Aug  1 20:03:25 test-cx22-pool-small-static-worker1 kernel: [    1.733754] Loading compiled-in module X.509 certificates
Aug  1 20:03:25 test-cx22-pool-small-static-worker1 kernel: [    1.737952] Loaded X.509 cert 'Build time autogenerated kernel key: 264a14896862d2befc86a06b1bbc23c22f2bdaaa'
Aug  1 20:03:25 test-cx22-pool-small-static-worker1 kernel: [    1.742499] ima: Allocated hash algorithm: sha1
Aug  1 20:03:25 test-cx22-pool-small-static-worker1 kernel: [    1.744741] ima: No architecture policies found
Aug  1 20:03:25 test-cx22-pool-small-static-worker1 kernel: [    1.746614] evm: Initialising EVM extended attributes:
Aug  1 20:03:25 test-cx22-pool-small-static-worker1 kernel: [    1.748219] evm: security.selinux
Aug  1 20:03:25 test-cx22-pool-small-static-worker1 kernel: [    1.749530] evm: security.SMACK64
Aug  1 20:03:25 test-cx22-pool-small-static-worker1 kernel: [    1.750722] evm: security.SMACK64EXEC
Aug  1 20:03:25 test-cx22-pool-small-static-worker1 kernel: [    1.752061] evm: security.SMACK64TRANSMUTE
Aug  1 20:03:25 test-cx22-pool-small-static-worker1 kernel: [    1.753260] evm: security.SMACK64MMAP
Aug  1 20:03:25 test-cx22-pool-small-static-worker1 kernel: [    1.754216] evm: security.apparmor
Aug  1 20:03:25 test-cx22-pool-small-static-worker1 kernel: [    1.755159] evm: security.ima
Aug  1 20:03:25 test-cx22-pool-small-static-worker1 kernel: [    1.756015] evm: security.capability
Aug  1 20:03:25 test-cx22-pool-small-static-worker1 kernel: [    1.756825] evm: HMAC attrs: 0x1
Aug  1 20:03:25 test-cx22-pool-small-static-worker1 kernel: [    1.758275] PM:   Magic number: 4:721:92
Aug  1 20:03:25 test-cx22-pool-small-static-worker1 kernel: [    1.759153]  container: hash matches
Aug  1 20:03:25 test-cx22-pool-small-static-worker1 kernel: [    1.760346] RAS: Correctable Errors collector initialized.
Aug  1 20:03:25 test-cx22-pool-small-static-worker1 kernel: [    1.761473] clk: Disabling unused clocks
Aug  1 20:03:25 test-cx22-pool-small-static-worker1 kernel: [    1.764028] Freeing unused decrypted memory: 2036K
Aug  1 20:03:25 test-cx22-pool-small-static-worker1 kernel: [    1.765986] Freeing unused kernel image (initmem) memory: 3368K
Aug  1 20:03:25 test-cx22-pool-small-static-worker1 kernel: [    1.767645] Write protecting the kernel read-only data: 30720k
Aug  1 20:03:25 test-cx22-pool-small-static-worker1 kernel: [    1.771504] Freeing unused kernel image (text/rodata gap) memory: 2036K
Aug  1 20:03:25 test-cx22-pool-small-static-worker1 kernel: [    1.773706] Freeing unused kernel image (rodata/data gap) memory: 1328K
Aug  1 20:03:25 test-cx22-pool-small-static-worker1 kernel: [    1.789852] x86/mm: Checked W+X mappings: passed, no W+X pages found.
Aug  1 20:03:25 test-cx22-pool-small-static-worker1 kernel: [    1.790945] x86/mm: Checking user space page tables
Aug  1 20:03:25 test-cx22-pool-small-static-worker1 kernel: [    1.805072] x86/mm: Checked W+X mappings: passed, no W+X pages found.
Aug  1 20:03:25 test-cx22-pool-small-static-worker1 kernel: [    1.806093] Run /init as init process
Aug  1 20:03:25 test-cx22-pool-small-static-worker1 kernel: [    1.806733]   with arguments:
Aug  1 20:03:25 test-cx22-pool-small-static-worker1 kernel: [    1.806735]     /init
