Jul 16 05:56:52 ubuntu systemd[1]: unattended-upgrades.service: Deactivated successfully.
Jul 16 05:56:52 ubuntu systemd[1]: Stopped Unattended Upgrades Shutdown.
Jul 16 05:56:52 ubuntu systemd[1]: Stopping Session 1 of User root...
Jul 16 05:56:52 ubuntu systemd[1]: Removed slice Slice /system/modprobe.
Jul 16 05:56:52 ubuntu systemd[1]: Stopped target Cloud-init target.
Jul 16 05:56:52 ubuntu systemd[1]: Stopped target Graphical Interface.
Jul 16 05:56:52 ubuntu systemd[1]: Stopped target Host and Network Name Lookups.
Jul 16 05:56:52 ubuntu systemd[1]: Stopped target Timer Units.
Jul 16 05:56:52 ubuntu systemd[1]: apt-daily-upgrade.timer: Deactivated successfully.
Jul 16 05:56:52 ubuntu systemd[1]: Stopped Daily apt upgrade and clean activities.
Jul 16 05:56:52 ubuntu systemd[1]: apt-daily.timer: Deactivated successfully.
Jul 16 05:56:52 ubuntu systemd[1]: Stopped Daily apt download activities.
Jul 16 05:56:52 ubuntu systemd[1]: dpkg-db-backup.timer: Deactivated successfully.
Jul 16 05:56:52 ubuntu systemd[1]: Stopped Daily dpkg database backup timer.
Jul 16 05:56:52 ubuntu systemd[1]: e2scrub_all.timer: Deactivated successfully.
Jul 16 05:56:52 ubuntu systemd[1]: Stopped Periodic ext4 Online Metadata Check for All Filesystems.
Jul 16 05:56:52 ubuntu systemd[1]: fstrim.timer: Deactivated successfully.
Jul 16 05:56:52 ubuntu systemd[1]: Stopped Discard unused blocks once a week.
Jul 16 05:56:52 ubuntu systemd[1]: logrotate.timer: Deactivated successfully.
Jul 16 05:56:52 ubuntu systemd[1]: Stopped Daily rotation of log files.
Jul 16 05:56:52 ubuntu systemd[1]: man-db.timer: Deactivated successfully.
Jul 16 05:56:52 ubuntu systemd[1]: Stopped Daily man-db regeneration.
Jul 16 05:56:52 ubuntu systemd[1]: motd-news.timer: Deactivated successfully.
Jul 16 05:56:52 ubuntu systemd[1]: Stopped Message of the Day.
Jul 16 05:56:52 ubuntu systemd[1]: systemd-tmpfiles-clean.timer: Deactivated successfully.
Jul 16 05:56:52 ubuntu systemd[1]: Stopped Daily Cleanup of Temporary Directories.
Jul 16 05:56:52 ubuntu systemd[1]: update-notifier-download.timer: Deactivated successfully.
Jul 16 05:56:52 ubuntu systemd[1]: Stopped Download data for packages that failed at package install time.
Jul 16 05:56:52 ubuntu systemd[1]: update-notifier-motd.timer: Deactivated successfully.
Jul 16 05:56:52 ubuntu systemd[1]: Stopped Check to see whether there is a new version of Ubuntu available.
Jul 16 05:56:52 ubuntu systemd[1]: lvm2-lvmpolld.socket: Deactivated successfully.
Jul 16 05:56:52 ubuntu systemd[1]: Closed LVM2 poll daemon socket.
Jul 16 05:56:52 ubuntu systemd[1]: systemd-rfkill.socket: Deactivated successfully.
Jul 16 05:56:52 ubuntu systemd[1]: Closed Load/Save RF Kill Switch Status /dev/rfkill Watch.
Jul 16 05:56:52 ubuntu systemd[1]: Stopping Availability of block devices...
Jul 16 05:56:52 ubuntu systemd[1]: cloud-final.service: Deactivated successfully.
Jul 16 05:56:52 ubuntu systemd[1]: Stopped Execute cloud user/final scripts.
Jul 16 05:56:52 ubuntu systemd[1]: Stopped target Multi-User System.
Jul 16 05:56:52 ubuntu systemd[1]: Stopped target Login Prompts.
Jul 16 05:56:52 ubuntu systemd[1]: Stopping LSB: automatic crash report generation...
Jul 16 05:56:52 ubuntu systemd[1]: cloud-config.service: Deactivated successfully.
Jul 16 05:56:52 ubuntu systemd[1]: Stopped Apply the settings specified in cloud-config.
Jul 16 05:56:52 ubuntu systemd[1]: cloud-config.service: Consumed 2.130s CPU time.
Jul 16 05:56:52 ubuntu systemd[1]: Stopped target Cloud-config availability.
Jul 16 05:56:52 ubuntu systemd[1]: Stopped target Network is Online.
Jul 16 05:56:52 ubuntu systemd[1]: Stopping Regular background program processing daemon...
Jul 16 05:56:52 ubuntu blkdeactivate[39155]: Deactivating block devices:
Jul 16 05:56:52 ubuntu systemd[1]: Stopping Create final runtime dir for shutdown pivot root...
Jul 16 05:56:52 ubuntu systemd[1]: Stopping Getty on tty1...
Jul 16 05:56:52 ubuntu systemd[1]: Stopping Dispatcher daemon for systemd-networkd...
Jul 16 05:56:52 ubuntu systemd[1]: Stopping PackageKit Daemon...
Jul 16 05:56:52 ubuntu systemd[1]: plymouth-quit.service: Deactivated successfully.
Jul 16 05:56:52 ubuntu systemd[1]: Stopped Terminate Plymouth Boot Screen.
Jul 16 05:56:52 ubuntu systemd[1]: Stopping Authorization Manager...
Aug  1 19:18:21 test-cx22-pool-small-static-worker1 kernel: [    0.000000] Linux version 5.15.0-116-generic (buildd@lcy02-amd64-015) (gcc (Ubuntu 11.4.0-1ubuntu1~22.04) 11.4.0, GNU ld (GNU Binutils for Ubuntu) 2.38) #126-Ubuntu SMP Mon Jul 1 10:14:24 UTC 2024 (Ubuntu 5.15.0-116.126-generic 5.15.158)
Aug  1 19:18:21 test-cx22-pool-small-static-worker1 kernel: [    0.000000] Command line: BOOT_IMAGE=/boot/vmlinuz-5.15.0-116-generic root=UUID=77a90bab-9a6f-4cf0-8493-7db518b9214a ro consoleblank=0 systemd.show_status=true console=tty1 console=ttyS0
Aug  1 19:18:21 test-cx22-pool-small-static-worker1 kernel: [    0.000000] KERNEL supported cpus:
Aug  1 19:18:21 test-cx22-pool-small-static-worker1 kernel: [    0.000000]   Intel GenuineIntel
Aug  1 19:18:21 test-cx22-pool-small-static-worker1 kernel: [    0.000000]   AMD AuthenticAMD
Aug  1 19:18:21 test-cx22-pool-small-static-worker1 kernel: [    0.000000]   Hygon HygonGenuine
Aug  1 19:18:21 test-cx22-pool-small-static-worker1 kernel: [    0.000000]   Centaur CentaurHauls
Aug  1 19:18:21 test-cx22-pool-small-static-worker1 kernel: [    0.000000]   zhaoxin   Shanghai  
Aug  1 19:18:21 test-cx22-pool-small-static-worker1 kernel: [    0.000000] BIOS-provided physical RAM map:
Aug  1 19:18:21 test-cx22-pool-small-static-worker1 kernel: [    0.000000] BIOS-e820: [mem 0x0000000000000000-0x000000000009fbff] usable
Aug  1 19:18:21 test-cx22-pool-small-static-worker1 kernel: [    0.000000] BIOS-e820: [mem 0x000000000009fc00-0x000000000009ffff] reserved
Aug  1 19:18:21 test-cx22-pool-small-static-worker1 kernel: [    0.000000] BIOS-e820: [mem 0x00000000000f0000-0x00000000000fffff] reserved
Aug  1 19:18:21 test-cx22-pool-small-static-worker1 kernel: [    0.000000] BIOS-e820: [mem 0x0000000000100000-0x000000007ffdbfff] usable
Aug  1 19:18:21 test-cx22-pool-small-static-worker1 kernel: [    0.000000] BIOS-e820: [mem 0x000000007ffdc000-0x000000007fffffff] reserved
Aug  1 19:18:21 test-cx22-pool-small-static-worker1 kernel: [    0.000000] BIOS-e820: [mem 0x00000000b0000000-0x00000000bfffffff] reserved
Aug  1 19:18:21 test-cx22-pool-small-static-worker1 kernel: [    0.000000] BIOS-e820: [mem 0x00000000fed1c000-0x00000000fed1ffff] reserved
Aug  1 19:18:21 test-cx22-pool-small-static-worker1 kernel: [    0.000000] BIOS-e820: [mem 0x00000000feffc000-0x00000000feffffff] reserved
Aug  1 19:18:21 test-cx22-pool-small-static-worker1 kernel: [    0.000000] BIOS-e820: [mem 0x00000000fffc0000-0x00000000ffffffff] reserved
Aug  1 19:18:21 test-cx22-pool-small-static-worker1 kernel: [    0.000000] BIOS-e820: [mem 0x0000000100000000-0x0000000179ffffff] usable
Aug  1 19:18:21 test-cx22-pool-small-static-worker1 kernel: [    0.000000] NX (Execute Disable) protection: active
Aug  1 19:18:21 test-cx22-pool-small-static-worker1 kernel: [    0.000000] SMBIOS 2.8 present.
Aug  1 19:18:21 test-cx22-pool-small-static-worker1 kernel: [    0.000000] DMI: Hetzner vServer/Standard PC (Q35 + ICH9, 2009), BIOS 20171111 11/11/2017
Aug  1 19:18:21 test-cx22-pool-small-static-worker1 kernel: [    0.000000] Hypervisor detected: KVM
Aug  1 19:18:21 test-cx22-pool-small-static-worker1 kernel: [    0.000000] kvm-clock: Using msrs 4b564d01 and 4b564d00
Aug  1 19:18:21 test-cx22-pool-small-static-worker1 kernel: [    0.000000] kvm-clock: cpu 0, msr 66201001, primary cpu clock
Aug  1 19:18:21 test-cx22-pool-small-static-worker1 kernel: [    0.000004] kvm-clock: using sched offset of 2112936961 cycles
Aug  1 19:18:21 test-cx22-pool-small-static-worker1 kernel: [    0.000014] clocksource: kvm-clock: mask: 0xffffffffffffffff max_cycles: 0x1cd42e4dffb, max_idle_ns: 881590591483 ns
Aug  1 19:18:21 test-cx22-pool-small-static-worker1 kernel: [    0.000023] tsc: Detected 2100.000 MHz processor
Aug  1 19:18:21 test-cx22-pool-small-static-worker1 kernel: [    0.001225] e820: update [mem 0x00000000-0x00000fff] usable ==> reserved
Aug  1 19:18:21 test-cx22-pool-small-static-worker1 kernel: [    0.001230] e820: remove [mem 0x000a0000-0x000fffff] usable
Aug  1 19:18:21 test-cx22-pool-small-static-worker1 kernel: [    0.001239] last_pfn = 0x17a000 max_arch_pfn = 0x400000000
Aug  1 19:18:21 test-cx22-pool-small-static-worker1 kernel: [    0.001314] x86/PAT: Configuration [0-7]: WB  WC  UC- UC  WB  WP  UC- WT  
Aug  1 19:18:21 test-cx22-pool-small-static-worker1 kernel: [    0.001333] last_pfn = 0x7ffdc max_arch_pfn = 0x400000000
Aug  1 19:18:21 test-cx22-pool-small-static-worker1 kernel: [    0.011752] found SMP MP-table at [mem 0x000f5b90-0x000f5b9f]
Aug  1 19:18:21 test-cx22-pool-small-static-worker1 kernel: [    0.011803] Using GB pages for direct mapping
Aug  1 19:18:21 test-cx22-pool-small-static-worker1 kernel: [    0.012569] RAMDISK: [mem 0x34339000-0x36193fff]
Aug  1 19:18:21 test-cx22-pool-small-static-worker1 kernel: [    0.012582] ACPI: Early table checksum verification disabled
Aug  1 19:18:21 test-cx22-pool-small-static-worker1 kernel: [    0.012608] ACPI: RSDP 0x00000000000F5970 000014 (v00 BOCHS )
Aug  1 19:18:21 test-cx22-pool-small-static-worker1 kernel: [    0.012618] ACPI: RSDT 0x000000007FFE2593 000038 (v01 BOCHS  BXPC     00000001 BXPC 00000001)
Aug  1 19:18:21 test-cx22-pool-small-static-worker1 kernel: [    0.012637] ACPI: FACP 0x000000007FFE2383 0000F4 (v03 BOCHS  BXPC     00000001 BXPC 00000001)
Aug  1 19:18:21 test-cx22-pool-small-static-worker1 kernel: [    0.012654] ACPI: DSDT 0x000000007FFE0040 002343 (v01 BOCHS  BXPC     00000001 BXPC 00000001)
Aug  1 19:18:21 test-cx22-pool-small-static-worker1 kernel: [    0.012664] ACPI: FACS 0x000000007FFE0000 000040
Aug  1 19:18:21 test-cx22-pool-small-static-worker1 kernel: [    0.012671] ACPI: APIC 0x000000007FFE2477 000080 (v01 BOCHS  BXPC     00000001 BXPC 00000001)
Aug  1 19:18:21 test-cx22-pool-small-static-worker1 kernel: [    0.012678] ACPI: HPET 0x000000007FFE24F7 000038 (v01 BOCHS  BXPC     00000001 BXPC 00000001)
Aug  1 19:18:21 test-cx22-pool-small-static-worker1 kernel: [    0.012685] ACPI: MCFG 0x000000007FFE252F 00003C (v01 BOCHS  BXPC     00000001 BXPC 00000001)
Aug  1 19:18:21 test-cx22-pool-small-static-worker1 kernel: [    0.012692] ACPI: WAET 0x000000007FFE256B 000028 (v01 BOCHS  BXPC     00000001 BXPC 00000001)
Aug  1 19:18:21 test-cx22-pool-small-static-worker1 kernel: [    0.012698] ACPI: Reserving FACP table memory at [mem 0x7ffe2383-0x7ffe2476]
Aug  1 19:18:21 test-cx22-pool-small-static-worker1 kernel: [    0.012700] ACPI: Reserving DSDT table memory at [mem 0x7ffe0040-0x7ffe2382]
Aug  1 19:18:21 test-cx22-pool-small-static-worker1 kernel: [    0.012703] ACPI: Reserving FACS table memory at [mem 0x7ffe0000-0x7ffe003f]
Aug  1 19:18:21 test-cx22-pool-small-static-worker1 kernel: [    0.012704] ACPI: Reserving APIC table memory at [mem 0x7ffe2477-0x7ffe24f6]
Aug  1 19:18:21 test-cx22-pool-small-static-worker1 kernel: [    0.012706] ACPI: Reserving HPET table memory at [mem 0x7ffe24f7-0x7ffe252e]
Aug  1 19:18:21 test-cx22-pool-small-static-worker1 kernel: [    0.012708] ACPI: Reserving MCFG table memory at [mem 0x7ffe252f-0x7ffe256a]
Aug  1 19:18:21 test-cx22-pool-small-static-worker1 kernel: [    0.012710] ACPI: Reserving WAET table memory at [mem 0x7ffe256b-0x7ffe2592]
Aug  1 19:18:21 test-cx22-pool-small-static-worker1 kernel: [    0.013441] No NUMA configuration found
Aug  1 19:18:21 test-cx22-pool-small-static-worker1 kernel: [    0.013443] Faking a node at [mem 0x0000000000000000-0x0000000179ffffff]
Aug  1 19:18:21 test-cx22-pool-small-static-worker1 kernel: [    0.013461] NODE_DATA(0) allocated [mem 0x179fd4000-0x179ffdfff]
Aug  1 19:18:21 test-cx22-pool-small-static-worker1 kernel: [    0.013951] Zone ranges:
Aug  1 19:18:21 test-cx22-pool-small-static-worker1 kernel: [    0.013953]   DMA      [mem 0x0000000000001000-0x0000000000ffffff]
Aug  1 19:18:21 test-cx22-pool-small-static-worker1 kernel: [    0.013956]   DMA32    [mem 0x0000000001000000-0x00000000ffffffff]
Aug  1 19:18:21 test-cx22-pool-small-static-worker1 kernel: [    0.013958]   Normal   [mem 0x0000000100000000-0x0000000179ffffff]
Aug  1 19:18:21 test-cx22-pool-small-static-worker1 kernel: [    0.013960]   Device   empty
Aug  1 19:18:21 test-cx22-pool-small-static-worker1 kernel: [    0.013962] Movable zone start for each node
Aug  1 19:18:21 test-cx22-pool-small-static-worker1 kernel: [    0.013965] Early memory node ranges
Aug  1 19:18:21 test-cx22-pool-small-static-worker1 kernel: [    0.013966]   node   0: [mem 0x0000000000001000-0x000000000009efff]
Aug  1 19:18:21 test-cx22-pool-small-static-worker1 kernel: [    0.013968]   node   0: [mem 0x0000000000100000-0x000000007ffdbfff]
Aug  1 19:18:21 test-cx22-pool-small-static-worker1 kernel: [    0.013970]   node   0: [mem 0x0000000100000000-0x0000000179ffffff]
Aug  1 19:18:21 test-cx22-pool-small-static-worker1 kernel: [    0.013972] Initmem setup node 0 [mem 0x0000000000001000-0x0000000179ffffff]
Aug  1 19:18:21 test-cx22-pool-small-static-worker1 kernel: [    0.014561] On node 0, zone DMA: 1 pages in unavailable ranges
Aug  1 19:18:21 test-cx22-pool-small-static-worker1 kernel: [    0.014611] On node 0, zone DMA: 97 pages in unavailable ranges
Aug  1 19:18:21 test-cx22-pool-small-static-worker1 kernel: [    0.040557] On node 0, zone Normal: 36 pages in unavailable ranges
Aug  1 19:18:21 test-cx22-pool-small-static-worker1 kernel: [    0.041225] On node 0, zone Normal: 24576 pages in unavailable ranges
Aug  1 19:18:21 test-cx22-pool-small-static-worker1 kernel: [    0.043026] ACPI: PM-Timer IO Port: 0x608
Aug  1 19:18:21 test-cx22-pool-small-static-worker1 kernel: [    0.043056] ACPI: LAPIC_NMI (acpi_id[0xff] dfl dfl lint[0x1])
Aug  1 19:18:21 test-cx22-pool-small-static-worker1 kernel: [    0.043110] IOAPIC[0]: apic_id 0, version 17, address 0xfec00000, GSI 0-23
Aug  1 19:18:21 test-cx22-pool-small-static-worker1 kernel: [    0.043116] ACPI: INT_SRC_OVR (bus 0 bus_irq 0 global_irq 2 dfl dfl)
Aug  1 19:18:21 test-cx22-pool-small-static-worker1 kernel: [    0.043119] ACPI: INT_SRC_OVR (bus 0 bus_irq 5 global_irq 5 high level)
Aug  1 19:18:21 test-cx22-pool-small-static-worker1 kernel: [    0.043122] ACPI: INT_SRC_OVR (bus 0 bus_irq 9 global_irq 9 high level)
Aug  1 19:18:21 test-cx22-pool-small-static-worker1 kernel: [    0.043127] ACPI: INT_SRC_OVR (bus 0 bus_irq 10 global_irq 10 high level)
Aug  1 19:18:21 test-cx22-pool-small-static-worker1 kernel: [    0.043130] ACPI: INT_SRC_OVR (bus 0 bus_irq 11 global_irq 11 high level)
Aug  1 19:18:21 test-cx22-pool-small-static-worker1 kernel: [    0.043136] ACPI: Using ACPI (MADT) for SMP configuration information
Aug  1 19:18:21 test-cx22-pool-small-static-worker1 kernel: [    0.043139] ACPI: HPET id: 0x8086a201 base: 0xfed00000
Aug  1 19:18:21 test-cx22-pool-small-static-worker1 kernel: [    0.043148] TSC deadline timer available
Aug  1 19:18:21 test-cx22-pool-small-static-worker1 kernel: [    0.043151] smpboot: Allowing 2 CPUs, 0 hotplug CPUs
Aug  1 19:18:21 test-cx22-pool-small-static-worker1 kernel: [    0.043195] PM: hibernation: Registered nosave memory: [mem 0x00000000-0x00000fff]
Aug  1 19:18:21 test-cx22-pool-small-static-worker1 kernel: [    0.043198] PM: hibernation: Registered nosave memory: [mem 0x0009f000-0x0009ffff]
Aug  1 19:18:21 test-cx22-pool-small-static-worker1 kernel: [    0.043201] PM: hibernation: Registered nosave memory: [mem 0x000a0000-0x000effff]
Aug  1 19:18:21 test-cx22-pool-small-static-worker1 kernel: [    0.043203] PM: hibernation: Registered nosave memory: [mem 0x000f0000-0x000fffff]
Aug  1 19:18:21 test-cx22-pool-small-static-worker1 kernel: [    0.043205] PM: hibernation: Registered nosave memory: [mem 0x7ffdc000-0x7fffffff]
Aug  1 19:18:21 test-cx22-pool-small-static-worker1 kernel: [    0.043207] PM: hibernation: Registered nosave memory: [mem 0x80000000-0xafffffff]
Aug  1 19:18:21 test-cx22-pool-small-static-worker1 kernel: [    0.043209] PM: hibernation: Registered nosave memory: [mem 0xb0000000-0xbfffffff]
Aug  1 19:18:21 test-cx22-pool-small-static-worker1 kernel: [    0.043211] PM: hibernation: Registered nosave memory: [mem 0xc0000000-0xfed1bfff]
Aug  1 19:18:21 test-cx22-pool-small-static-worker1 kernel: [    0.043213] PM: hibernation: Registered nosave memory: [mem 0xfed1c000-0xfed1ffff]
Aug  1 19:18:21 test-cx22-pool-small-static-worker1 kernel: [    0.043215] PM: hibernation: Registered nosave memory: [mem 0xfed20000-0xfeffbfff]
Aug  1 19:18:21 test-cx22-pool-small-static-worker1 kernel: [    0.043216] PM: hibernation: Registered nosave memory: [mem 0xfeffc000-0xfeffffff]
Aug  1 19:18:21 test-cx22-pool-small-static-worker1 kernel: [    0.043218] PM: hibernation: Registered nosave memory: [mem 0xff000000-0xfffbffff]
Aug  1 19:18:21 test-cx22-pool-small-static-worker1 kernel: [    0.043220] PM: hibernation: Registered nosave memory: [mem 0xfffc0000-0xffffffff]
Aug  1 19:18:21 test-cx22-pool-small-static-worker1 kernel: [    0.043223] [mem 0xc0000000-0xfed1bfff] available for PCI devices
Aug  1 19:18:21 test-cx22-pool-small-static-worker1 kernel: [    0.043225] Booting paravirtualized kernel on KVM
Aug  1 19:18:21 test-cx22-pool-small-static-worker1 kernel: [    0.043235] clocksource: refined-jiffies: mask: 0xffffffff max_cycles: 0xffffffff, max_idle_ns: 7645519600211568 ns
Aug  1 19:18:21 test-cx22-pool-small-static-worker1 kernel: [    0.043245] setup_percpu: NR_CPUS:8192 nr_cpumask_bits:2 nr_cpu_ids:2 nr_node_ids:1
Aug  1 19:18:21 test-cx22-pool-small-static-worker1 kernel: [    0.043957] percpu: Embedded 62 pages/cpu s217088 r8192 d28672 u1048576
Aug  1 19:18:21 test-cx22-pool-small-static-worker1 kernel: [    0.043971] pcpu-alloc: s217088 r8192 d28672 u1048576 alloc=1*2097152
Aug  1 19:18:21 test-cx22-pool-small-static-worker1 kernel: [    0.043975] pcpu-alloc: [0] 0 1 
Aug  1 19:18:21 test-cx22-pool-small-static-worker1 kernel: [    0.044015] kvm-guest: PV spinlocks disabled, no host support
Aug  1 19:18:21 test-cx22-pool-small-static-worker1 kernel: [    0.044030] Built 1 zonelists, mobility grouping on.  Total pages: 1007708
Aug  1 19:18:21 test-cx22-pool-small-static-worker1 kernel: [    0.044032] Policy zone: Normal
Aug  1 19:18:21 test-cx22-pool-small-static-worker1 kernel: [    0.044035] Kernel command line: BOOT_IMAGE=/boot/vmlinuz-5.15.0-116-generic root=UUID=77a90bab-9a6f-4cf0-8493-7db518b9214a ro consoleblank=0 systemd.show_status=true console=tty1 console=ttyS0
Aug  1 19:18:21 test-cx22-pool-small-static-worker1 kernel: [    0.044159] Unknown kernel command line parameters "BOOT_IMAGE=/boot/vmlinuz-5.15.0-116-generic", will be passed to user space.
Aug  1 19:18:21 test-cx22-pool-small-static-worker1 kernel: [    0.045304] Dentry cache hash table entries: 524288 (order: 10, 4194304 bytes, linear)
Aug  1 19:18:21 test-cx22-pool-small-static-worker1 kernel: [    0.045894] Inode-cache hash table entries: 262144 (order: 9, 2097152 bytes, linear)
Aug  1 19:18:21 test-cx22-pool-small-static-worker1 kernel: [    0.045989] mem auto-init: stack:off, heap alloc:on, heap free:off
Aug  1 19:18:21 test-cx22-pool-small-static-worker1 kernel: [    0.082160] Memory: 3867360K/4095464K available (16393K kernel code, 4396K rwdata, 10960K rodata, 3368K init, 18700K bss, 227844K reserved, 0K cma-reserved)
Aug  1 19:18:21 test-cx22-pool-small-static-worker1 kernel: [    0.082632] SLUB: HWalign=64, Order=0-3, MinObjects=0, CPUs=2, Nodes=1
Aug  1 19:18:21 test-cx22-pool-small-static-worker1 kernel: [    0.082683] Kernel/User page tables isolation: enabled
Aug  1 19:18:21 test-cx22-pool-small-static-worker1 kernel: [    0.082756] ftrace: allocating 50748 entries in 199 pages
Aug  1 19:18:21 test-cx22-pool-small-static-worker1 kernel: [    0.125328] ftrace: allocated 199 pages with 5 groups
Aug  1 19:18:21 test-cx22-pool-small-static-worker1 kernel: [    0.126053] rcu: Hierarchical RCU implementation.
Aug  1 19:18:21 test-cx22-pool-small-static-worker1 kernel: [    0.126057] rcu: 	RCU restricting CPUs from NR_CPUS=8192 to nr_cpu_ids=2.
Aug  1 19:18:21 test-cx22-pool-small-static-worker1 kernel: [    0.126059] 	Rude variant of Tasks RCU enabled.
Aug  1 19:18:21 test-cx22-pool-small-static-worker1 kernel: [    0.126061] 	Tracing variant of Tasks RCU enabled.
Aug  1 19:18:21 test-cx22-pool-small-static-worker1 kernel: [    0.126065] rcu: RCU calculated value of scheduler-enlistment delay is 25 jiffies.
Aug  1 19:18:21 test-cx22-pool-small-static-worker1 kernel: [    0.126067] rcu: Adjusting geometry for rcu_fanout_leaf=16, nr_cpu_ids=2
Aug  1 19:18:21 test-cx22-pool-small-static-worker1 kernel: [    0.132703] NR_IRQS: 524544, nr_irqs: 440, preallocated irqs: 16
Aug  1 19:18:21 test-cx22-pool-small-static-worker1 kernel: [    0.132939] random: crng init done
Aug  1 19:18:21 test-cx22-pool-small-static-worker1 kernel: [    0.145274] Console: colour VGA+ 80x25
Aug  1 19:18:21 test-cx22-pool-small-static-worker1 kernel: [    0.201929] printk: console [tty1] enabled
Aug  1 19:18:21 test-cx22-pool-small-static-worker1 kernel: [    0.343383] printk: console [ttyS0] enabled
Aug  1 19:18:21 test-cx22-pool-small-static-worker1 kernel: [    0.344452] ACPI: Core revision 20210730
Aug  1 19:18:21 test-cx22-pool-small-static-worker1 kernel: [    0.345633] clocksource: hpet: mask: 0xffffffff max_cycles: 0xffffffff, max_idle_ns: 19112604467 ns
Aug  1 19:18:21 test-cx22-pool-small-static-worker1 kernel: [    0.347879] APIC: Switch to symmetric I/O mode setup
Aug  1 19:18:21 test-cx22-pool-small-static-worker1 kernel: [    0.353415] x2apic enabled
Aug  1 19:18:21 test-cx22-pool-small-static-worker1 kernel: [    0.357185] Switched APIC routing to physical x2apic.
Aug  1 19:18:21 test-cx22-pool-small-static-worker1 kernel: [    0.364430] ..TIMER: vector=0x30 apic1=0 pin1=2 apic2=-1 pin2=-1
Aug  1 19:18:21 test-cx22-pool-small-static-worker1 kernel: [    0.367233] clocksource: tsc-early: mask: 0xffffffffffffffff max_cycles: 0x1e4530a99b6, max_idle_ns: 440795257976 ns
Aug  1 19:18:21 test-cx22-pool-small-static-worker1 kernel: [    0.371824] Calibrating delay loop (skipped) preset value.. 4200.00 BogoMIPS (lpj=8400000)
Aug  1 19:18:21 test-cx22-pool-small-static-worker1 kernel: [    0.376100] Last level iTLB entries: 4KB 0, 2MB 0, 4MB 0
Aug  1 19:18:21 test-cx22-pool-small-static-worker1 kernel: [    0.379820] Last level dTLB entries: 4KB 0, 2MB 0, 4MB 0, 1GB 0
Aug  1 19:18:21 test-cx22-pool-small-static-worker1 kernel: [    0.381658] Spectre V1 : Mitigation: usercopy/swapgs barriers and __user pointer sanitization
Aug  1 19:18:21 test-cx22-pool-small-static-worker1 kernel: [    0.383824] Spectre V2 : Spectre BHI mitigation: SW BHB clearing on vm exit
Aug  1 19:18:21 test-cx22-pool-small-static-worker1 kernel: [    0.386088] Spectre V2 : Spectre BHI mitigation: SW BHB clearing on syscall
Aug  1 19:18:21 test-cx22-pool-small-static-worker1 kernel: [    0.387821] Spectre V2 : Mitigation: IBRS
Aug  1 19:18:21 test-cx22-pool-small-static-worker1 kernel: [    0.389270] Spectre V2 : Spectre v2 / SpectreRSB mitigation: Filling RSB on context switch
Aug  1 19:18:21 test-cx22-pool-small-static-worker1 kernel: [    0.391821] Spectre V2 : Spectre v2 / SpectreRSB : Filling RSB on VMEXIT
Aug  1 19:18:21 test-cx22-pool-small-static-worker1 kernel: [    0.393364] RETBleed: Mitigation: IBRS
Aug  1 19:18:21 test-cx22-pool-small-static-worker1 kernel: [    0.395826] Spectre V2 : mitigation: Enabling conditional Indirect Branch Prediction Barrier
Aug  1 19:18:21 test-cx22-pool-small-static-worker1 kernel: [    0.397767] Speculative Store Bypass: Mitigation: Speculative Store Bypass disabled via prctl and seccomp
Aug  1 19:18:21 test-cx22-pool-small-static-worker1 kernel: [    0.399825] MDS: Mitigation: Clear CPU buffers
Aug  1 19:18:21 test-cx22-pool-small-static-worker1 kernel: [    0.400890] MMIO Stale Data: Vulnerable: Clear CPU buffers attempted, no microcode
Aug  1 19:18:21 test-cx22-pool-small-static-worker1 kernel: [    0.402638] GDS: Unknown: Dependent on hypervisor status
Aug  1 19:18:21 test-cx22-pool-small-static-worker1 kernel: [    0.403908] x86/fpu: Supporting XSAVE feature 0x001: 'x87 floating point registers'
Aug  1 19:18:21 test-cx22-pool-small-static-worker1 kernel: [    0.407823] x86/fpu: Supporting XSAVE feature 0x002: 'SSE registers'
Aug  1 19:18:21 test-cx22-pool-small-static-worker1 kernel: [    0.409509] x86/fpu: Supporting XSAVE feature 0x004: 'AVX registers'
Aug  1 19:18:21 test-cx22-pool-small-static-worker1 kernel: [    0.411030] x86/fpu: Supporting XSAVE feature 0x020: 'AVX-512 opmask'
Aug  1 19:18:21 test-cx22-pool-small-static-worker1 kernel: [    0.411821] x86/fpu: Supporting XSAVE feature 0x040: 'AVX-512 Hi256'
Aug  1 19:18:21 test-cx22-pool-small-static-worker1 kernel: [    0.413389] x86/fpu: Supporting XSAVE feature 0x080: 'AVX-512 ZMM_Hi256'
Aug  1 19:18:21 test-cx22-pool-small-static-worker1 kernel: [    0.415819] x86/fpu: Supporting XSAVE feature 0x200: 'Protection Keys User registers'
Aug  1 19:18:21 test-cx22-pool-small-static-worker1 kernel: [    0.417995] x86/fpu: xstate_offset[2]:  576, xstate_sizes[2]:  256
Aug  1 19:18:21 test-cx22-pool-small-static-worker1 kernel: [    0.419819] x86/fpu: xstate_offset[5]:  832, xstate_sizes[5]:   64
Aug  1 19:18:21 test-cx22-pool-small-static-worker1 kernel: [    0.421504] x86/fpu: xstate_offset[6]:  896, xstate_sizes[6]:  512
Aug  1 19:18:21 test-cx22-pool-small-static-worker1 kernel: [    0.422920] x86/fpu: xstate_offset[7]: 1408, xstate_sizes[7]: 1024
Aug  1 19:18:21 test-cx22-pool-small-static-worker1 kernel: [    0.423819] x86/fpu: xstate_offset[9]: 2432, xstate_sizes[9]:    8
Aug  1 19:18:21 test-cx22-pool-small-static-worker1 kernel: [    0.425231] x86/fpu: Enabled xstate features 0x2e7, context size is 2440 bytes, using 'compacted' format.
Aug  1 19:18:21 test-cx22-pool-small-static-worker1 kernel: [    0.468948] Freeing SMP alternatives memory: 44K
Aug  1 19:18:21 test-cx22-pool-small-static-worker1 kernel: [    0.470495] pid_max: default: 32768 minimum: 301
Aug  1 19:18:21 test-cx22-pool-small-static-worker1 kernel: [    0.471879] LSM: Security Framework initializing
Aug  1 19:18:21 test-cx22-pool-small-static-worker1 kernel: [    0.473266] landlock: Up and running.
Aug  1 19:18:21 test-cx22-pool-small-static-worker1 kernel: [    0.474299] Yama: becoming mindful.
Aug  1 19:18:21 test-cx22-pool-small-static-worker1 kernel: [    0.476548] AppArmor: AppArmor initialized
Aug  1 19:18:21 test-cx22-pool-small-static-worker1 kernel: [    0.478279] Mount-cache hash table entries: 8192 (order: 4, 65536 bytes, linear)
Aug  1 19:18:21 test-cx22-pool-small-static-worker1 kernel: [    0.479838] Mountpoint-cache hash table entries: 8192 (order: 4, 65536 bytes, linear)
Aug  1 19:18:21 test-cx22-pool-small-static-worker1 kernel: [    0.482656] smpboot: CPU0: Intel Xeon Processor (Skylake, IBRS, no TSX) (family: 0x6, model: 0x55, stepping: 0x4)
Aug  1 19:18:21 test-cx22-pool-small-static-worker1 kernel: [    0.483817] Performance Events: unsupported p6 CPU model 85 no PMU driver, software events only.
Aug  1 19:18:21 test-cx22-pool-small-static-worker1 kernel: [    0.483858] signal: max sigframe size: 3632
Aug  1 19:18:21 test-cx22-pool-small-static-worker1 kernel: [    0.484925] rcu: Hierarchical SRCU implementation.
Aug  1 19:18:21 test-cx22-pool-small-static-worker1 kernel: [    0.486633] NMI watchdog: Perf NMI watchdog permanently disabled
Aug  1 19:18:21 test-cx22-pool-small-static-worker1 kernel: [    0.487918] smp: Bringing up secondary CPUs ...
Aug  1 19:18:21 test-cx22-pool-small-static-worker1 kernel: [    0.489199] x86: Booting SMP configuration:
Aug  1 19:18:21 test-cx22-pool-small-static-worker1 kernel: [    0.490220] .... node  #0, CPUs:      #1
Aug  1 19:18:21 test-cx22-pool-small-static-worker1 kernel: [    0.222890] kvm-clock: cpu 1, msr 66201041, secondary cpu clock
Aug  1 19:18:21 test-cx22-pool-small-static-worker1 kernel: [    0.491864] smp: Brought up 1 node, 2 CPUs
Aug  1 19:18:21 test-cx22-pool-small-static-worker1 kernel: [    0.494246] smpboot: Max logical packages: 1
Aug  1 19:18:21 test-cx22-pool-small-static-worker1 kernel: [    0.495275] smpboot: Total of 2 processors activated (8400.00 BogoMIPS)
Aug  1 19:18:21 test-cx22-pool-small-static-worker1 kernel: [    0.496596] devtmpfs: initialized
Aug  1 19:18:21 test-cx22-pool-small-static-worker1 kernel: [    0.496826] x86/mm: Memory block size: 128MB
Aug  1 19:18:21 test-cx22-pool-small-static-worker1 kernel: [    0.499926] clocksource: jiffies: mask: 0xffffffff max_cycles: 0xffffffff, max_idle_ns: 7645041785100000 ns
Aug  1 19:18:21 test-cx22-pool-small-static-worker1 kernel: [    0.502235] futex hash table entries: 512 (order: 3, 32768 bytes, linear)
Aug  1 19:18:21 test-cx22-pool-small-static-worker1 kernel: [    0.503911] pinctrl core: initialized pinctrl subsystem
Aug  1 19:18:21 test-cx22-pool-small-static-worker1 kernel: [    0.505371] PM: RTC time: 19:18:07, date: 2024-08-01
Aug  1 19:18:21 test-cx22-pool-small-static-worker1 kernel: [    0.506765] NET: Registered PF_NETLINK/PF_ROUTE protocol family
Aug  1 19:18:21 test-cx22-pool-small-static-worker1 kernel: [    0.508046] DMA: preallocated 512 KiB GFP_KERNEL pool for atomic allocations
Aug  1 19:18:21 test-cx22-pool-small-static-worker1 kernel: [    0.509759] DMA: preallocated 512 KiB GFP_KERNEL|GFP_DMA pool for atomic allocations
Aug  1 19:18:21 test-cx22-pool-small-static-worker1 kernel: [    0.511713] DMA: preallocated 512 KiB GFP_KERNEL|GFP_DMA32 pool for atomic allocations
Aug  1 19:18:21 test-cx22-pool-small-static-worker1 kernel: [    0.511831] audit: initializing netlink subsys (disabled)
Aug  1 19:18:21 test-cx22-pool-small-static-worker1 kernel: [    0.513038] audit: type=2000 audit(1722539887.544:1): state=initialized audit_enabled=0 res=1
Aug  1 19:18:21 test-cx22-pool-small-static-worker1 kernel: [    0.513038] thermal_sys: Registered thermal governor 'fair_share'
Aug  1 19:18:21 test-cx22-pool-small-static-worker1 kernel: [    0.515823] thermal_sys: Registered thermal governor 'bang_bang'
Aug  1 19:18:21 test-cx22-pool-small-static-worker1 kernel: [    0.517226] thermal_sys: Registered thermal governor 'step_wise'
Aug  1 19:18:21 test-cx22-pool-small-static-worker1 kernel: [    0.518600] thermal_sys: Registered thermal governor 'user_space'
Aug  1 19:18:21 test-cx22-pool-small-static-worker1 kernel: [    0.519820] thermal_sys: Registered thermal governor 'power_allocator'
Aug  1 19:18:21 test-cx22-pool-small-static-worker1 kernel: [    0.521222] EISA bus registered
Aug  1 19:18:21 test-cx22-pool-small-static-worker1 kernel: [    0.523740] cpuidle: using governor ladder
Aug  1 19:18:21 test-cx22-pool-small-static-worker1 kernel: [    0.523827] cpuidle: using governor menu
Aug  1 19:18:21 test-cx22-pool-small-static-worker1 kernel: [    0.524885] ACPI: bus type PCI registered
Aug  1 19:18:21 test-cx22-pool-small-static-worker1 kernel: [    0.525870] acpiphp: ACPI Hot Plug PCI Controller Driver version: 0.5
Aug  1 19:18:21 test-cx22-pool-small-static-worker1 kernel: [    0.527570] PCI: MMCONFIG for domain 0000 [bus 00-ff] at [mem 0xb0000000-0xbfffffff] (base 0xb0000000)
Aug  1 19:18:21 test-cx22-pool-small-static-worker1 kernel: [    0.527825] PCI: MMCONFIG at [mem 0xb0000000-0xbfffffff] reserved in E820
Aug  1 19:18:21 test-cx22-pool-small-static-worker1 kernel: [    0.529386] PCI: Using configuration type 1 for base access
Aug  1 19:18:21 test-cx22-pool-small-static-worker1 kernel: [    0.532525] kprobes: kprobe jump-optimization is enabled. All kprobes are optimized if possible.
Aug  1 19:18:21 test-cx22-pool-small-static-worker1 kernel: [    0.534565] HugeTLB registered 1.00 GiB page size, pre-allocated 0 pages
Aug  1 19:18:21 test-cx22-pool-small-static-worker1 kernel: [    0.535823] HugeTLB registered 2.00 MiB page size, pre-allocated 0 pages
Aug  1 19:18:21 test-cx22-pool-small-static-worker1 kernel: [    0.540359] ACPI: Added _OSI(Module Device)
Aug  1 19:18:21 test-cx22-pool-small-static-worker1 kernel: [    0.540979] ACPI: Added _OSI(Processor Device)
Aug  1 19:18:21 test-cx22-pool-small-static-worker1 kernel: [    0.542059] ACPI: Added _OSI(3.0 _SCP Extensions)
Aug  1 19:18:21 test-cx22-pool-small-static-worker1 kernel: [    0.543841] ACPI: Added _OSI(Processor Aggregator Device)
Aug  1 19:18:21 test-cx22-pool-small-static-worker1 kernel: [    0.545091] ACPI: Added _OSI(Linux-Dell-Video)
Aug  1 19:18:21 test-cx22-pool-small-static-worker1 kernel: [    0.546085] ACPI: Added _OSI(Linux-Lenovo-NV-HDMI-Audio)
Aug  1 19:18:21 test-cx22-pool-small-static-worker1 kernel: [    0.547270] ACPI: Added _OSI(Linux-HPI-Hybrid-Graphics)
Aug  1 19:18:21 test-cx22-pool-small-static-worker1 kernel: [    0.550358] ACPI: 1 ACPI AML tables successfully acquired and loaded
Aug  1 19:18:21 test-cx22-pool-small-static-worker1 kernel: [    0.554467] ACPI: Interpreter enabled
Aug  1 19:18:21 test-cx22-pool-small-static-worker1 kernel: [    0.555506] ACPI: PM: (supports S0 S5)
Aug  1 19:18:21 test-cx22-pool-small-static-worker1 kernel: [    0.555830] ACPI: Using IOAPIC for interrupt routing
Aug  1 19:18:21 test-cx22-pool-small-static-worker1 kernel: [    0.557101] PCI: Using host bridge windows from ACPI; if necessary, use "pci=nocrs" and report a bug
Aug  1 19:18:21 test-cx22-pool-small-static-worker1 kernel: [    0.559300] PCI: Using E820 reservations for host bridge windows
Aug  1 19:18:21 test-cx22-pool-small-static-worker1 kernel: [    0.560029] ACPI: Enabled 2 GPEs in block 00 to 3F
Aug  1 19:18:21 test-cx22-pool-small-static-worker1 kernel: [    0.564411] ACPI: PCI Root Bridge [PCI0] (domain 0000 [bus 00-ff])
Aug  1 19:18:21 test-cx22-pool-small-static-worker1 kernel: [    0.565925] acpi PNP0A08:00: _OSC: OS supports [ExtendedConfig ASPM ClockPM Segments MSI EDR HPX-Type3]
Aug  1 19:18:21 test-cx22-pool-small-static-worker1 kernel: [    0.567963] acpi PNP0A08:00: _OSC: platform does not support [PCIeHotplug LTR DPC]
Aug  1 19:18:21 test-cx22-pool-small-static-worker1 kernel: [    0.569944] acpi PNP0A08:00: _OSC: OS now controls [SHPCHotplug PME AER PCIeCapability]
Aug  1 19:18:21 test-cx22-pool-small-static-worker1 kernel: [    0.572158] PCI host bridge to bus 0000:00
Aug  1 19:18:21 test-cx22-pool-small-static-worker1 kernel: [    0.573226] pci_bus 0000:00: root bus resource [bus 00-ff]
Aug  1 19:18:21 test-cx22-pool-small-static-worker1 kernel: [    0.574566] pci_bus 0000:00: root bus resource [io  0x0000-0x0cf7 window]
Aug  1 19:18:21 test-cx22-pool-small-static-worker1 kernel: [    0.575821] pci_bus 0000:00: root bus resource [io  0x0d00-0xffff window]
Aug  1 19:18:21 test-cx22-pool-small-static-worker1 kernel: [    0.577466] pci_bus 0000:00: root bus resource [mem 0x000a0000-0x000bffff window]
Aug  1 19:18:21 test-cx22-pool-small-static-worker1 kernel: [    0.579303] pci_bus 0000:00: root bus resource [mem 0x80000000-0xafffffff window]
Aug  1 19:18:21 test-cx22-pool-small-static-worker1 kernel: [    0.579821] pci_bus 0000:00: root bus resource [mem 0xc0000000-0xfebfffff window]
Aug  1 19:18:21 test-cx22-pool-small-static-worker1 kernel: [    0.581614] pci_bus 0000:00: root bus resource [mem 0x180000000-0x97fffffff window]
Aug  1 19:18:21 test-cx22-pool-small-static-worker1 kernel: [    0.583470] pci 0000:00:00.0: [8086:29c0] type 00 class 0x060000
Aug  1 19:18:21 test-cx22-pool-small-static-worker1 kernel: [    0.584862] pci 0000:00:01.0: [1af4:1050] type 00 class 0x030000
Aug  1 19:18:21 test-cx22-pool-small-static-worker1 kernel: [    0.590004] pci 0000:00:01.0: reg 0x10: [mem 0xfb800000-0xfbffffff pref]
Aug  1 19:18:21 test-cx22-pool-small-static-worker1 kernel: [    0.597204] pci 0000:00:01.0: reg 0x18: [mem 0xfd200000-0xfd203fff 64bit pref]
Aug  1 19:18:21 test-cx22-pool-small-static-worker1 kernel: [    0.602125] pci 0000:00:01.0: reg 0x20: [mem 0xfea10000-0xfea10fff]
Aug  1 19:18:21 test-cx22-pool-small-static-worker1 kernel: [    0.609365] pci 0000:00:01.0: reg 0x30: [mem 0xfea00000-0xfea0ffff pref]
Aug  1 19:18:21 test-cx22-pool-small-static-worker1 kernel: [    0.611440] pci 0000:00:01.0: Video device with shadowed ROM at [mem 0x000c0000-0x000dffff]
Aug  1 19:18:21 test-cx22-pool-small-static-worker1 kernel: [    0.613688] pci 0000:00:02.0: [1b36:000c] type 01 class 0x060400
Aug  1 19:18:21 test-cx22-pool-small-static-worker1 kernel: [    0.618628] pci 0000:00:02.0: reg 0x10: [mem 0xfea11000-0xfea11fff]
Aug  1 19:18:21 test-cx22-pool-small-static-worker1 kernel: [    0.625121] pci 0000:00:02.1: [1b36:000c] type 01 class 0x060400
Aug  1 19:18:21 test-cx22-pool-small-static-worker1 kernel: [    0.631816] pci 0000:00:02.1: reg 0x10: [mem 0xfea12000-0xfea12fff]
Aug  1 19:18:21 test-cx22-pool-small-static-worker1 kernel: [    0.637640] pci 0000:00:02.2: [1b36:000c] type 01 class 0x060400
Aug  1 19:18:21 test-cx22-pool-small-static-worker1 kernel: [    0.643828] pci 0000:00:02.2: reg 0x10: [mem 0xfea13000-0xfea13fff]
Aug  1 19:18:21 test-cx22-pool-small-static-worker1 kernel: [    0.650561] pci 0000:00:02.3: [1b36:000c] type 01 class 0x060400
Aug  1 19:18:21 test-cx22-pool-small-static-worker1 kernel: [    0.654365] pci 0000:00:02.3: reg 0x10: [mem 0xfea14000-0xfea14fff]
Aug  1 19:18:21 test-cx22-pool-small-static-worker1 kernel: [    0.660802] pci 0000:00:02.4: [1b36:000c] type 01 class 0x060400
Aug  1 19:18:21 test-cx22-pool-small-static-worker1 kernel: [    0.666308] pci 0000:00:02.4: reg 0x10: [mem 0xfea15000-0xfea15fff]
Aug  1 19:18:21 test-cx22-pool-small-static-worker1 kernel: [    0.671756] pci 0000:00:02.5: [1b36:000c] type 01 class 0x060400
Aug  1 19:18:21 test-cx22-pool-small-static-worker1 kernel: [    0.674845] pci 0000:00:02.5: reg 0x10: [mem 0xfea16000-0xfea16fff]
Aug  1 19:18:21 test-cx22-pool-small-static-worker1 kernel: [    0.685670] pci 0000:00:02.6: [1b36:000c] type 01 class 0x060400
Aug  1 19:18:21 test-cx22-pool-small-static-worker1 kernel: [    0.689200] pci 0000:00:02.6: reg 0x10: [mem 0xfea17000-0xfea17fff]
Aug  1 19:18:21 test-cx22-pool-small-static-worker1 kernel: [    0.697591] pci 0000:00:02.7: [1b36:000c] type 01 class 0x060400
Aug  1 19:18:21 test-cx22-pool-small-static-worker1 kernel: [    0.701749] pci 0000:00:02.7: reg 0x10: [mem 0xfea18000-0xfea18fff]
Aug  1 19:18:21 test-cx22-pool-small-static-worker1 kernel: [    0.711622] pci 0000:00:03.0: [1b36:000c] type 01 class 0x060400
Aug  1 19:18:21 test-cx22-pool-small-static-worker1 kernel: [    0.714345] pci 0000:00:03.0: reg 0x10: [mem 0xfea19000-0xfea19fff]
Aug  1 19:18:21 test-cx22-pool-small-static-worker1 kernel: [    0.736388] pci 0000:00:1f.0: [8086:2918] type 00 class 0x060100
Aug  1 19:18:21 test-cx22-pool-small-static-worker1 kernel: [    0.738661] pci 0000:00:1f.0: quirk: [io  0x0600-0x067f] claimed by ICH6 ACPI/GPIO/TCO
Aug  1 19:18:21 test-cx22-pool-small-static-worker1 kernel: [    0.740278] pci 0000:00:1f.2: [8086:2922] type 00 class 0x010601
Aug  1 19:18:21 test-cx22-pool-small-static-worker1 kernel: [    0.749209] pci 0000:00:1f.2: reg 0x20: [io  0xc040-0xc05f]
Aug  1 19:18:21 test-cx22-pool-small-static-worker1 kernel: [    0.754083] pci 0000:00:1f.2: reg 0x24: [mem 0xfea1a000-0xfea1afff]
Aug  1 19:18:21 test-cx22-pool-small-static-worker1 kernel: [    0.758658] pci 0000:00:1f.3: [8086:2930] type 00 class 0x0c0500
Aug  1 19:18:21 test-cx22-pool-small-static-worker1 kernel: [    0.764172] pci 0000:00:1f.3: reg 0x20: [io  0x0700-0x073f]
Aug  1 19:18:21 test-cx22-pool-small-static-worker1 kernel: [    0.769160] pci 0000:01:00.0: [1af4:1041] type 00 class 0x020000
Aug  1 19:18:21 test-cx22-pool-small-static-worker1 kernel: [    0.775702] pci 0000:01:00.0: reg 0x14: [mem 0xfe880000-0xfe880fff]
Aug  1 19:18:21 test-cx22-pool-small-static-worker1 kernel: [    0.779828] pci 0000:01:00.0: reg 0x20: [mem 0xfd000000-0xfd003fff 64bit pref]
Aug  1 19:18:21 test-cx22-pool-small-static-worker1 kernel: [    0.785510] pci 0000:01:00.0: reg 0x30: [mem 0xfe800000-0xfe87ffff pref]
Aug  1 19:18:21 test-cx22-pool-small-static-worker1 kernel: [    0.800058] pci 0000:00:02.0: PCI bridge to [bus 01]
Aug  1 19:18:21 test-cx22-pool-small-static-worker1 kernel: [    0.801340] pci 0000:00:02.0:   bridge window [mem 0xfe800000-0xfe9fffff]
Aug  1 19:18:21 test-cx22-pool-small-static-worker1 kernel: [    0.802968] pci 0000:00:02.0:   bridge window [mem 0xfd000000-0xfd1fffff 64bit pref]
Aug  1 19:18:21 test-cx22-pool-small-static-worker1 kernel: [    0.805245] pci 0000:02:00.0: [1b36:000d] type 00 class 0x0c0330
Aug  1 19:18:21 test-cx22-pool-small-static-worker1 kernel: [    0.807814] pci 0000:02:00.0: reg 0x10: [mem 0xfe600000-0xfe603fff 64bit]
Aug  1 19:18:21 test-cx22-pool-small-static-worker1 kernel: [    0.827099] pci 0000:00:02.1: PCI bridge to [bus 02]
Aug  1 19:18:21 test-cx22-pool-small-static-worker1 kernel: [    0.827868] pci 0000:00:02.1:   bridge window [mem 0xfe600000-0xfe7fffff]
Aug  1 19:18:21 test-cx22-pool-small-static-worker1 kernel: [    0.829546] pci 0000:00:02.1:   bridge window [mem 0xfce00000-0xfcffffff 64bit pref]
Aug  1 19:18:21 test-cx22-pool-small-static-worker1 kernel: [    0.832776] pci 0000:03:00.0: [1af4:1043] type 00 class 0x078000
Aug  1 19:18:21 test-cx22-pool-small-static-worker1 kernel: [    0.837231] pci 0000:03:00.0: reg 0x14: [mem 0xfe400000-0xfe400fff]
Aug  1 19:18:21 test-cx22-pool-small-static-worker1 kernel: [    0.843713] pci 0000:03:00.0: reg 0x20: [mem 0xfcc00000-0xfcc03fff 64bit pref]
Aug  1 19:18:21 test-cx22-pool-small-static-worker1 kernel: [    0.858492] pci 0000:00:02.2: PCI bridge to [bus 03]
Aug  1 19:18:21 test-cx22-pool-small-static-worker1 kernel: [    0.859842] pci 0000:00:02.2:   bridge window [mem 0xfe400000-0xfe5fffff]
Aug  1 19:18:21 test-cx22-pool-small-static-worker1 kernel: [    0.861488] pci 0000:00:02.2:   bridge window [mem 0xfcc00000-0xfcdfffff 64bit pref]
Aug  1 19:18:21 test-cx22-pool-small-static-worker1 kernel: [    0.864758] pci 0000:04:00.0: [1af4:1045] type 00 class 0x00ff00
Aug  1 19:18:21 test-cx22-pool-small-static-worker1 kernel: [    0.870149] pci 0000:04:00.0: reg 0x20: [mem 0xfca00000-0xfca03fff 64bit pref]
Aug  1 19:18:21 test-cx22-pool-small-static-worker1 kernel: [    0.885373] pci 0000:00:02.3: PCI bridge to [bus 04]
Aug  1 19:18:21 test-cx22-pool-small-static-worker1 kernel: [    0.886658] pci 0000:00:02.3:   bridge window [mem 0xfe200000-0xfe3fffff]
Aug  1 19:18:21 test-cx22-pool-small-static-worker1 kernel: [    0.887859] pci 0000:00:02.3:   bridge window [mem 0xfca00000-0xfcbfffff 64bit pref]
Aug  1 19:18:21 test-cx22-pool-small-static-worker1 kernel: [    0.891216] pci 0000:05:00.0: [1af4:1044] type 00 class 0x00ff00
Aug  1 19:18:21 test-cx22-pool-small-static-worker1 kernel: [    0.895757] pci 0000:05:00.0: reg 0x20: [mem 0xfc800000-0xfc803fff 64bit pref]
Aug  1 19:18:21 test-cx22-pool-small-static-worker1 kernel: [    0.909575] pci 0000:00:02.4: PCI bridge to [bus 05]
Aug  1 19:18:21 test-cx22-pool-small-static-worker1 kernel: [    0.910871] pci 0000:00:02.4:   bridge window [mem 0xfe000000-0xfe1fffff]
Aug  1 19:18:21 test-cx22-pool-small-static-worker1 kernel: [    0.911859] pci 0000:00:02.4:   bridge window [mem 0xfc800000-0xfc9fffff 64bit pref]
Aug  1 19:18:21 test-cx22-pool-small-static-worker1 kernel: [    0.915104] pci 0000:06:00.0: [1af4:1048] type 00 class 0x010000
Aug  1 19:18:21 test-cx22-pool-small-static-worker1 kernel: [    0.919475] pci 0000:06:00.0: reg 0x14: [mem 0xfde00000-0xfde00fff]
Aug  1 19:18:21 test-cx22-pool-small-static-worker1 kernel: [    0.924747] pci 0000:06:00.0: reg 0x20: [mem 0xfc600000-0xfc603fff 64bit pref]
Aug  1 19:18:21 test-cx22-pool-small-static-worker1 kernel: [    0.940394] pci 0000:00:02.5: PCI bridge to [bus 06]
Aug  1 19:18:21 test-cx22-pool-small-static-worker1 kernel: [    0.941657] pci 0000:00:02.5:   bridge window [mem 0xfde00000-0xfdffffff]
Aug  1 19:18:21 test-cx22-pool-small-static-worker1 kernel: [    0.943256] pci 0000:00:02.5:   bridge window [mem 0xfc600000-0xfc7fffff 64bit pref]
Aug  1 19:18:21 test-cx22-pool-small-static-worker1 kernel: [    0.945035] acpiphp: Slot [0] registered
Aug  1 19:18:21 test-cx22-pool-small-static-worker1 kernel: [    0.946218] pci 0000:07:00.0: [1af4:1041] type 00 class 0x020000
Aug  1 19:18:21 test-cx22-pool-small-static-worker1 kernel: [    0.949949] pci 0000:07:00.0: reg 0x14: [mem 0xfdc80000-0xfdc80fff]
Aug  1 19:18:21 test-cx22-pool-small-static-worker1 kernel: [    0.955827] pci 0000:07:00.0: reg 0x20: [mem 0xfc400000-0xfc403fff 64bit pref]
Aug  1 19:18:21 test-cx22-pool-small-static-worker1 kernel: [    0.958856] pci 0000:07:00.0: reg 0x30: [mem 0xfdc00000-0xfdc7ffff pref]
Aug  1 19:18:21 test-cx22-pool-small-static-worker1 kernel: [    0.976240] pci 0000:00:02.6: PCI bridge to [bus 07]
Aug  1 19:18:21 test-cx22-pool-small-static-worker1 kernel: [    0.977499] pci 0000:00:02.6:   bridge window [mem 0xfdc00000-0xfddfffff]
Aug  1 19:18:21 test-cx22-pool-small-static-worker1 kernel: [    0.979098] pci 0000:00:02.6:   bridge window [mem 0xfc400000-0xfc5fffff 64bit pref]
Aug  1 19:18:21 test-cx22-pool-small-static-worker1 kernel: [    0.981012] acpiphp: Slot [0-2] registered
Aug  1 19:18:21 test-cx22-pool-small-static-worker1 kernel: [    0.993295] pci 0000:00:02.7: PCI bridge to [bus 08]
Aug  1 19:18:21 test-cx22-pool-small-static-worker1 kernel: [    0.994529] pci 0000:00:02.7:   bridge window [mem 0xfda00000-0xfdbfffff]
Aug  1 19:18:21 test-cx22-pool-small-static-worker1 kernel: [    0.995858] pci 0000:00:02.7:   bridge window [mem 0xfc200000-0xfc3fffff 64bit pref]
Aug  1 19:18:21 test-cx22-pool-small-static-worker1 kernel: [    0.998797] acpiphp: Slot [0-3] registered
Aug  1 19:18:21 test-cx22-pool-small-static-worker1 kernel: [    1.011094] pci 0000:00:03.0: PCI bridge to [bus 09]
Aug  1 19:18:21 test-cx22-pool-small-static-worker1 kernel: [    1.014481] pci 0000:00:03.0:   bridge window [mem 0xfd800000-0xfd9fffff]
Aug  1 19:18:21 test-cx22-pool-small-static-worker1 kernel: [    1.015862] pci 0000:00:03.0:   bridge window [mem 0xfc000000-0xfc1fffff 64bit pref]
Aug  1 19:18:21 test-cx22-pool-small-static-worker1 kernel: [    1.029347] ACPI: PCI: Interrupt link LNKA configured for IRQ 10
Aug  1 19:18:21 test-cx22-pool-small-static-worker1 kernel: [    1.030899] ACPI: PCI: Interrupt link LNKB configured for IRQ 10
Aug  1 19:18:21 test-cx22-pool-small-static-worker1 kernel: [    1.031942] ACPI: PCI: Interrupt link LNKC configured for IRQ 11
Aug  1 19:18:21 test-cx22-pool-small-static-worker1 kernel: [    1.033443] ACPI: PCI: Interrupt link LNKD configured for IRQ 11
Aug  1 19:18:21 test-cx22-pool-small-static-worker1 kernel: [    1.034950] ACPI: PCI: Interrupt link LNKE configured for IRQ 10
Aug  1 19:18:21 test-cx22-pool-small-static-worker1 kernel: [    1.035938] ACPI: PCI: Interrupt link LNKF configured for IRQ 10
Aug  1 19:18:21 test-cx22-pool-small-static-worker1 kernel: [    1.037442] ACPI: PCI: Interrupt link LNKG configured for IRQ 11
Aug  1 19:18:21 test-cx22-pool-small-static-worker1 systemd[1]: Finished Monitoring of LVM2 mirrors, snapshots etc. using dmeventd or progress polling.
Aug  1 19:18:21 test-cx22-pool-small-static-worker1 kernel: [    1.038961] ACPI: PCI: Interrupt link LNKH configured for IRQ 11
Aug  1 19:18:21 test-cx22-pool-small-static-worker1 kernel: [    1.039865] ACPI: PCI: Interrupt link GSIA configured for IRQ 16
Aug  1 19:18:21 test-cx22-pool-small-static-worker1 kernel: [    1.041270] ACPI: PCI: Interrupt link GSIB configured for IRQ 17
Aug  1 19:18:21 test-cx22-pool-small-static-worker1 kernel: [    1.042672] ACPI: PCI: Interrupt link GSIC configured for IRQ 18
Aug  1 19:18:21 test-cx22-pool-small-static-worker1 kernel: [    1.043833] ACPI: PCI: Interrupt link GSID configured for IRQ 19
Aug  1 19:18:21 test-cx22-pool-small-static-worker1 kernel: [    1.045230] ACPI: PCI: Interrupt link GSIE configured for IRQ 20
Aug  1 19:18:21 test-cx22-pool-small-static-worker1 systemd[1]: modprobe@configfs.service: Deactivated successfully.
Aug  1 19:18:21 test-cx22-pool-small-static-worker1 systemd[1]: Finished Load Kernel Module configfs.
Aug  1 19:18:21 test-cx22-pool-small-static-worker1 systemd[1]: modprobe@drm.service: Deactivated successfully.
Aug  1 19:18:21 test-cx22-pool-small-static-worker1 kernel: [    1.046638] ACPI: PCI: Interrupt link GSIF configured for IRQ 21
Aug  1 19:18:21 test-cx22-pool-small-static-worker1 kernel: [    1.047833] ACPI: PCI: Interrupt link GSIG configured for IRQ 22
Aug  1 19:18:21 test-cx22-pool-small-static-worker1 kernel: [    1.049236] ACPI: PCI: Interrupt link GSIH configured for IRQ 23
Aug  1 19:18:21 test-cx22-pool-small-static-worker1 systemd[1]: Finished Load Kernel Module drm.
Aug  1 19:18:21 test-cx22-pool-small-static-worker1 kernel: [    1.051181] iommu: Default domain type: Translated 
Aug  1 19:18:21 test-cx22-pool-small-static-worker1 kernel: [    1.055856] iommu: DMA domain TLB invalidation policy: lazy mode 
Aug  1 19:18:21 test-cx22-pool-small-static-worker1 kernel: [    1.060756] SCSI subsystem initialized
Aug  1 19:18:21 test-cx22-pool-small-static-worker1 systemd[1]: modprobe@efi_pstore.service: Deactivated successfully.
Aug  1 19:18:21 test-cx22-pool-small-static-worker1 kernel: [    1.063871] libata version 3.00 loaded.
Aug  1 19:18:21 test-cx22-pool-small-static-worker1 systemd[1]: Finished Load Kernel Module efi_pstore.
Aug  1 19:18:21 test-cx22-pool-small-static-worker1 kernel: [    1.063979] pci 0000:00:01.0: vgaarb: setting as boot VGA device
Aug  1 19:18:21 test-cx22-pool-small-static-worker1 kernel: [    1.065766] pci 0000:00:01.0: vgaarb: VGA device added: decodes=io+mem,owns=io+mem,locks=none
Aug  1 19:18:21 test-cx22-pool-small-static-worker1 kernel: [    1.067835] pci 0000:00:01.0: vgaarb: bridge control possible
Aug  1 19:18:21 test-cx22-pool-small-static-worker1 kernel: [    1.070315] vgaarb: loaded
Aug  1 19:18:21 test-cx22-pool-small-static-worker1 systemd[1]: modprobe@fuse.service: Deactivated successfully.
Aug  1 19:18:21 test-cx22-pool-small-static-worker1 kernel: [    1.071780] ACPI: bus type USB registered
Aug  1 19:18:21 test-cx22-pool-small-static-worker1 systemd[1]: Finished Load Kernel Module fuse.
Aug  1 19:18:21 test-cx22-pool-small-static-worker1 kernel: [    1.072104] usbcore: registered new interface driver usbfs
Aug  1 19:18:21 test-cx22-pool-small-static-worker1 kernel: [    1.074080] usbcore: registered new interface driver hub
Aug  1 19:18:21 test-cx22-pool-small-static-worker1 kernel: [    1.075860] usbcore: registered new device driver usb
Aug  1 19:18:21 test-cx22-pool-small-static-worker1 systemd[1]: Finished Load Kernel Modules.
Aug  1 19:18:21 test-cx22-pool-small-static-worker1 kernel: [    1.077719] pps_core: LinuxPPS API ver. 1 registered
Aug  1 19:18:21 test-cx22-pool-small-static-worker1 kernel: [    1.079455] pps_core: Software ver. 5.3.6 - Copyright 2005-2007 Rodolfo Giometti <giometti@linux.it>
Aug  1 19:18:21 test-cx22-pool-small-static-worker1 systemd[1]: Finished Remount Root and Kernel File Systems.
Aug  1 19:18:21 test-cx22-pool-small-static-worker1 kernel: [    1.079825] PTP clock support registered
Aug  1 19:18:21 test-cx22-pool-small-static-worker1 kernel: [    1.080900] EDAC MC: Ver: 3.0.0
Aug  1 19:18:21 test-cx22-pool-small-static-worker1 kernel: [    1.081630] NetLabel: Initializing
Aug  1 19:18:21 test-cx22-pool-small-static-worker1 kernel: [    1.081630] NetLabel:  domain hash size = 128
Aug  1 19:18:21 test-cx22-pool-small-static-worker1 kernel: [    1.082469] NetLabel:  protocols = UNLABELED CIPSOv4 CALIPSO
Aug  1 19:18:21 test-cx22-pool-small-static-worker1 kernel: [    1.083877] NetLabel:  unlabeled traffic allowed by default
Aug  1 19:18:21 test-cx22-pool-small-static-worker1 systemd[1]: Mounting FUSE Control File System...
Aug  1 19:18:21 test-cx22-pool-small-static-worker1 systemd[1]: Mounting Kernel Configuration File System...
Aug  1 19:18:21 test-cx22-pool-small-static-worker1 kernel: [    1.087931] PCI: Using ACPI for IRQ routing
Aug  1 19:18:21 test-cx22-pool-small-static-worker1 kernel: [    1.267268] PCI: pci_cache_line_size set to 64 bytes
Aug  1 19:18:21 test-cx22-pool-small-static-worker1 kernel: [    1.267711] e820: reserve RAM buffer [mem 0x0009fc00-0x0009ffff]
Aug  1 19:18:21 test-cx22-pool-small-static-worker1 kernel: [    1.267718] e820: reserve RAM buffer [mem 0x7ffdc000-0x7fffffff]
Aug  1 19:18:21 test-cx22-pool-small-static-worker1 kernel: [    1.267720] e820: reserve RAM buffer [mem 0x17a000000-0x17bffffff]
Aug  1 19:18:21 test-cx22-pool-small-static-worker1 systemd[1]: Starting Device-Mapper Multipath Device Controller...
Aug  1 19:18:21 test-cx22-pool-small-static-worker1 kernel: [    1.268201] hpet0: at MMIO 0xfed00000, IRQs 2, 8, 0
Aug  1 19:18:21 test-cx22-pool-small-static-worker1 systemd[1]: Starting Flush Journal to Persistent Storage...
Aug  1 19:18:21 test-cx22-pool-small-static-worker1 kernel: [    1.271834] hpet0: 3 comparators, 64-bit 100.000000 MHz counter
Aug  1 19:18:21 test-cx22-pool-small-static-worker1 kernel: [    1.279542] clocksource: Switched to clocksource kvm-clock
Aug  1 19:18:21 test-cx22-pool-small-static-worker1 kernel: [    1.310667] VFS: Disk quotas dquot_6.6.0
Aug  1 19:18:21 test-cx22-pool-small-static-worker1 kernel: [    1.311745] VFS: Dquot-cache hash table entries: 512 (order 0, 4096 bytes)
Aug  1 19:18:21 test-cx22-pool-small-static-worker1 kernel: [    1.313619] AppArmor: AppArmor Filesystem Enabled
Aug  1 19:18:21 test-cx22-pool-small-static-worker1 systemd[1]: Condition check resulted in Platform Persistent Storage Archival being skipped.
Aug  1 19:18:21 test-cx22-pool-small-static-worker1 kernel: [    1.314853] pnp: PnP ACPI init
Aug  1 19:18:21 test-cx22-pool-small-static-worker1 systemd[1]: Starting Load/Save Random Seed...
Aug  1 19:18:21 test-cx22-pool-small-static-worker1 kernel: [    1.316063] system 00:04: [mem 0xb0000000-0xbfffffff window] has been reserved
Aug  1 19:18:21 test-cx22-pool-small-static-worker1 kernel: [    1.318320] pnp: PnP ACPI: found 5 devices
Aug  1 19:18:21 test-cx22-pool-small-static-worker1 systemd[1]: Starting Apply Kernel Variables...
Aug  1 19:18:21 test-cx22-pool-small-static-worker1 kernel: [    1.325359] clocksource: acpi_pm: mask: 0xffffff max_cycles: 0xffffff, max_idle_ns: 2085701024 ns
Aug  1 19:18:21 test-cx22-pool-small-static-worker1 kernel: [    1.327552] NET: Registered PF_INET protocol family
Aug  1 19:18:21 test-cx22-pool-small-static-worker1 kernel: [    1.328918] IP idents hash table entries: 65536 (order: 7, 524288 bytes, linear)
Aug  1 19:18:21 test-cx22-pool-small-static-worker1 kernel: [    1.332280] tcp_listen_portaddr_hash hash table entries: 2048 (order: 3, 32768 bytes, linear)
Aug  1 19:18:21 test-cx22-pool-small-static-worker1 systemd[1]: Starting Create System Users...
Aug  1 19:18:21 test-cx22-pool-small-static-worker1 kernel: [    1.334351] Table-perturb hash table entries: 65536 (order: 6, 262144 bytes, linear)
Aug  1 19:18:21 test-cx22-pool-small-static-worker1 systemd[1]: Finished Set the console keyboard layout.
Aug  1 19:18:21 test-cx22-pool-small-static-worker1 kernel: [    1.336321] TCP established hash table entries: 32768 (order: 6, 262144 bytes, linear)
Aug  1 19:18:21 test-cx22-pool-small-static-worker1 kernel: [    1.338795] TCP bind hash table entries: 32768 (order: 7, 524288 bytes, linear)
Aug  1 19:18:21 test-cx22-pool-small-static-worker1 kernel: [    1.340610] TCP: Hash tables configured (established 32768 bind 32768)
Aug  1 19:18:21 test-cx22-pool-small-static-worker1 kernel: [    1.343004] MPTCP token hash table entries: 4096 (order: 4, 98304 bytes, linear)
Aug  1 19:18:21 test-cx22-pool-small-static-worker1 kernel: [    1.344853] UDP hash table entries: 2048 (order: 4, 65536 bytes, linear)
Aug  1 19:18:21 test-cx22-pool-small-static-worker1 systemd[1]: Mounted FUSE Control File System.
Aug  1 19:18:21 test-cx22-pool-small-static-worker1 systemd[1]: Mounted Kernel Configuration File System.
Aug  1 19:18:21 test-cx22-pool-small-static-worker1 kernel: [    1.346422] UDP-Lite hash table entries: 2048 (order: 4, 65536 bytes, linear)
Aug  1 19:18:21 test-cx22-pool-small-static-worker1 kernel: [    1.348190] NET: Registered PF_UNIX/PF_LOCAL protocol family
Aug  1 19:18:21 test-cx22-pool-small-static-worker1 kernel: [    1.349552] NET: Registered PF_XDP protocol family
Aug  1 19:18:21 test-cx22-pool-small-static-worker1 systemd[1]: Finished Load/Save Random Seed.
Aug  1 19:18:21 test-cx22-pool-small-static-worker1 kernel: [    1.350743] pci 0000:00:02.6: bridge window [io  0x1000-0x0fff] to [bus 07] add_size 1000
Aug  1 19:18:21 test-cx22-pool-small-static-worker1 kernel: [    1.352715] pci 0000:00:02.7: bridge window [io  0x1000-0x0fff] to [bus 08] add_size 1000
Aug  1 19:18:21 test-cx22-pool-small-static-worker1 kernel: [    1.354645] pci 0000:00:03.0: bridge window [io  0x1000-0x0fff] to [bus 09] add_size 1000
Aug  1 19:18:21 test-cx22-pool-small-static-worker1 systemd[1]: Condition check resulted in First Boot Complete being skipped.
Aug  1 19:18:21 test-cx22-pool-small-static-worker1 systemd[1]: Finished Flush Journal to Persistent Storage.
Aug  1 19:18:21 test-cx22-pool-small-static-worker1 kernel: [    1.356724] pci 0000:00:02.6: BAR 13: assigned [io  0x1000-0x1fff]
Aug  1 19:18:21 test-cx22-pool-small-static-worker1 systemd[1]: Finished Create System Users.
Aug  1 19:18:21 test-cx22-pool-small-static-worker1 kernel: [    1.358873] pci 0000:00:02.7: BAR 13: assigned [io  0x2000-0x2fff]
Aug  1 19:18:21 test-cx22-pool-small-static-worker1 kernel: [    1.361585] pci 0000:00:03.0: BAR 13: assigned [io  0x3000-0x3fff]
Aug  1 19:18:21 test-cx22-pool-small-static-worker1 kernel: [    1.364252] pci 0000:00:02.0: PCI bridge to [bus 01]
Aug  1 19:18:21 test-cx22-pool-small-static-worker1 kernel: [    1.369772] pci 0000:00:02.0:   bridge window [mem 0xfe800000-0xfe9fffff]
Aug  1 19:18:21 test-cx22-pool-small-static-worker1 systemd[1]: Starting Create Static Device Nodes in /dev...
Aug  1 19:18:21 test-cx22-pool-small-static-worker1 kernel: [    1.372995] pci 0000:00:02.0:   bridge window [mem 0xfd000000-0xfd1fffff 64bit pref]
Aug  1 19:18:21 test-cx22-pool-small-static-worker1 systemd[1]: Finished Apply Kernel Variables.
Aug  1 19:18:21 test-cx22-pool-small-static-worker1 kernel: [    1.377686] pci 0000:00:02.1: PCI bridge to [bus 02]
Aug  1 19:18:21 test-cx22-pool-small-static-worker1 kernel: [    1.381029] pci 0000:00:02.1:   bridge window [mem 0xfe600000-0xfe7fffff]
Aug  1 19:18:21 test-cx22-pool-small-static-worker1 kernel: [    1.384209] pci 0000:00:02.1:   bridge window [mem 0xfce00000-0xfcffffff 64bit pref]
Aug  1 19:18:21 test-cx22-pool-small-static-worker1 kernel: [    1.388848] pci 0000:00:02.2: PCI bridge to [bus 03]
Aug  1 19:18:21 test-cx22-pool-small-static-worker1 multipathd[432]: --------start up--------
Aug  1 19:18:21 test-cx22-pool-small-static-worker1 kernel: [    1.394246] pci 0000:00:02.2:   bridge window [mem 0xfe400000-0xfe5fffff]
Aug  1 19:18:21 test-cx22-pool-small-static-worker1 kernel: [    1.396677] pci 0000:00:02.2:   bridge window [mem 0xfcc00000-0xfcdfffff 64bit pref]
Aug  1 19:18:21 test-cx22-pool-small-static-worker1 multipathd[432]: read /etc/multipath.conf
Aug  1 19:18:21 test-cx22-pool-small-static-worker1 multipathd[432]: path checkers start up
Aug  1 19:18:21 test-cx22-pool-small-static-worker1 kernel: [    1.400377] pci 0000:00:02.3: PCI bridge to [bus 04]
Aug  1 19:18:21 test-cx22-pool-small-static-worker1 kernel: [    1.403371] pci 0000:00:02.3:   bridge window [mem 0xfe200000-0xfe3fffff]
Aug  1 19:18:21 test-cx22-pool-small-static-worker1 kernel: [    1.408955] pci 0000:00:02.3:   bridge window [mem 0xfca00000-0xfcbfffff 64bit pref]
Aug  1 19:18:21 test-cx22-pool-small-static-worker1 systemd[1]: Started Device-Mapper Multipath Device Controller.
Aug  1 19:18:21 test-cx22-pool-small-static-worker1 kernel: [    1.412433] pci 0000:00:02.4: PCI bridge to [bus 05]
Aug  1 19:18:21 test-cx22-pool-small-static-worker1 kernel: [    1.414827] pci 0000:00:02.4:   bridge window [mem 0xfe000000-0xfe1fffff]
Aug  1 19:18:21 test-cx22-pool-small-static-worker1 kernel: [    1.417354] pci 0000:00:02.4:   bridge window [mem 0xfc800000-0xfc9fffff 64bit pref]
Aug  1 19:18:21 test-cx22-pool-small-static-worker1 systemd[1]: Finished Create Static Device Nodes in /dev.
Aug  1 19:18:21 test-cx22-pool-small-static-worker1 kernel: [    1.423912] pci 0000:00:02.5: PCI bridge to [bus 06]
Aug  1 19:18:21 test-cx22-pool-small-static-worker1 kernel: [    1.426270] pci 0000:00:02.5:   bridge window [mem 0xfde00000-0xfdffffff]
Aug  1 19:18:21 test-cx22-pool-small-static-worker1 kernel: [    1.428616] pci 0000:00:02.5:   bridge window [mem 0xfc600000-0xfc7fffff 64bit pref]
Aug  1 19:18:21 test-cx22-pool-small-static-worker1 kernel: [    1.433902] pci 0000:00:02.6: PCI bridge to [bus 07]
Aug  1 19:18:21 test-cx22-pool-small-static-worker1 systemd[1]: Reached target Preparation for Local File Systems.
Aug  1 19:18:21 test-cx22-pool-small-static-worker1 kernel: [    1.435120] pci 0000:00:02.6:   bridge window [io  0x1000-0x1fff]
Aug  1 19:18:21 test-cx22-pool-small-static-worker1 kernel: [    1.437684] pci 0000:00:02.6:   bridge window [mem 0xfdc00000-0xfddfffff]
Aug  1 19:18:21 test-cx22-pool-small-static-worker1 systemd[1]: Starting Rule-based Manager for Device Events and Files...
Aug  1 19:18:21 test-cx22-pool-small-static-worker1 kernel: [    1.440007] pci 0000:00:02.6:   bridge window [mem 0xfc400000-0xfc5fffff 64bit pref]
Aug  1 19:18:21 test-cx22-pool-small-static-worker1 kernel: [    1.445825] pci 0000:00:02.7: PCI bridge to [bus 08]
Aug  1 19:18:21 test-cx22-pool-small-static-worker1 systemd[1]: Finished Coldplug All udev Devices.
Aug  1 19:18:21 test-cx22-pool-small-static-worker1 kernel: [    1.447046] pci 0000:00:02.7:   bridge window [io  0x2000-0x2fff]
Aug  1 19:18:21 test-cx22-pool-small-static-worker1 kernel: [    1.449571] pci 0000:00:02.7:   bridge window [mem 0xfda00000-0xfdbfffff]
Aug  1 19:18:21 test-cx22-pool-small-static-worker1 kernel: [    1.451858] pci 0000:00:02.7:   bridge window [mem 0xfc200000-0xfc3fffff 64bit pref]
Aug  1 19:18:21 test-cx22-pool-small-static-worker1 kernel: [    1.458840] pci 0000:00:03.0: PCI bridge to [bus 09]
Aug  1 19:18:21 test-cx22-pool-small-static-worker1 kernel: [    1.460150] pci 0000:00:03.0:   bridge window [io  0x3000-0x3fff]
Aug  1 19:18:21 test-cx22-pool-small-static-worker1 kernel: [    1.462785] pci 0000:00:03.0:   bridge window [mem 0xfd800000-0xfd9fffff]
Aug  1 19:18:21 test-cx22-pool-small-static-worker1 kernel: [    1.465083] pci 0000:00:03.0:   bridge window [mem 0xfc000000-0xfc1fffff 64bit pref]
Aug  1 19:18:21 test-cx22-pool-small-static-worker1 kernel: [    1.468492] pci_bus 0000:00: resource 4 [io  0x0000-0x0cf7 window]
Aug  1 19:18:21 test-cx22-pool-small-static-worker1 kernel: [    1.472868] pci_bus 0000:00: resource 5 [io  0x0d00-0xffff window]
Aug  1 19:18:21 test-cx22-pool-small-static-worker1 kernel: [    1.474305] pci_bus 0000:00: resource 6 [mem 0x000a0000-0x000bffff window]
Aug  1 19:18:21 test-cx22-pool-small-static-worker1 kernel: [    1.475872] pci_bus 0000:00: resource 7 [mem 0x80000000-0xafffffff window]
Aug  1 19:18:21 test-cx22-pool-small-static-worker1 kernel: [    1.477416] pci_bus 0000:00: resource 8 [mem 0xc0000000-0xfebfffff window]
Aug  1 19:18:21 test-cx22-pool-small-static-worker1 kernel: [    1.478984] pci_bus 0000:00: resource 9 [mem 0x180000000-0x97fffffff window]
Aug  1 19:18:21 test-cx22-pool-small-static-worker1 kernel: [    1.480577] pci_bus 0000:01: resource 1 [mem 0xfe800000-0xfe9fffff]
Aug  1 19:18:21 test-cx22-pool-small-static-worker1 kernel: [    1.482044] pci_bus 0000:01: resource 2 [mem 0xfd000000-0xfd1fffff 64bit pref]
Aug  1 19:18:21 test-cx22-pool-small-static-worker1 kernel: [    1.483771] pci_bus 0000:02: resource 1 [mem 0xfe600000-0xfe7fffff]
Aug  1 19:18:21 test-cx22-pool-small-static-worker1 kernel: [    1.485194] pci_bus 0000:02: resource 2 [mem 0xfce00000-0xfcffffff 64bit pref]
Aug  1 19:18:21 test-cx22-pool-small-static-worker1 kernel: [    1.486940] pci_bus 0000:03: resource 1 [mem 0xfe400000-0xfe5fffff]
Aug  1 19:18:21 test-cx22-pool-small-static-worker1 kernel: [    1.488379] pci_bus 0000:03: resource 2 [mem 0xfcc00000-0xfcdfffff 64bit pref]
Aug  1 19:18:21 test-cx22-pool-small-static-worker1 kernel: [    1.490088] pci_bus 0000:04: resource 1 [mem 0xfe200000-0xfe3fffff]
Aug  1 19:18:21 test-cx22-pool-small-static-worker1 kernel: [    1.491634] pci_bus 0000:04: resource 2 [mem 0xfca00000-0xfcbfffff 64bit pref]
Aug  1 19:18:21 test-cx22-pool-small-static-worker1 kernel: [    1.493344] pci_bus 0000:05: resource 1 [mem 0xfe000000-0xfe1fffff]
Aug  1 19:18:21 test-cx22-pool-small-static-worker1 kernel: [    1.494782] pci_bus 0000:05: resource 2 [mem 0xfc800000-0xfc9fffff 64bit pref]
Aug  1 19:18:21 test-cx22-pool-small-static-worker1 kernel: [    1.496488] pci_bus 0000:06: resource 1 [mem 0xfde00000-0xfdffffff]
Aug  1 19:18:21 test-cx22-pool-small-static-worker1 kernel: [    1.497912] pci_bus 0000:06: resource 2 [mem 0xfc600000-0xfc7fffff 64bit pref]
Aug  1 19:18:21 test-cx22-pool-small-static-worker1 kernel: [    1.499665] pci_bus 0000:07: resource 0 [io  0x1000-0x1fff]
Aug  1 19:18:21 test-cx22-pool-small-static-worker1 kernel: [    1.500960] pci_bus 0000:07: resource 1 [mem 0xfdc00000-0xfddfffff]
Aug  1 19:18:21 test-cx22-pool-small-static-worker1 kernel: [    1.502393] pci_bus 0000:07: resource 2 [mem 0xfc400000-0xfc5fffff 64bit pref]
Aug  1 19:18:21 test-cx22-pool-small-static-worker1 kernel: [    1.504105] pci_bus 0000:08: resource 0 [io  0x2000-0x2fff]
Aug  1 19:18:21 test-cx22-pool-small-static-worker1 kernel: [    1.505405] pci_bus 0000:08: resource 1 [mem 0xfda00000-0xfdbfffff]
Aug  1 19:18:21 test-cx22-pool-small-static-worker1 kernel: [    1.506840] pci_bus 0000:08: resource 2 [mem 0xfc200000-0xfc3fffff 64bit pref]
Aug  1 19:18:21 test-cx22-pool-small-static-worker1 kernel: [    1.508554] pci_bus 0000:09: resource 0 [io  0x3000-0x3fff]
Aug  1 19:18:21 test-cx22-pool-small-static-worker1 kernel: [    1.509896] pci_bus 0000:09: resource 1 [mem 0xfd800000-0xfd9fffff]
Aug  1 19:18:21 test-cx22-pool-small-static-worker1 kernel: [    1.511429] pci_bus 0000:09: resource 2 [mem 0xfc000000-0xfc1fffff 64bit pref]
Aug  1 19:18:21 test-cx22-pool-small-static-worker1 kernel: [    1.513827] ACPI: \_SB_.GSIG: Enabled at IRQ 22
Aug  1 19:18:21 test-cx22-pool-small-static-worker1 kernel: [    1.517158] PCI: CLS 0 bytes, default 64
Aug  1 19:18:21 test-cx22-pool-small-static-worker1 kernel: [    1.531245] PCI-DMA: Using software bounce buffering for IO (SWIOTLB)
Aug  1 19:18:21 test-cx22-pool-small-static-worker1 kernel: [    1.531350] Trying to unpack rootfs image as initramfs...
Aug  1 19:18:21 test-cx22-pool-small-static-worker1 kernel: [    1.532719] software IO TLB: mapped [mem 0x000000007bfdc000-0x000000007ffdc000] (64MB)
Aug  1 19:18:21 test-cx22-pool-small-static-worker1 kernel: [    1.536078] clocksource: tsc: mask: 0xffffffffffffffff max_cycles: 0x1e4530a99b6, max_idle_ns: 440795257976 ns
Aug  1 19:18:21 test-cx22-pool-small-static-worker1 kernel: [    1.540467] Initialise system trusted keyrings
Aug  1 19:18:21 test-cx22-pool-small-static-worker1 kernel: [    1.541575] Key type blacklist registered
Aug  1 19:18:21 test-cx22-pool-small-static-worker1 kernel: [    1.542641] workingset: timestamp_bits=36 max_order=20 bucket_order=0
Aug  1 19:18:21 test-cx22-pool-small-static-worker1 kernel: [    1.545709] zbud: loaded
Aug  1 19:18:21 test-cx22-pool-small-static-worker1 kernel: [    1.546696] squashfs: version 4.0 (2009/01/31) Phillip Lougher
Aug  1 19:18:21 test-cx22-pool-small-static-worker1 kernel: [    1.548240] fuse: init (API version 7.34)
Aug  1 19:18:21 test-cx22-pool-small-static-worker1 kernel: [    1.549461] integrity: Platform Keyring initialized
Aug  1 19:18:21 test-cx22-pool-small-static-worker1 kernel: [    1.558841] Key type asymmetric registered
Aug  1 19:18:21 test-cx22-pool-small-static-worker1 kernel: [    1.559875] Asymmetric key parser 'x509' registered
Aug  1 19:18:21 test-cx22-pool-small-static-worker1 kernel: [    1.561140] Block layer SCSI generic (bsg) driver version 0.4 loaded (major 243)
Aug  1 19:18:21 test-cx22-pool-small-static-worker1 kernel: [    1.563043] io scheduler mq-deadline registered
Aug  1 19:18:21 test-cx22-pool-small-static-worker1 kernel: [    1.566619] pcieport 0000:00:02.0: PME: Signaling with IRQ 24
Aug  1 19:18:21 test-cx22-pool-small-static-worker1 kernel: [    1.568233] pcieport 0000:00:02.0: AER: enabled with IRQ 24
Aug  1 19:18:21 test-cx22-pool-small-static-worker1 kernel: [    1.570945] pcieport 0000:00:02.1: PME: Signaling with IRQ 25
Aug  1 19:18:21 test-cx22-pool-small-static-worker1 kernel: [    1.572530] pcieport 0000:00:02.1: AER: enabled with IRQ 25
Aug  1 19:18:21 test-cx22-pool-small-static-worker1 kernel: [    1.576721] pcieport 0000:00:02.2: PME: Signaling with IRQ 26
Aug  1 19:18:21 test-cx22-pool-small-static-worker1 kernel: [    1.578351] pcieport 0000:00:02.2: AER: enabled with IRQ 26
Aug  1 19:18:21 test-cx22-pool-small-static-worker1 kernel: [    1.581971] pcieport 0000:00:02.3: PME: Signaling with IRQ 27
Aug  1 19:18:21 test-cx22-pool-small-static-worker1 kernel: [    1.583549] pcieport 0000:00:02.3: AER: enabled with IRQ 27
Aug  1 19:18:21 test-cx22-pool-small-static-worker1 kernel: [    1.587118] pcieport 0000:00:02.4: PME: Signaling with IRQ 28
Aug  1 19:18:21 test-cx22-pool-small-static-worker1 kernel: [    1.588806] pcieport 0000:00:02.4: AER: enabled with IRQ 28
Aug  1 19:18:21 test-cx22-pool-small-static-worker1 kernel: [    1.592575] pcieport 0000:00:02.5: PME: Signaling with IRQ 29
Aug  1 19:18:21 test-cx22-pool-small-static-worker1 kernel: [    1.594131] pcieport 0000:00:02.5: AER: enabled with IRQ 29
Aug  1 19:18:21 test-cx22-pool-small-static-worker1 kernel: [    1.604272] pcieport 0000:00:02.6: PME: Signaling with IRQ 30
Aug  1 19:18:21 test-cx22-pool-small-static-worker1 kernel: [    1.605863] pcieport 0000:00:02.6: AER: enabled with IRQ 30
Aug  1 19:18:21 test-cx22-pool-small-static-worker1 kernel: [    1.609481] pcieport 0000:00:02.7: PME: Signaling with IRQ 31
Aug  1 19:18:21 test-cx22-pool-small-static-worker1 kernel: [    1.611061] pcieport 0000:00:02.7: AER: enabled with IRQ 31
Aug  1 19:18:21 test-cx22-pool-small-static-worker1 kernel: [    1.613132] ACPI: \_SB_.GSIH: Enabled at IRQ 23
Aug  1 19:18:21 test-cx22-pool-small-static-worker1 kernel: [    1.615794] pcieport 0000:00:03.0: PME: Signaling with IRQ 32
Aug  1 19:18:21 test-cx22-pool-small-static-worker1 kernel: [    1.620472] pcieport 0000:00:03.0: AER: enabled with IRQ 32
Aug  1 19:18:21 test-cx22-pool-small-static-worker1 kernel: [    1.622416] shpchp: Standard Hot Plug PCI Controller Driver version: 0.4
Aug  1 19:18:21 test-cx22-pool-small-static-worker1 kernel: [    1.624185] input: Power Button as /devices/LNXSYSTM:00/LNXPWRBN:00/input/input0
Aug  1 19:18:21 test-cx22-pool-small-static-worker1 kernel: [    1.625988] ACPI: button: Power Button [PWRF]
Aug  1 19:18:21 test-cx22-pool-small-static-worker1 kernel: [    1.627826] ACPI: \_SB_.GSIF: Enabled at IRQ 21
Aug  1 19:18:21 test-cx22-pool-small-static-worker1 kernel: [    1.644596] Serial: 8250/16550 driver, 32 ports, IRQ sharing enabled
Aug  1 19:18:21 test-cx22-pool-small-static-worker1 kernel: [    1.673059] 00:00: ttyS0 at I/O 0x3f8 (irq = 4, base_baud = 115200) is a 16550A
Aug  1 19:18:21 test-cx22-pool-small-static-worker1 kernel: [    1.728284] Linux agpgart interface v0.103
Aug  1 19:18:21 test-cx22-pool-small-static-worker1 kernel: [    1.742762] loop: module loaded
Aug  1 19:18:21 test-cx22-pool-small-static-worker1 kernel: [    1.745031] tun: Universal TUN/TAP device driver, 1.6
Aug  1 19:18:21 test-cx22-pool-small-static-worker1 kernel: [    1.749250] PPP generic driver version 2.4.2
Aug  1 19:18:21 test-cx22-pool-small-static-worker1 kernel: [    1.750602] VFIO - User Level meta-driver version: 0.3
Aug  1 19:18:21 test-cx22-pool-small-static-worker1 kernel: [    1.752225] ehci_hcd: USB 2.0 'Enhanced' Host Controller (EHCI) Driver
Aug  1 19:18:21 test-cx22-pool-small-static-worker1 kernel: [    1.753867] ehci-pci: EHCI PCI platform driver
Aug  1 19:18:21 test-cx22-pool-small-static-worker1 kernel: [    1.755110] ehci-platform: EHCI generic platform driver
Aug  1 19:18:21 test-cx22-pool-small-static-worker1 kernel: [    1.756452] ohci_hcd: USB 1.1 'Open' Host Controller (OHCI) Driver
Aug  1 19:18:21 test-cx22-pool-small-static-worker1 kernel: [    1.757925] ohci-pci: OHCI PCI platform driver
Aug  1 19:18:21 test-cx22-pool-small-static-worker1 kernel: [    1.759104] ohci-platform: OHCI generic platform driver
Aug  1 19:18:21 test-cx22-pool-small-static-worker1 kernel: [    1.760436] uhci_hcd: USB Universal Host Controller Interface driver
Aug  1 19:18:21 test-cx22-pool-small-static-worker1 kernel: [    1.762017] i8042: PNP: PS/2 Controller [PNP0303:KBD,PNP0f13:MOU] at 0x60,0x64 irq 1,12
Aug  1 19:18:21 test-cx22-pool-small-static-worker1 kernel: [    1.765044] serio: i8042 KBD port at 0x60,0x64 irq 1
Aug  1 19:18:21 test-cx22-pool-small-static-worker1 kernel: [    1.766246] serio: i8042 AUX port at 0x60,0x64 irq 12
Aug  1 19:18:21 test-cx22-pool-small-static-worker1 kernel: [    1.767718] mousedev: PS/2 mouse device common for all mice
Aug  1 19:18:21 test-cx22-pool-small-static-worker1 kernel: [    1.769419] rtc_cmos 00:03: RTC can wake from S4
Aug  1 19:18:21 test-cx22-pool-small-static-worker1 kernel: [    1.777659] rtc_cmos 00:03: registered as rtc0
Aug  1 19:18:21 test-cx22-pool-small-static-worker1 kernel: [    1.779341] rtc_cmos 00:03: setting system clock to 2024-08-01T19:18:08 UTC (1722539888)
Aug  1 19:18:21 test-cx22-pool-small-static-worker1 kernel: [    1.782001] rtc_cmos 00:03: alarms up to one day, y3k, 242 bytes nvram
Aug  1 19:18:21 test-cx22-pool-small-static-worker1 kernel: [    1.784030] i2c_dev: i2c /dev entries driver
Aug  1 19:18:21 test-cx22-pool-small-static-worker1 kernel: [    1.785528] input: AT Translated Set 2 keyboard as /devices/platform/i8042/serio0/input/input1
Aug  1 19:18:21 test-cx22-pool-small-static-worker1 kernel: [    1.788589] device-mapper: core: CONFIG_IMA_DISABLE_HTABLE is disabled. Duplicate IMA measurements will not be recorded in the IMA log.
Aug  1 19:18:21 test-cx22-pool-small-static-worker1 kernel: [    1.792228] device-mapper: uevent: version 1.0.3
Aug  1 19:18:21 test-cx22-pool-small-static-worker1 kernel: [    1.793817] device-mapper: ioctl: 4.45.0-ioctl (2021-03-22) initialised: dm-devel@redhat.com
Aug  1 19:18:21 test-cx22-pool-small-static-worker1 kernel: [    1.796486] platform eisa.0: Probing EISA bus 0
Aug  1 19:18:21 test-cx22-pool-small-static-worker1 kernel: [    1.797950] platform eisa.0: EISA: Cannot allocate resource for mainboard
Aug  1 19:18:21 test-cx22-pool-small-static-worker1 kernel: [    1.799991] platform eisa.0: Cannot allocate resource for EISA slot 1
Aug  1 19:18:21 test-cx22-pool-small-static-worker1 kernel: [    1.801959] platform eisa.0: Cannot allocate resource for EISA slot 2
Aug  1 19:18:21 test-cx22-pool-small-static-worker1 kernel: [    1.803982] platform eisa.0: Cannot allocate resource for EISA slot 3
Aug  1 19:18:21 test-cx22-pool-small-static-worker1 kernel: [    1.805955] platform eisa.0: Cannot allocate resource for EISA slot 4
Aug  1 19:18:21 test-cx22-pool-small-static-worker1 kernel: [    1.807931] platform eisa.0: Cannot allocate resource for EISA slot 5
Aug  1 19:18:21 test-cx22-pool-small-static-worker1 kernel: [    1.809890] platform eisa.0: Cannot allocate resource for EISA slot 6
Aug  1 19:18:21 test-cx22-pool-small-static-worker1 kernel: [    1.811855] platform eisa.0: Cannot allocate resource for EISA slot 7
Aug  1 19:18:21 test-cx22-pool-small-static-worker1 kernel: [    1.813805] platform eisa.0: Cannot allocate resource for EISA slot 8
Aug  1 19:18:21 test-cx22-pool-small-static-worker1 kernel: [    1.815769] platform eisa.0: EISA: Detected 0 cards
Aug  1 19:18:21 test-cx22-pool-small-static-worker1 kernel: [    1.817327] intel_pstate: CPU model not supported
Aug  1 19:18:21 test-cx22-pool-small-static-worker1 kernel: [    1.822335] ledtrig-cpu: registered to indicate activity on CPUs
Aug  1 19:18:21 test-cx22-pool-small-static-worker1 kernel: [    1.824041] drop_monitor: Initializing network drop monitor service
Aug  1 19:18:21 test-cx22-pool-small-static-worker1 kernel: [    1.825722] NET: Registered PF_INET6 protocol family
Aug  1 19:18:21 test-cx22-pool-small-static-worker1 kernel: [    1.942384] Freeing initrd memory: 31084K
Aug  1 19:18:21 test-cx22-pool-small-static-worker1 kernel: [    1.963451] Segment Routing with IPv6
Aug  1 19:18:21 test-cx22-pool-small-static-worker1 kernel: [    1.965237] In-situ OAM (IOAM) with IPv6
Aug  1 19:18:21 test-cx22-pool-small-static-worker1 kernel: [    1.967122] NET: Registered PF_PACKET protocol family
Aug  1 19:18:21 test-cx22-pool-small-static-worker1 kernel: [    1.969137] Key type dns_resolver registered
Aug  1 19:18:21 test-cx22-pool-small-static-worker1 kernel: [    1.971769] No MBM correction factor available
Aug  1 19:18:21 test-cx22-pool-small-static-worker1 kernel: [    1.973868] IPI shorthand broadcast: enabled
Aug  1 19:18:21 test-cx22-pool-small-static-worker1 kernel: [    1.976048] sched_clock: Marking stable (1757071710, 218890443)->(2121741465, -145779312)
Aug  1 19:18:21 test-cx22-pool-small-static-worker1 kernel: [    1.979709] registered taskstats version 1
Aug  1 19:18:21 test-cx22-pool-small-static-worker1 kernel: [    1.981496] Loading compiled-in X.509 certificates
Aug  1 19:18:21 test-cx22-pool-small-static-worker1 kernel: [    1.984574] Loaded X.509 cert 'Build time autogenerated kernel key: 264a14896862d2befc86a06b1bbc23c22f2bdaaa'
Aug  1 19:18:21 test-cx22-pool-small-static-worker1 kernel: [    1.988706] Loaded X.509 cert 'Canonical Ltd. Live Patch Signing: 14df34d1a87cf37625abec039ef2bf521249b969'
Aug  1 19:18:21 test-cx22-pool-small-static-worker1 kernel: [    1.991671] Loaded X.509 cert 'Canonical Ltd. Kernel Module Signing: 88f752e560a1e0737e31163a466ad7b70a850c19'
Aug  1 19:18:21 test-cx22-pool-small-static-worker1 kernel: [    1.994075] blacklist: Loading compiled-in revocation X.509 certificates
Aug  1 19:18:21 test-cx22-pool-small-static-worker1 kernel: [    1.995774] Loaded X.509 cert 'Canonical Ltd. Secure Boot Signing: 61482aa2830d0ab2ad5af10b7250da9033ddcef0'
Aug  1 19:18:21 test-cx22-pool-small-static-worker1 kernel: [    1.998173] Loaded X.509 cert 'Canonical Ltd. Secure Boot Signing (2017): 242ade75ac4a15e50d50c84b0d45ff3eae707a03'
Aug  1 19:18:21 test-cx22-pool-small-static-worker1 kernel: [    2.000610] Loaded X.509 cert 'Canonical Ltd. Secure Boot Signing (ESM 2018): 365188c1d374d6b07c3c8f240f8ef722433d6a8b'
Aug  1 19:18:21 test-cx22-pool-small-static-worker1 kernel: [    2.003104] Loaded X.509 cert 'Canonical Ltd. Secure Boot Signing (2019): c0746fd6c5da3ae827864651ad66ae47fe24b3e8'
Aug  1 19:18:21 test-cx22-pool-small-static-worker1 kernel: [    2.005571] Loaded X.509 cert 'Canonical Ltd. Secure Boot Signing (2021 v1): a8d54bbb3825cfb94fa13c9f8a594a195c107b8d'
Aug  1 19:18:21 test-cx22-pool-small-static-worker1 kernel: [    2.008105] Loaded X.509 cert 'Canonical Ltd. Secure Boot Signing (2021 v2): 4cf046892d6fd3c9a5b03f98d845f90851dc6a8c'
Aug  1 19:18:21 test-cx22-pool-small-static-worker1 kernel: [    2.010675] Loaded X.509 cert 'Canonical Ltd. Secure Boot Signing (2021 v3): 100437bb6de6e469b581e61cd66bce3ef4ed53af'
Aug  1 19:18:21 test-cx22-pool-small-static-worker1 kernel: [    2.013223] Loaded X.509 cert 'Canonical Ltd. Secure Boot Signing (Ubuntu Core 2019): c1d57b8f6b743f23ee41f4f7ee292f06eecadfb9'
Aug  1 19:18:21 test-cx22-pool-small-static-worker1 kernel: [    2.016179] zswap: loaded using pool lzo/zbud
Aug  1 19:18:21 test-cx22-pool-small-static-worker1 kernel: [    2.017752] Key type .fscrypt registered
Aug  1 19:18:21 test-cx22-pool-small-static-worker1 kernel: [    2.018760] Key type fscrypt-provisioning registered
Aug  1 19:18:21 test-cx22-pool-small-static-worker1 kernel: [    2.025076] Key type encrypted registered
Aug  1 19:18:21 test-cx22-pool-small-static-worker1 kernel: [    2.026249] AppArmor: AppArmor sha1 policy hashing enabled
Aug  1 19:18:21 test-cx22-pool-small-static-worker1 kernel: [    2.027769] ima: No TPM chip found, activating TPM-bypass!
Aug  1 19:18:21 test-cx22-pool-small-static-worker1 kernel: [    2.029250] Loading compiled-in module X.509 certificates
Aug  1 19:18:21 test-cx22-pool-small-static-worker1 kernel: [    2.031312] Loaded X.509 cert 'Build time autogenerated kernel key: 264a14896862d2befc86a06b1bbc23c22f2bdaaa'
Aug  1 19:18:21 test-cx22-pool-small-static-worker1 kernel: [    2.033898] ima: Allocated hash algorithm: sha1
Aug  1 19:18:21 test-cx22-pool-small-static-worker1 kernel: [    2.035236] ima: No architecture policies found
Aug  1 19:18:21 test-cx22-pool-small-static-worker1 kernel: [    2.036485] evm: Initialising EVM extended attributes:
Aug  1 19:18:21 test-cx22-pool-small-static-worker1 kernel: [    2.037739] evm: security.selinux
Aug  1 19:18:21 test-cx22-pool-small-static-worker1 kernel: [    2.038641] evm: security.SMACK64
Aug  1 19:18:21 test-cx22-pool-small-static-worker1 kernel: [    2.039552] evm: security.SMACK64EXEC
Aug  1 19:18:21 test-cx22-pool-small-static-worker1 kernel: [    2.040496] evm: security.SMACK64TRANSMUTE
Aug  1 19:18:21 test-cx22-pool-small-static-worker1 kernel: [    2.041527] evm: security.SMACK64MMAP
Aug  1 19:18:21 test-cx22-pool-small-static-worker1 kernel: [    2.042504] evm: security.apparmor
Aug  1 19:18:21 test-cx22-pool-small-static-worker1 kernel: [    2.043434] evm: security.ima
Aug  1 19:18:21 test-cx22-pool-small-static-worker1 kernel: [    2.044241] evm: security.capability
Aug  1 19:18:21 test-cx22-pool-small-static-worker1 kernel: [    2.045183] evm: HMAC attrs: 0x1
Aug  1 19:18:21 test-cx22-pool-small-static-worker1 kernel: [    2.046537] PM:   Magic number: 4:374:343
Aug  1 19:18:21 test-cx22-pool-small-static-worker1 kernel: [    2.047648] tty tty60: hash matches
Aug  1 19:18:21 test-cx22-pool-small-static-worker1 kernel: [    2.049256] RAS: Correctable Errors collector initialized.
Aug  1 19:18:21 test-cx22-pool-small-static-worker1 kernel: [    2.053084] clk: Disabling unused clocks
Aug  1 19:18:21 test-cx22-pool-small-static-worker1 kernel: [    2.059931] Freeing unused decrypted memory: 2036K
Aug  1 19:18:21 test-cx22-pool-small-static-worker1 kernel: [    2.066248] Freeing unused kernel image (initmem) memory: 3368K
Aug  1 19:18:21 test-cx22-pool-small-static-worker1 kernel: [    2.069356] Write protecting the kernel read-only data: 30720k
Aug  1 19:18:21 test-cx22-pool-small-static-worker1 kernel: [    2.074617] Freeing unused kernel image (text/rodata gap) memory: 2036K
Aug  1 19:18:21 test-cx22-pool-small-static-worker1 kernel: [    2.077381] Freeing unused kernel image (rodata/data gap) memory: 1328K
Aug  1 19:18:21 test-cx22-pool-small-static-worker1 kernel: [    2.133874] x86/mm: Checked W+X mappings: passed, no W+X pages found.
Aug  1 19:18:21 test-cx22-pool-small-static-worker1 kernel: [    2.135482] x86/mm: Checking user space page tables
Aug  1 19:18:21 test-cx22-pool-small-static-worker1 kernel: [    2.204734] x86/mm: Checked W+X mappings: passed, no W+X pages found.
Aug  1 19:18:21 test-cx22-pool-small-static-worker1 kernel: [    2.206297] Run /init as init process
Aug  1 19:18:21 test-cx22-pool-small-static-worker1 kernel: [    2.207281]   with arguments:
Aug  1 19:18:21 test-cx22-pool-small-static-worker1 kernel: [    2.207284]     /init
Aug  1 19:18:21 test-cx22-pool-small-static-worker1 kernel: [    2.207287]   with environment:
Aug  1 19:18:21 test-cx22-pool-small-static-worker1 kernel: [    2.207289]     HOME=/
Aug  1 19:18:21 test-cx22-pool-small-static-worker1 kernel: [    2.207291]     TERM=linux
Aug  1 19:18:21 test-cx22-pool-small-static-worker1 kernel: [    2.207293]     BOOT_IMAGE=/boot/vmlinuz-5.15.0-116-generic
Aug  1 19:18:21 test-cx22-pool-small-static-worker1 kernel: [    2.434776] ahci 0000:00:1f.2: version 3.0
Aug  1 19:18:21 test-cx22-pool-small-static-worker1 kernel: [    2.435281] ACPI: \_SB_.GSIA: Enabled at IRQ 16
Aug  1 19:18:21 test-cx22-pool-small-static-worker1 kernel: [    2.437856] ahci 0000:00:1f.2: AHCI 0001.0000 32 slots 6 ports 1.5 Gbps 0x3f impl SATA mode
Aug  1 19:18:21 test-cx22-pool-small-static-worker1 kernel: [    2.440031] xhci_hcd 0000:02:00.0: xHCI Host Controller
Aug  1 19:18:21 test-cx22-pool-small-static-worker1 kernel: [    2.440033] ahci 0000:00:1f.2: flags: 64bit ncq only 
Aug  1 19:18:21 test-cx22-pool-small-static-worker1 kernel: [    2.444058] input: VirtualPS/2 VMware VMMouse as /devices/platform/i8042/serio1/input/input4
Aug  1 19:18:21 test-cx22-pool-small-static-worker1 kernel: [    2.446872] input: VirtualPS/2 VMware VMMouse as /devices/platform/i8042/serio1/input/input3
Aug  1 19:18:21 test-cx22-pool-small-static-worker1 kernel: [    2.450836] xhci_hcd 0000:02:00.0: new USB bus registered, assigned bus number 1
Aug  1 19:18:21 test-cx22-pool-small-static-worker1 kernel: [    2.456390] xhci_hcd 0000:02:00.0: hcc params 0x00087001 hci version 0x100 quirks 0x0000000000000010
Aug  1 19:18:21 test-cx22-pool-small-static-worker1 kernel: [    2.462480] scsi host0: Virtio SCSI HBA
Aug  1 19:18:21 test-cx22-pool-small-static-worker1 kernel: [    2.469277] scsi 0:0:0:0: Direct-Access     QEMU     QEMU HARDDISK    2.5+ PQ: 0 ANSI: 5
Aug  1 19:18:21 test-cx22-pool-small-static-worker1 kernel: [    2.480354] xhci_hcd 0000:02:00.0: xHCI Host Controller
Aug  1 19:18:21 test-cx22-pool-small-static-worker1 kernel: [    2.480411] scsi host1: ahci
Aug  1 19:18:21 test-cx22-pool-small-static-worker1 systemd[1]: Started Rule-based Manager for Device Events and Files.
Aug  1 19:18:21 test-cx22-pool-small-static-worker1 systemd[1]: Condition check resulted in Show Plymouth Boot Screen being skipped.
Aug  1 19:18:21 test-cx22-pool-small-static-worker1 systemd[1]: Started Dispatch Password Requests to Console Directory Watch.
Aug  1 19:18:21 test-cx22-pool-small-static-worker1 systemd[1]: Condition check resulted in Forward Password Requests to Plymouth Directory Watch being skipped.
Aug  1 19:18:21 test-cx22-pool-small-static-worker1 systemd[1]: Reached target Local Encrypted Volumes.
Aug  1 19:18:21 test-cx22-pool-small-static-worker1 systemd[1]: Starting Load Kernel Module efi_pstore...
Aug  1 19:18:21 test-cx22-pool-small-static-worker1 systemd[1]: Condition check resulted in OpenVSwitch configuration for cleanup being skipped.
Aug  1 19:18:21 test-cx22-pool-small-static-worker1 systemd[1]: Condition check resulted in Show Plymouth Boot Screen being skipped.
Aug  1 19:18:21 test-cx22-pool-small-static-worker1 systemd[1]: Condition check resulted in Forward Password Requests to Plymouth Directory Watch being skipped.
Aug  1 19:18:21 test-cx22-pool-small-static-worker1 systemd[1]: Condition check resulted in File System Check on Root Device being skipped.
Aug  1 19:18:21 test-cx22-pool-small-static-worker1 systemd[1]: modprobe@efi_pstore.service: Deactivated successfully.
Aug  1 19:18:21 test-cx22-pool-small-static-worker1 systemd[1]: Finished Load Kernel Module efi_pstore.
Aug  1 19:18:21 test-cx22-pool-small-static-worker1 systemd[1]: Condition check resulted in Platform Persistent Storage Archival being skipped.
Aug  1 19:18:21 test-cx22-pool-small-static-worker1 systemd-udevd[445]: Using default interface naming scheme 'v249'.
Aug  1 19:18:21 test-cx22-pool-small-static-worker1 systemd-udevd[448]: Using default interface naming scheme 'v249'.
Aug  1 19:18:21 test-cx22-pool-small-static-worker1 systemd[1]: Created slice Slice /system/hc-net-ifup.
Aug  1 19:18:21 test-cx22-pool-small-static-worker1 systemd[1]: Starting Load Kernel Module efi_pstore...
Aug  1 19:18:21 test-cx22-pool-small-static-worker1 systemd[1]: Condition check resulted in OpenVSwitch configuration for cleanup being skipped.
Aug  1 19:18:21 test-cx22-pool-small-static-worker1 systemd[1]: Condition check resulted in Show Plymouth Boot Screen being skipped.
Aug  1 19:18:21 test-cx22-pool-small-static-worker1 systemd[1]: Condition check resulted in Forward Password Requests to Plymouth Directory Watch being skipped.
Aug  1 19:18:21 test-cx22-pool-small-static-worker1 systemd[1]: Condition check resulted in File System Check on Root Device being skipped.
Aug  1 19:18:21 test-cx22-pool-small-static-worker1 systemd[1]: modprobe@efi_pstore.service: Deactivated successfully.
Aug  1 19:18:21 test-cx22-pool-small-static-worker1 systemd[1]: Finished Load Kernel Module efi_pstore.
Aug  1 19:18:21 test-cx22-pool-small-static-worker1 systemd[1]: Found device /dev/ttyS0.
Aug  1 19:18:21 test-cx22-pool-small-static-worker1 systemd[1]: Condition check resulted in Platform Persistent Storage Archival being skipped.
Aug  1 19:18:21 test-cx22-pool-small-static-worker1 systemd-udevd[454]: sda: Process '/usr/bin/unshare -m /usr/bin/snap auto-import --mount=/dev/sda' failed with exit code 1.
Aug  1 19:18:21 test-cx22-pool-small-static-worker1 systemd[1]: Listening on Load/Save RF Kill Switch Status /dev/rfkill Watch.
Aug  1 19:18:21 test-cx22-pool-small-static-worker1 systemd-udevd[459]: sr0: Process '/usr/bin/unshare -m /usr/bin/snap auto-import --mount=/dev/sr0' failed with exit code 1.
Aug  1 19:18:21 test-cx22-pool-small-static-worker1 systemd-udevd[460]: sda1: Process '/usr/bin/unshare -m /usr/bin/snap auto-import --mount=/dev/sda1' failed with exit code 1.
Aug  1 19:18:21 test-cx22-pool-small-static-worker1 systemd-udevd[454]: sda15: Process '/usr/bin/unshare -m /usr/bin/snap auto-import --mount=/dev/sda15' failed with exit code 1.
Aug  1 19:18:21 test-cx22-pool-small-static-worker1 systemd[1]: Found device QEMU_HARDDISK 15.
Aug  1 19:18:21 test-cx22-pool-small-static-worker1 systemd[1]: Starting File System Check on /dev/disk/by-uuid/88C6-A9EA...
Aug  1 19:18:21 test-cx22-pool-small-static-worker1 systemd[1]: Started File System Check Daemon to report status.
Aug  1 19:18:21 test-cx22-pool-small-static-worker1 systemd-udevd[448]: sda14: Process '/usr/bin/unshare -m /usr/bin/snap auto-import --mount=/dev/sda14' failed with exit code 1.
Aug  1 19:18:21 test-cx22-pool-small-static-worker1 systemd-fsck[567]: fsck.fat 4.2 (2021-01-31)
Aug  1 19:18:21 test-cx22-pool-small-static-worker1 systemd-fsck[567]: /dev/sda15: 3 files, 283/516174 clusters
Aug  1 19:18:21 test-cx22-pool-small-static-worker1 systemd[1]: Finished File System Check on /dev/disk/by-uuid/88C6-A9EA.
Aug  1 19:18:21 test-cx22-pool-small-static-worker1 systemd[1]: Mounting /boot/efi...
Aug  1 19:18:21 test-cx22-pool-small-static-worker1 systemd[1]: Mounted /boot/efi.
Aug  1 19:18:21 test-cx22-pool-small-static-worker1 systemd[1]: Reached target Local File Systems.
Aug  1 19:18:21 test-cx22-pool-small-static-worker1 systemd[1]: Starting Load AppArmor profiles...
Aug  1 19:18:21 test-cx22-pool-small-static-worker1 systemd[1]: Starting Set console font and keymap...
Aug  1 19:18:21 test-cx22-pool-small-static-worker1 systemd[1]: Starting Create final runtime dir for shutdown pivot root...
Aug  1 19:18:21 test-cx22-pool-small-static-worker1 systemd[1]: Starting Tell Plymouth To Write Out Runtime Data...
Aug  1 19:18:21 test-cx22-pool-small-static-worker1 systemd[1]: Starting Set Up Additional Binary Formats...
Aug  1 19:18:21 test-cx22-pool-small-static-worker1 systemd[1]: Condition check resulted in Store a System Token in an EFI Variable being skipped.
Aug  1 19:18:21 test-cx22-pool-small-static-worker1 systemd[1]: Starting Commit a transient machine-id on disk...
Aug  1 19:18:21 test-cx22-pool-small-static-worker1 systemd[1]: Starting Create Volatile Files and Directories...
Aug  1 19:18:21 test-cx22-pool-small-static-worker1 apparmor.systemd[575]: Restarting AppArmor
Aug  1 19:18:21 test-cx22-pool-small-static-worker1 apparmor.systemd[575]: Reloading AppArmor profiles
Aug  1 19:18:21 test-cx22-pool-small-static-worker1 systemd[1]: Starting Uncomplicated firewall...
Aug  1 19:18:21 test-cx22-pool-small-static-worker1 systemd[1]: Finished Set console font and keymap.
Aug  1 19:18:21 test-cx22-pool-small-static-worker1 systemd[1]: Finished Create final runtime dir for shutdown pivot root.
Aug  1 19:18:21 test-cx22-pool-small-static-worker1 systemd[1]: Finished Tell Plymouth To Write Out Runtime Data.
Aug  1 19:18:21 test-cx22-pool-small-static-worker1 systemd[1]: Finished Uncomplicated firewall.
Aug  1 19:18:21 test-cx22-pool-small-static-worker1 systemd[1]: etc-machine\x2did.mount: Deactivated successfully.
Aug  1 19:18:21 test-cx22-pool-small-static-worker1 systemd[1]: Finished Commit a transient machine-id on disk.
Aug  1 19:18:21 test-cx22-pool-small-static-worker1 systemd[1]: proc-sys-fs-binfmt_misc.automount: Got automount request for /proc/sys/fs/binfmt_misc, triggered by 582 (systemd-binfmt)
Aug  1 19:18:21 test-cx22-pool-small-static-worker1 systemd[1]: Mounting Arbitrary Executable File Formats File System...
Aug  1 19:18:21 test-cx22-pool-small-static-worker1 systemd[1]: Mounted Arbitrary Executable File Formats File System.
Aug  1 19:18:21 test-cx22-pool-small-static-worker1 systemd[1]: Finished Set Up Additional Binary Formats.
Aug  1 19:18:21 test-cx22-pool-small-static-worker1 systemd[1]: Finished Create Volatile Files and Directories.
Aug  1 19:18:21 test-cx22-pool-small-static-worker1 systemd[1]: Starting Network Time Synchronization...
Aug  1 19:18:21 test-cx22-pool-small-static-worker1 systemd[1]: Starting Record System Boot/Shutdown in UTMP...
Aug  1 19:18:21 test-cx22-pool-small-static-worker1 systemd[1]: Finished Record System Boot/Shutdown in UTMP.
Aug  1 19:18:21 test-cx22-pool-small-static-worker1 apparmor.systemd[603]: Skipping profile in /etc/apparmor.d/disable: usr.sbin.rsyslogd
Aug  1 19:18:21 test-cx22-pool-small-static-worker1 systemd[1]: Finished Load AppArmor profiles.
Aug  1 19:18:21 test-cx22-pool-small-static-worker1 systemd[1]: Starting Load AppArmor profiles managed internally by snapd...
Aug  1 19:18:21 test-cx22-pool-small-static-worker1 systemd[1]: Condition check resulted in Authentication service for virtual machines hosted on VMware being skipped.
Aug  1 19:18:21 test-cx22-pool-small-static-worker1 systemd[1]: Condition check resulted in Service for virtual machines hosted on VMware being skipped.
Aug  1 19:18:21 test-cx22-pool-small-static-worker1 systemd[1]: Starting Initial cloud-init job (pre-networking)...
Aug  1 19:18:21 test-cx22-pool-small-static-worker1 snapd-apparmor[604]: main.go:121: No profiles to load
Aug  1 19:18:21 test-cx22-pool-small-static-worker1 systemd[1]: Finished Load AppArmor profiles managed internally by snapd.
Aug  1 19:18:21 test-cx22-pool-small-static-worker1 systemd[1]: Started Network Time Synchronization.
Aug  1 19:18:21 test-cx22-pool-small-static-worker1 systemd[1]: Reached target System Time Set.
Aug  1 19:18:21 test-cx22-pool-small-static-worker1 cloud-init[616]: Cloud-init v. 24.1.3-0ubuntu1~22.04.5 running 'init-local' at Thu, 01 Aug 2024 19:18:14 +0000. Up 7.59 seconds.
Aug  1 19:18:21 test-cx22-pool-small-static-worker1 dhclient[619]: Internet Systems Consortium DHCP Client 4.4.1
Aug  1 19:18:21 test-cx22-pool-small-static-worker1 dhclient[619]: Copyright 2004-2018 Internet Systems Consortium.
Aug  1 19:18:21 test-cx22-pool-small-static-worker1 dhclient[619]: All rights reserved.
Aug  1 19:18:21 test-cx22-pool-small-static-worker1 dhclient[619]: For info, please visit https://www.isc.org/software/dhcp/
Aug  1 19:18:21 test-cx22-pool-small-static-worker1 dhclient[619]: 
Aug  1 19:18:21 test-cx22-pool-small-static-worker1 dhclient[623]: execve (/bin/true, ...): Permission denied
Aug  1 19:18:21 test-cx22-pool-small-static-worker1 dhclient[619]: Listening on LPF/enp1s0/96:00:03:95:ea:41
Aug  1 19:18:21 test-cx22-pool-small-static-worker1 dhclient[619]: Sending on   LPF/enp1s0/96:00:03:95:ea:41
Aug  1 19:18:21 test-cx22-pool-small-static-worker1 dhclient[619]: Sending on   Socket/fallback
Aug  1 19:18:21 test-cx22-pool-small-static-worker1 dhclient[619]: DHCPDISCOVER on enp1s0 to 255.255.255.255 port 67 interval 3 (xid=0x725e9b75)
Aug  1 19:18:21 test-cx22-pool-small-static-worker1 dhclient[619]: DHCPOFFER of 116.203.218.186 from 172.31.1.1
Aug  1 19:18:21 test-cx22-pool-small-static-worker1 dhclient[619]: DHCPREQUEST for 116.203.218.186 on enp1s0 to 255.255.255.255 port 67 (xid=0x759b5e72)
Aug  1 19:18:21 test-cx22-pool-small-static-worker1 dhclient[619]: DHCPACK of 116.203.218.186 from 172.31.1.1 (xid=0x725e9b75)
Aug  1 19:18:21 test-cx22-pool-small-static-worker1 dhclient[624]: execve (/bin/true, ...): Permission denied
Aug  1 19:18:21 test-cx22-pool-small-static-worker1 dhclient[619]: bound to 116.203.218.186 -- renewal in 39821 seconds.
Aug  1 19:18:21 test-cx22-pool-small-static-worker1 cloud-init[616]: 2024-08-01 19:18:15,012 - schema.py[WARNING]: Invalid network-config provided: Please run 'sudo cloud-init schema --system' to see the schema errors.
Aug  1 19:18:21 test-cx22-pool-small-static-worker1 systemd-udevd[460]: Using default interface naming scheme 'v249'.
Aug  1 19:18:21 test-cx22-pool-small-static-worker1 systemd[1]: Condition check resulted in OpenVSwitch configuration for cleanup being skipped.
Aug  1 19:18:21 test-cx22-pool-small-static-worker1 systemd[1]: message repeated 2 times: [ Condition check resulted in OpenVSwitch configuration for cleanup being skipped.]
Aug  1 19:18:21 test-cx22-pool-small-static-worker1 systemd[1]: Finished Initial cloud-init job (pre-networking).
Aug  1 19:18:21 test-cx22-pool-small-static-worker1 systemd[1]: Reached target Preparation for Network.
Aug  1 19:18:21 test-cx22-pool-small-static-worker1 systemd[1]: Starting Network Configuration...
Aug  1 19:18:21 test-cx22-pool-small-static-worker1 systemd-networkd[652]: lo: Link UP
Aug  1 19:18:21 test-cx22-pool-small-static-worker1 systemd-networkd[652]: lo: Gained carrier
Aug  1 19:18:21 test-cx22-pool-small-static-worker1 systemd-networkd[652]: Enumeration completed
Aug  1 19:18:21 test-cx22-pool-small-static-worker1 systemd-networkd[652]: eth0: Link UP
Aug  1 19:18:21 test-cx22-pool-small-static-worker1 systemd-networkd[652]: eth0: Gained carrier
Aug  1 19:18:21 test-cx22-pool-small-static-worker1 kernel: [    2.482005] xhci_hcd 0000:02:00.0: new USB bus registered, assigned bus number 2
Aug  1 19:18:21 test-cx22-pool-small-static-worker1 kernel: [    2.486271] cryptd: max_cpu_qlen set to 1000
Aug  1 19:18:21 test-cx22-pool-small-static-worker1 kernel: [    2.486606] xhci_hcd 0000:02:00.0: Host supports USB 3.0 SuperSpeed
Aug  1 19:18:21 test-cx22-pool-small-static-worker1 kernel: [    2.514096] sd 0:0:0:0: Attached scsi generic sg0 type 0
Aug  1 19:18:21 test-cx22-pool-small-static-worker1 kernel: [    2.514174] sd 0:0:0:0: Power-on or device reset occurred
Aug  1 19:18:21 test-cx22-pool-small-static-worker1 kernel: [    2.517786] scsi host2: ahci
Aug  1 19:18:21 test-cx22-pool-small-static-worker1 kernel: [    2.518027] sd 0:0:0:0: [sda] 80003072 512-byte logical blocks: (41.0 GB/38.1 GiB)
Aug  1 19:18:21 test-cx22-pool-small-static-worker1 kernel: [    2.521452] sd 0:0:0:0: [sda] Write Protect is off
Aug  1 19:18:21 test-cx22-pool-small-static-worker1 kernel: [    2.523028] sd 0:0:0:0: [sda] Mode Sense: 63 00 00 08
Aug  1 19:18:21 test-cx22-pool-small-static-worker1 kernel: [    2.524439] sd 0:0:0:0: [sda] Write cache: enabled, read cache: enabled, doesn't support DPO or FUA
Aug  1 19:18:21 test-cx22-pool-small-static-worker1 kernel: [    2.535818] GPT:Primary header thinks Alt. header is not at the end of the disk.
Aug  1 19:18:21 test-cx22-pool-small-static-worker1 kernel: [    2.538519] GPT:9215999 != 80003071
